[    0.000000] Initializing cgroup subsys cpuset
[    0.000000] Initializing cgroup subsys cpu
[    0.000000] Initializing cgroup subsys cpuacct
[    0.000000] Linux version 4.4.0-210-generic (buildd@lgw01-amd64-009) (gcc version 5.4.0 20160609 (Ubuntu 5.4.0-6ubuntu1~16.04.12) ) #242-Ubuntu SMP Fri Apr 16 09:57:56 UTC 2021 (Ubuntu 4.4.0-210.242-generic 4.4.262)
[    0.000000] Command line: BOOT_IMAGE=/boot/vmlinuz-4.4.0-210-generic root=LABEL=cloudimg-rootfs ro console=tty1 console=ttyS0
[    0.000000] KERNEL supported cpus:
[    0.000000]   Intel GenuineIntel
[    0.000000]   AMD AuthenticAMD
[    0.000000]   Centaur CentaurHauls
[    0.000000] [Firmware Bug]: TSC doesn't count with P0 frequency!
[    0.000000] x86/fpu: xstate_offset[2]:  576, xstate_sizes[2]:  256
[    0.000000] x86/fpu: Supporting XSAVE feature 0x01: 'x87 floating point registers'
[    0.000000] x86/fpu: Supporting XSAVE feature 0x02: 'SSE registers'
[    0.000000] x86/fpu: Supporting XSAVE feature 0x04: 'AVX registers'
[    0.000000] x86/fpu: Enabled xstate features 0x7, context size is 832 bytes, using 'standard' format.
[    0.000000] e820: BIOS-provided physical RAM map:
[    0.000000] BIOS-e820: [mem 0x0000000000000000-0x000000000009fbff] usable
[    0.000000] BIOS-e820: [mem 0x000000000009fc00-0x000000000009ffff] reserved
[    0.000000] BIOS-e820: [mem 0x00000000000f0000-0x00000000000fffff] reserved
[    0.000000] BIOS-e820: [mem 0x0000000000100000-0x00000000bffeffff] usable
[    0.000000] BIOS-e820: [mem 0x00000000bfff0000-0x00000000bfffffff] ACPI data
[    0.000000] BIOS-e820: [mem 0x00000000fec00000-0x00000000fec00fff] reserved
[    0.000000] BIOS-e820: [mem 0x00000000fee00000-0x00000000fee00fff] reserved
[    0.000000] BIOS-e820: [mem 0x00000000fffc0000-0x00000000ffffffff] reserved
[    0.000000] NX (Execute Disable) protection: active
[    0.000000] SMBIOS 2.5 present.
[    0.000000] Hypervisor detected: KVM
[    0.000000] Kernel/User page tables isolation: disabled
[    0.000000] e820: last_pfn = 0xbfff0 max_arch_pfn = 0x400000000
[    0.000000] MTRR: Disabled
[    0.000000] x86/PAT: MTRRs disabled, skipping PAT initialization too.
[    0.000000] CPU MTRRs all blank - virtualized system.
[    0.000000] x86/PAT: Configuration [0-7]: WB  WT  UC- UC  WB  WT  UC- UC  
[    0.000000] found SMP MP-table at [mem 0x0009fff0-0x0009ffff] mapped at [ffff88000009fff0]
[    0.000000] Scanning 1 areas for low memory corruption
[    0.000000] RAMDISK: [mem 0x362dc000-0x37165fff]
[    0.000000] ACPI: Early table checksum verification disabled
[    0.000000] ACPI: RSDP 0x00000000000E0000 000024 (v02 VBOX  )
[    0.000000] ACPI: XSDT 0x00000000BFFF0030 00003C (v01 VBOX   VBOXXSDT 00000001 ASL  00000061)
[    0.000000] ACPI: FACP 0x00000000BFFF00F0 0000F4 (v04 VBOX   VBOXFACP 00000001 ASL  00000061)
[    0.000000] ACPI: DSDT 0x00000000BFFF0470 002325 (v02 VBOX   VBOXBIOS 00000002 INTL 20200925)
[    0.000000] ACPI: FACS 0x00000000BFFF0200 000040
[    0.000000] ACPI: FACS 0x00000000BFFF0200 000040
[    0.000000] ACPI: APIC 0x00000000BFFF0240 00005C (v02 VBOX   VBOXAPIC 00000001 ASL  00000061)
[    0.000000] ACPI: SSDT 0x00000000BFFF02A0 0001CC (v01 VBOX   VBOXCPUT 00000002 INTL 20200925)
[    0.000000] No NUMA configuration found
[    0.000000] Faking a node at [mem 0x0000000000000000-0x00000000bffeffff]
[    0.000000] NODE_DATA(0) allocated [mem 0xbffeb000-0xbffeffff]
[    0.000000] kvm-clock: Using msrs 4b564d01 and 4b564d00
[    0.000000] kvm-clock: cpu 0, msr 0:bffe3001, primary cpu clock
[    0.000000] kvm-clock: using sched offset of 3038692292 cycles
[    0.000000] clocksource: kvm-clock: mask: 0xffffffffffffffff max_cycles: 0x1cd42e4dffb, max_idle_ns: 881590591483 ns
[    0.000000] Zone ranges:
[    0.000000]   DMA      [mem 0x0000000000001000-0x0000000000ffffff]
[    0.000000]   DMA32    [mem 0x0000000001000000-0x00000000bffeffff]
[    0.000000]   Normal   empty
[    0.000000]   Device   empty
[    0.000000] Movable zone start for each node
[    0.000000] Early memory node ranges
[    0.000000]   node   0: [mem 0x0000000000001000-0x000000000009efff]
[    0.000000]   node   0: [mem 0x0000000000100000-0x00000000bffeffff]
[    0.000000] Initmem setup node 0 [mem 0x0000000000001000-0x00000000bffeffff]
[    0.000000] ACPI: PM-Timer IO Port: 0x4008
[    0.000000] IOAPIC[0]: apic_id 2, version 32, address 0xfec00000, GSI 0-23
[    0.000000] ACPI: INT_SRC_OVR (bus 0 bus_irq 0 global_irq 2 dfl dfl)
[    0.000000] ACPI: INT_SRC_OVR (bus 0 bus_irq 9 global_irq 9 low level)
[    0.000000] Using ACPI (MADT) for SMP configuration information
[    0.000000] smpboot: Allowing 2 CPUs, 0 hotplug CPUs
[    0.000000] PM: Registered nosave memory: [mem 0x00000000-0x00000fff]
[    0.000000] PM: Registered nosave memory: [mem 0x0009f000-0x0009ffff]
[    0.000000] PM: Registered nosave memory: [mem 0x000a0000-0x000effff]
[    0.000000] PM: Registered nosave memory: [mem 0x000f0000-0x000fffff]
[    0.000000] e820: [mem 0xc0000000-0xfebfffff] available for PCI devices
[    0.000000] Booting paravirtualized kernel on KVM
[    0.000000] clocksource: refined-jiffies: mask: 0xffffffff max_cycles: 0xffffffff, max_idle_ns: 7645519600211568 ns
[    0.000000] setup_percpu: NR_CPUS:512 nr_cpumask_bits:512 nr_cpu_ids:2 nr_node_ids:1
[    0.000000] PERCPU: Embedded 33 pages/cpu @ffff8800bfa00000 s95192 r8192 d31784 u1048576
[    0.000000] Built 1 zonelists in Node order, mobility grouping on.  Total pages: 774008
[    0.000000] Policy zone: DMA32
[    0.000000] Kernel command line: BOOT_IMAGE=/boot/vmlinuz-4.4.0-210-generic root=LABEL=cloudimg-rootfs ro console=tty1 console=ttyS0
[    0.000000] PID hash table entries: 4096 (order: 3, 32768 bytes)
[    0.000000] Memory: 3062180K/3145272K available (8644K kernel code, 1332K rwdata, 4044K rodata, 1492K init, 1164K bss, 83092K reserved, 0K cma-reserved)
[    0.000000] SLUB: HWalign=64, Order=0-3, MinObjects=0, CPUs=2, Nodes=1
[    0.000000] Hierarchical RCU implementation.
[    0.000000] 	Build-time adjustment of leaf fanout to 64.
[    0.000000] 	RCU restricting CPUs from NR_CPUS=512 to nr_cpu_ids=2.
[    0.000000] RCU: Adjusting geometry for rcu_fanout_leaf=64, nr_cpu_ids=2
[    0.000000] NR_IRQS:33024 nr_irqs:440 16
[    0.000000] Console: colour VGA+ 80x25
[    0.000000] console [tty1] enabled
[    0.000000] console [ttyS0] enabled
[    0.000000] tsc: Detected 2370.546 MHz processor
[    0.329235] Calibrating delay loop (skipped) preset value.. 4741.09 BogoMIPS (lpj=9482184)
[    0.330785] pid_max: default: 32768 minimum: 301
[    0.331557] ACPI: Core revision 20150930
[    0.333262] ACPI: 2 ACPI AML tables successfully acquired and loaded
[    0.334332] Security Framework initialized
[    0.335009] Yama: becoming mindful.
[    0.335676] AppArmor: AppArmor initialized
[    0.337423] Dentry cache hash table entries: 524288 (order: 10, 4194304 bytes)
[    0.340698] Inode-cache hash table entries: 262144 (order: 9, 2097152 bytes)
[    0.342155] Mount-cache hash table entries: 8192 (order: 4, 65536 bytes)
[    0.343132] Mountpoint-cache hash table entries: 8192 (order: 4, 65536 bytes)
[    0.344436] Initializing cgroup subsys io
[    0.345171] Initializing cgroup subsys memory
[    0.345945] Initializing cgroup subsys devices
[    0.346700] Initializing cgroup subsys freezer
[    0.347463] Initializing cgroup subsys net_cls
[    0.348190] Initializing cgroup subsys perf_event
[    0.348963] Initializing cgroup subsys net_prio
[    0.349882] Initializing cgroup subsys hugetlb
[    0.350693] Initializing cgroup subsys pids
[    0.360675] mce: CPU supports 0 MCE banks
[    0.361476] Last level iTLB entries: 4KB 1024, 2MB 1024, 4MB 512
[    0.362383] Last level dTLB entries: 4KB 2048, 2MB 2048, 4MB 1024, 1GB 0
[    0.363514] Spectre V1 : Mitigation: usercopy/swapgs barriers and __user pointer sanitization
[    0.365213] Spectre V2 : Spectre mitigation: LFENCE not serializing, switching to generic retpoline
[    0.373865] Spectre V2 : Mitigation: Full generic retpoline
[    0.374898] Spectre V2 : Spectre v2 / SpectreRSB mitigation: Filling RSB on context switch
[    0.378622] Freeing SMP alternatives memory: 36K
[    0.384587] ftrace: allocating 32380 entries in 127 pages
[    0.446102] smpboot: APIC(0) Converting physical 0 to logical package 0
[    0.447535] smpboot: Max logical packages: 1
[    0.449013] x2apic enabled
[    0.449850] Switched APIC routing to physical x2apic.
[    0.451650] ..TIMER: vector=0x30 apic1=0 pin1=2 apic2=-1 pin2=-1
[    0.560837] smpboot: CPU0: AMD Ryzen 5 4500U with Radeon Graphics (family: 0x17, model: 0x60, stepping: 0x1)
[    0.562832] Performance Events: Broken PMU hardware detected, using software events only.
[    0.564472] Failed to access perfctr msr (MSR c0010007 is 0)
[    0.571157] KVM setup paravirtual spinlock
[    0.574052] x86: Booting SMP configuration:
[    0.574894] .... node  #0, CPUs:      #1
[    0.576434] kvm-clock: cpu 1, msr 0:bffe3041, secondary cpu clock
[    0.591987] mce: CPU supports 0 MCE banks
[    0.594538] x86: Booted up 1 node, 2 CPUs
[    0.595362] smpboot: Total of 2 processors activated (9482.18 BogoMIPS)
[    0.596775] devtmpfs: initialized
[    0.599384] evm: security.selinux
[    0.599984] evm: security.SMACK64
[    0.600567] evm: security.SMACK64EXEC
[    0.601375] evm: security.SMACK64TRANSMUTE
[    0.602117] evm: security.SMACK64MMAP
[    0.602784] evm: security.ima
[    0.603374] evm: security.capability
[    0.604222] clocksource: jiffies: mask: 0xffffffff max_cycles: 0xffffffff, max_idle_ns: 7645041785100000 ns
[    0.605827] futex hash table entries: 512 (order: 3, 32768 bytes)
[    0.606966] pinctrl core: initialized pinctrl subsystem
[    0.607889] RTC time: 22:11:18, date: 11/18/23
[    0.609019] NET: Registered protocol family 16
[    0.617964] cpuidle: using governor ladder
[    0.632172] cpuidle: using governor menu
[    0.632991] PCCT header not found.
[    0.633953] ACPI: bus type PCI registered
[    0.634679] acpiphp: ACPI Hot Plug PCI Controller Driver version: 0.5
[    0.635902] PCI: Using configuration type 1 for base access
[    0.636993] PCI: Using configuration type 1 for extended access
[    0.650732] ACPI: Added _OSI(Module Device)
[    0.652023] ACPI: Added _OSI(Processor Device)
[    0.653316] ACPI: Added _OSI(3.0 _SCP Extensions)
[    0.654515] ACPI: Added _OSI(Processor Aggregator Device)
[    0.656113] ACPI: Executed 1 blocks of module-level executable AML code
[    0.659114] ACPI: Interpreter enabled
[    0.659827] ACPI: (supports S0 S5)
[    0.660491] ACPI: Using IOAPIC for interrupt routing
[    0.661515] PCI: Using host bridge windows from ACPI; if necessary, use "pci=nocrs" and report a bug
[    0.665579] ACPI: PCI Root Bridge [PCI0] (domain 0000 [bus 00-ff])
[    0.666566] acpi PNP0A03:00: _OSC: OS supports [ExtendedConfig ASPM ClockPM Segments MSI]
[    0.668494] acpi PNP0A03:00: _OSC: platform does not support [PCIeCapability]
[    0.669872] acpi PNP0A03:00: _OSC: not requesting control; platform does not support [PCIeCapability]
[    0.671401] acpi PNP0A03:00: _OSC: OS requested [PCIeHotplug PME AER PCIeCapability]
[    0.672779] acpi PNP0A03:00: _OSC: platform willing to grant [PCIeHotplug PME AER]
[    0.674149] acpi PNP0A03:00: _OSC failed (AE_SUPPORT); disabling ASPM
[    0.675453] PCI host bridge to bus 0000:00
[    0.676196] pci_bus 0000:00: root bus resource [io  0x0000-0x0cf7 window]
[    0.677288] pci_bus 0000:00: root bus resource [io  0x0d00-0xffff window]
[    0.686081] pci_bus 0000:00: root bus resource [mem 0x000a0000-0x000bffff window]
[    0.687451] pci_bus 0000:00: root bus resource [mem 0xc0000000-0xfdffffff window]
[    0.689269] pci_bus 0000:00: root bus resource [bus 00-ff]
[    0.691285] pci 0000:00:01.1: legacy IDE quirk: reg 0x10: [io  0x01f0-0x01f7]
[    0.692423] pci 0000:00:01.1: legacy IDE quirk: reg 0x14: [io  0x03f6]
[    0.693671] pci 0000:00:01.1: legacy IDE quirk: reg 0x18: [io  0x0170-0x0177]
[    0.694898] pci 0000:00:01.1: legacy IDE quirk: reg 0x1c: [io  0x0376]
[    0.739341] pci 0000:00:07.0: quirk: [io  0x4000-0x403f] claimed by PIIX4 ACPI
[    0.741084] pci 0000:00:07.0: quirk: [io  0x4100-0x410f] claimed by PIIX4 SMB
[    0.773414] ACPI: PCI Interrupt Link [LNKA] (IRQs 5 9 10 *11)
[    0.775248] ACPI: PCI Interrupt Link [LNKB] (IRQs 5 9 *10 11)
[    0.777180] ACPI: PCI Interrupt Link [LNKC] (IRQs 5 *9 10 11)
[    0.778766] ACPI: PCI Interrupt Link [LNKD] (IRQs 5 9 10 *11)
[    0.780347] ACPI: Enabled 2 GPEs in block 00 to 07
[    0.781470] vgaarb: setting as boot device: PCI:0000:00:02.0
[    0.782460] vgaarb: device added: PCI:0000:00:02.0,decodes=io+mem,owns=io+mem,locks=none
[    0.783911] vgaarb: loaded
[    0.784479] vgaarb: bridge control possible 0000:00:02.0
[    0.788727] SCSI subsystem initialized
[    0.792313] ACPI: bus type USB registered
[    0.793271] usbcore: registered new interface driver usbfs
[    0.794731] usbcore: registered new interface driver hub
[    0.795953] usbcore: registered new device driver usb
[    0.797645] PCI: Using ACPI for IRQ routing
[    0.798951] NetLabel: Initializing
[    0.799901] NetLabel:  domain hash size = 128
[    0.801190] NetLabel:  protocols = UNLABELED CIPSOv4
[    0.802415] NetLabel:  unlabeled traffic allowed by default
[    0.804177] amd_nb: Cannot enumerate AMD northbridges
[    0.805349] clocksource: Switched to clocksource kvm-clock
[    0.814092] AppArmor: AppArmor Filesystem Enabled
[    0.815247] pnp: PnP ACPI init
[    0.816358] pnp: PnP ACPI: found 3 devices
[    0.828240] clocksource: acpi_pm: mask: 0xffffff max_cycles: 0xffffff, max_idle_ns: 2085701024 ns
[    0.830792] NET: Registered protocol family 2
[    0.832028] TCP established hash table entries: 32768 (order: 6, 262144 bytes)
[    0.833968] TCP bind hash table entries: 32768 (order: 7, 524288 bytes)
[    0.835317] TCP: Hash tables configured (established 32768 bind 32768)
[    0.836487] UDP hash table entries: 2048 (order: 4, 65536 bytes)
[    0.837563] UDP-Lite hash table entries: 2048 (order: 4, 65536 bytes)
[    0.838704] NET: Registered protocol family 1
[    0.839602] pci 0000:00:00.0: Limiting direct PCI/PCI transfers
[    0.840688] pci 0000:00:01.0: Activating ISA DMA hang workarounds
[    0.841869] Unpacking initramfs...
[    1.091853] Freeing initrd memory: 14888K
[    1.092885] clocksource: tsc: mask: 0xffffffffffffffff max_cycles: 0x222b87224d9, max_idle_ns: 440795207169 ns
[    1.094493] platform rtc_cmos: registered platform RTC device (no PNP device found)
[    1.095870] Scanning for low memory corruption every 60 seconds
[    1.097132] audit: initializing netlink subsys (disabled)
[    1.097975] audit: type=2000 audit(1700345483.315:1): initialized
[    1.099166] Initialise system trusted keyring
[    1.100091] HugeTLB registered 2 MB page size, pre-allocated 0 pages
[    1.102712] zbud: loaded
[    1.105028] VFS: Disk quotas dquot_6.6.0
[    1.107313] VFS: Dquot-cache hash table entries: 512 (order 0, 4096 bytes)
[    1.110104] squashfs: version 4.0 (2009/01/31) Phillip Lougher
[    1.114156] fuse init (API version 7.23)
[    1.116276] Key type big_key registered
[    1.117767] Allocating IMA MOK and blacklist keyrings.
[    1.123889] Key type asymmetric registered
[    1.124878] Asymmetric key parser 'x509' registered
[    1.131168] Block layer SCSI generic (bsg) driver version 0.4 loaded (major 249)
[    1.135875] io scheduler noop registered
[    1.140368] io scheduler deadline registered (default)
[    1.142753] io scheduler cfq registered
[    1.145151] pci_hotplug: PCI Hot Plug PCI Core version: 0.5
[    1.147573] pciehp: PCI Express Hot Plug Controller Driver version: 0.4
[    1.150147] ACPI: AC Adapter [AC] (on-line)
[    1.153347] input: Power Button as /devices/LNXSYSTM:00/LNXPWRBN:00/input/input0
[    1.156556] ACPI: Power Button [PWRF]
[    1.158086] input: Sleep Button as /devices/LNXSYSTM:00/LNXSLPBN:00/input/input1
[    1.160820] ACPI: Sleep Button [SLPF]
[    1.162668] GHES: HEST is not enabled!
[    1.163985] ACPI: Battery Slot [BAT0] (battery present)
[    1.167489] Serial: 8250/16550 driver, 32 ports, IRQ sharing enabled
[    1.190938] 00:02: ttyS0 at I/O 0x3f8 (irq = 4, base_baud = 115200) is a 16550A
[    1.198401] Linux agpgart interface v0.103
[    1.207424] loop: module loaded
[    1.209763] scsi host0: ata_piix
[    1.211714] scsi host1: ata_piix
[    1.212523] ata1: PATA max UDMA/33 cmd 0x1f0 ctl 0x3f6 bmdma 0xd000 irq 14
[    1.214317] ata2: PATA max UDMA/33 cmd 0x170 ctl 0x376 bmdma 0xd008 irq 15
[    1.216461] libphy: Fixed MDIO Bus: probed
[    1.217728] tun: Universal TUN/TAP device driver, 1.6
[    1.219240] tun: (C) 1999-2004 Max Krasnyansky <maxk@qualcomm.com>
[    1.221028] PPP generic driver version 2.4.2
[    1.222164] ehci_hcd: USB 2.0 'Enhanced' Host Controller (EHCI) Driver
[    1.223170] ehci-pci: EHCI PCI platform driver
[    1.224098] ehci-platform: EHCI generic platform driver
[    1.225108] ohci_hcd: USB 1.1 'Open' Host Controller (OHCI) Driver
[    1.226101] ohci-pci: OHCI PCI platform driver
[    1.226814] ohci-platform: OHCI generic platform driver
[    1.227641] uhci_hcd: USB Universal Host Controller Interface driver
[    1.228717] i8042: PNP: PS/2 Controller [PNP0303:PS2K,PNP0f03:PS2M] at 0x60,0x64 irq 1,12
[    1.230467] serio: i8042 KBD port at 0x60,0x64 irq 1
[    1.231506] serio: i8042 AUX port at 0x60,0x64 irq 12
[    1.233466] mousedev: PS/2 mouse device common for all mice
[    1.237118] rtc_cmos rtc_cmos: rtc core: registered rtc_cmos as rtc0
[    1.240624] input: AT Translated Set 2 keyboard as /devices/platform/i8042/serio0/input/input2
[    1.241631] rtc_cmos rtc_cmos: alarms up to one day, 114 bytes nvram
[    1.241693] i2c /dev entries driver
[    1.241828] device-mapper: uevent: version 1.0.3
[    1.241903] device-mapper: ioctl: 4.34.0-ioctl (2015-10-28) initialised: dm-devel@redhat.com
[    1.241927] ledtrig-cpu: registered to indicate activity on CPUs
[    1.242231] NET: Registered protocol family 10
[    1.242654] NET: Registered protocol family 17
[    1.242690] Key type dns_resolver registered
[    1.243085] registered taskstats version 1
[    1.243097] Loading compiled-in X.509 certificates
[    1.243820] Loaded X.509 cert 'Build time autogenerated kernel key: cf00e047681d67edb2720680708b7d9498083038'
[    1.243839] zswap: loaded using pool lzo/zbud
[    1.247525] Key type trusted registered
[    1.250321] Key type encrypted registered
[    1.250331] AppArmor: AppArmor sha1 policy hashing enabled
[    1.250334] ima: No TPM chip found, activating TPM-bypass!
[    1.250353] ima: Allocated hash algorithm: sha1
[    1.250367] evm: HMAC attrs: 0x1
[    1.250618]   Magic number: 15:335:199
[    1.251624] rtc_cmos rtc_cmos: setting system clock to 2023-11-18 22:11:19 UTC (1700345479)
[    1.251699] BIOS EDD facility v0.16 2004-Jun-25, 0 devices found
[    1.251699] EDD information not available.
[    1.816309] Freeing unused kernel memory: 1492K
[    1.957561] Write protecting the kernel read-only data: 14336k
[    1.959042] Freeing unused kernel memory: 1584K
[    1.960007] Freeing unused kernel memory: 52K
Loading, please wait...
starting version 229
[    1.970506] random: systemd-udevd: uninitialized urandom read (16 bytes read, 3 bits of entropy available)
[    1.971077] random: udevadm: uninitialized urandom read (16 bytes read, 3 bits of entropy available)
[    1.971105] random: udevadm: uninitialized urandom read (16 bytes read, 3 bits of entropy available)
[    1.975546] random: systemd-udevd: uninitialized urandom read (16 bytes read, 3 bits of entropy available)
[    1.977039] random: systemd-udevd: uninitialized urandom read (16 bytes read, 3 bits of entropy available)
[    1.978701] random: udevadm: uninitialized urandom read (16 bytes read, 3 bits of entropy available)
[    1.978704] random: systemd-udevd: uninitialized urandom read (16 bytes read, 3 bits of entropy available)
[    1.979376] random: systemd-udevd: uninitialized urandom read (16 bytes read, 3 bits of entropy available)
[    1.979402] random: systemd-udevd: uninitialized urandom read (16 bytes read, 3 bits of entropy available)
[    1.979412] random: systemd-udevd: uninitialized urandom read (16 bytes read, 3 bits of entropy available)
[    2.015986] e1000: Intel(R) PRO/1000 Network Driver - version 7.3.21-k8-NAPI
[    2.017278] e1000: Copyright (c) 1999-2006 Intel Corporation.
[    2.018618] Fusion MPT base driver 3.04.20
[    2.019303] Copyright (c) 1999-2008 LSI Corporation
[    2.023533] Fusion MPT SPI Host driver 3.04.20
[    2.039846] AVX2 version of gcm_enc/dec engaged.
[    2.040911] AES CTR mode by8 optimization enabled
[    2.244414] input: ImExPS/2 Generic Explorer Mouse as /devices/platform/i8042/serio1/input/input4
[    2.339768] e1000 0000:00:03.0 eth0: (PCI:33MHz:32-bit) 02:be:82:6b:cc:1d
[    2.341837] e1000 0000:00:03.0 eth0: Intel(R) PRO/1000 Network Connection
[    3.160226] e1000 0000:00:08.0 eth1: (PCI:33MHz:32-bit) 08:00:27:f8:86:a6
[    3.161624] e1000 0000:00:08.0 eth1: Intel(R) PRO/1000 Network Connection
[    3.164177] e1000 0000:00:03.0 enp0s3: renamed from eth0
[    3.165601] mptbase: ioc0: Initiating bringup
[    3.173621] e1000 0000:00:08.0 enp0s8: renamed from eth1
[    3.237566] ioc0: LSI53C1030 A0: Capabilities={Initiator}
[    3.398798] scsi host2: ioc0: LSI53C1030 A0, FwRev=00000000h, Ports=1, MaxQ=256, IRQ=20
[    3.519441] scsi 2:0:0:0: Direct-Access     VBOX     HARDDISK         1.0  PQ: 0 ANSI: 5
[    3.521060] scsi target2:0:0: Beginning Domain Validation
[    3.522846] scsi target2:0:0: Domain Validation skipping write tests
[    3.524536] scsi target2:0:0: Ending Domain Validation
[    3.525587] scsi target2:0:0: asynchronous
[    3.526818] scsi 2:0:1:0: Direct-Access     VBOX     HARDDISK         1.0  PQ: 0 ANSI: 5
[    3.528385] scsi target2:0:1: Beginning Domain Validation
[    3.530117] scsi target2:0:1: Domain Validation skipping write tests
[    3.531328] scsi target2:0:1: Ending Domain Validation
[    3.532391] scsi target2:0:1: asynchronous
[    3.547199] sd 2:0:0:0: [sda] 83886080 512-byte logical blocks: (42.9 GB/40.0 GiB)
[    3.549805] sd 2:0:0:0: Attached scsi generic sg0 type 0
[    3.552133] sd 2:0:1:0: [sdb] 20480 512-byte logical blocks: (10.5 MB/10.0 MiB)
[    3.554445] sd 2:0:0:0: [sda] Write Protect is off
[    3.554548] sd 2:0:1:0: Attached scsi generic sg1 type 0
[    3.554573] sd 2:0:1:0: [sdb] Write Protect is off
[    3.554633] sd 2:0:1:0: [sdb] Incomplete mode parameter data
[    3.554635] sd 2:0:1:0: [sdb] Assuming drive cache: write through
[    3.556876] sd 2:0:1:0: [sdb] Attached SCSI disk
[    3.565200] sd 2:0:0:0: [sda] Incomplete mode parameter data
[    3.566586] sd 2:0:0:0: [sda] Assuming drive cache: write through
[    3.569631]  sda: sda1
[    3.570757] sd 2:0:0:0: [sda] Attached SCSI disk
Begin: Loading essential drivers ... [    4.965523] md: linear personality registered for level -1
[    4.969053] md: multipath personality registered for level -4
[    4.972473] md: raid0 personality registered for level 0
[    4.977092] md: raid1 personality registered for level 1
[    5.049515] raid6: sse2x1   gen()  5653 MB/s
[    5.117499] raid6: sse2x1   xor()  5504 MB/s
[    5.188516] raid6: sse2x2   gen() 10116 MB/s
[    5.257510] raid6: sse2x2   xor()  7292 MB/s
[    5.325496] raid6: sse2x4   gen() 11787 MB/s
[    5.393392] raid6: sse2x4   xor()  4243 MB/s
[    5.461414] raid6: avx2x1   gen() 12720 MB/s
[    5.530012] raid6: avx2x2   gen()  9982 MB/s
[    5.597605] raid6: avx2x4   gen() 21083 MB/s
[    5.598731] raid6: using algorithm avx2x4 gen() 21083 MB/s
[    5.600028] raid6: using avx2x2 recovery algorithm
[    5.611719] xor: automatically using best checksumming function:
[    5.653397]    avx       : 10985.000 MB/sec
[    5.661568] async_tx: api initialized (async)
[    5.690040] md: raid6 personality registered for level 6
[    5.692908] md: raid5 personality registered for level 5
[    5.694392] md: raid4 personality registered for level 4
[    5.728029] md: raid10 personality registered for level 10
done.
Begin: Running /scripts/init-premount ... done.
Begin: Mounting root file system ... Begin: Running /scripts/local-top ... done.
Begin: Running /scripts/local-premount ... [    5.786626] Btrfs loaded
Scanning for Btrfs filesystems
done.
Warning: fsck not present, so skipping root file system
[    5.867281] EXT4-fs (sda1): mounted filesystem with ordered data mode. Opts: (null)
done.
Begin: Running /scripts/local-bottom ... done.
Begin: Running /scripts/init-bottom ... done.
[    6.115185] systemd[1]: systemd 229 running in system mode. (+PAM +AUDIT +SELINUX +IMA +APPARMOR +SMACK +SYSVINIT +UTMP +LIBCRYPTSETUP +GCRYPT +GNUTLS +ACL +XZ -LZ4 +SECCOMP +BLKID +ELFUTILS +KMOD -IDN)
[    6.123493] systemd[1]: Detected virtualization oracle.
[    6.124773] systemd[1]: Detected architecture x86-64.

Welcome to [1mUbuntu 16.04.7 LTS[0m!

[    6.133593] systemd[1]: Set hostname to <dev-env-e4l>.
[    6.480503] systemd[1]: Reached target System Time Synchronized.
[[0;32m  OK  [0m] Reached target System Time Synchronized.
[    6.489425] systemd[1]: Created slice User and Session Slice.
[[0;32m  OK  [0m] Created slice User and Session Slice.
[    6.492040] systemd[1]: Listening on LVM2 metadata daemon socket.
[[0;32m  OK  [0m] Listening on LVM2 metadata daemon socket.
[    6.494517] systemd[1]: Listening on LVM2 poll daemon socket.
[[0;32m  OK  [0m] Listening on LVM2 poll daemon socket.
[    6.496679] systemd[1]: Listening on udev Control Socket.
[[0;32m  OK  [0m] Listening on udev Control Socket.
[    6.500640] systemd[1]: Reached target User and Group Name Lookups.
[[0;32m  OK  [0m] Reached target User and Group Name Lookups.
[    6.503166] systemd[1]: Listening on Journal Socket.
[[0;32m  OK  [0m] Listening on Journal Socket.
[    6.505600] systemd[1]: Reached target Encrypted Volumes.
[[0;32m  OK  [0m] Reached target Encrypted Volumes.
[    6.517104] systemd[1]: Started Trigger resolvconf update for networkd DNS.
[[0;32m  OK  [0m] Started Trigger resolvconf update for networkd DNS.
[    6.532473] systemd[1]: Listening on udev Kernel Socket.
[[0;32m  OK  [0m] Listening on udev Kernel Socket.
[    6.536938] systemd[1]: Created slice System Slice.
[[0;32m  OK  [0m] Created slice System Slice.
[    6.539385] systemd[1]: Reached target Slices.
[[0;32m  OK  [0m] Reached target Slices.
[    6.553721] systemd[1]: Starting Nameserver information manager...
         Starting Nameserver information manager...
[    6.557325] systemd[1]: Starting Create list of required static device nodes for the current kernel...
         Starting Create list of required st... nodes for the current kernel...
[    6.562490] systemd[1]: Starting Set console keymap...
         Starting Set console keymap...
[    6.566456] systemd[1]: Mounting Debug File System...
         Mounting Debug File System...
[    6.571692] systemd[1]: Starting Uncomplicated firewall...
         Starting Uncomplicated firewall...
[    6.575636] systemd[1]: Mounting Huge Pages File System...
         Mounting Huge Pages File System...
[    6.581685] systemd[1]: Listening on Journal Audit Socket.
[[0;32m  OK  [0m] Listening on Journal Audit Socket.
[    6.584058] systemd[1]: Listening on fsck to fsckd communication Socket.
[[0;32m  OK  [0m] Listening on fsck to fsckd communication Socket.
[    6.594428] systemd[1]: Listening on Device-mapper event daemon FIFOs.
[[0;32m  OK  [0m] Listening on Device-mapper event daemon FIFOs.
[    6.606338] systemd[1]: Starting Monitoring of LVM2 mirrors, snapshots etc. using dmeventd or progress polling...
         Starting Monitoring of LVM2 mirrors... dmeventd or progress polling...
[    6.623408] systemd[1]: Starting Load Kernel Modules...
         Starting Load Kernel Modules...
[    6.626078] systemd[1]: Set up automount Arbitrary Executable File Formats File System Automount Point.
[[0;32m  OK  [0m] Set up automount Arbitrary Executab...ats File System Automount Point.
[    6.636860] systemd[1]: Created slice system-serial\x2dgetty.slice.
[[0;32m  OK  [0m] Created slice system-serial\x2dgetty.slice.
[    6.640956] systemd[1]: Listening on /dev/initctl Compatibility Named Pipe.
[    6.646741] Loading iSCSI transport class v2.0-870.
[[0;32m  OK  [0m] Listening on /dev/initctl Compatibility Named Pipe.
[    6.652192] systemd[1]: Listening on Syslog Socket.
[[0;32m  OK  [0m] Listening on Syslog Socket.
[    6.658773] systemd[1]: Started Forward Password Requests to Wall Directory Watch.
[[0;32m  OK  [0m] Started Forward Password Requests to Wall Directory Watch.
[    6.669936] iscsi: registered transport (tcp)
[    6.681647] systemd[1]: Mounting POSIX Message Queue File System...
         Mounting POSIX Message Queue File System...
[    6.690489] systemd[1]: Starting File System Check on Root Device...
         Starting File System Check on Root Device...
[    6.700169] systemd[1]: Listening on Journal Socket (/dev/log).
[[0;32m  OK  [0m] Listening on Journal Socket (/dev/log).
[    6.712866] systemd[1]: Starting Journal Service...
         Starting Journal Service...
[    6.718343] systemd[1]: Reached target Swap.
[[0;32m  OK  [0m] Reached target Swap.
[    6.729967] systemd[1]: Mounted Huge Pages File System.
[[0;32m  OK  [0m] Mounted Huge Pages File System.
[    6.736647] systemd[1]: Mounted POSIX Message Queue File System.
[[0;32m  OK  [0m] Mounted POSIX Message Queue File System.
[    6.740460] systemd[1]: Mounted Debug File System.
[    6.742087] random: nonblocking pool is initialized
[[0;32m  OK  [0m] Mounted Debug File System.
[    6.747177] systemd[1]: Started Create list of required static device nodes for the current kernel.
[[0;32m  OK  [0m] Started Create list of required sta...ce nodes for the current kernel.
[    6.765125] systemd[1]: Started Set console keymap.
[[0;32m  OK  [0m] Started Set console keymap.
[    6.770065] systemd[1]: Started Uncomplicated firewall.
[[0;32m  OK  [0m] Started Uncomplicated firewall.
[    6.773920] systemd[1]: Started Nameserver information manager.
[[0;32m  OK  [0m] Started Nameserver information manager.
[    6.780027] systemd[1]: Started File System Check on Root Device.
[[0;32m  OK  [0m] Started File System Check on Root Device.
[    6.795559] systemd[1]: Started File System Check Daemon to report status.
[[0;32m  OK  [0m] Started File System Check Daemon to report status.
[    6.803885] systemd[1]: Started LVM2 metadata daemon.
[[0;32m  OK  [0m] Started LVM2 metadata daemon.
[    6.810744] systemd[1]: Starting Remount Root and Kernel File Systems...
         Starting Remount Root and Kernel File Systems...
[    6.827476] EXT4-fs (sda1): re-mounted. Opts: (null)
[    6.827832] iscsi: registered transport (iser)
[    6.846079] systemd[1]: Starting Create Static Device Nodes in /dev...
         Starting Create Static Device Nodes in /dev...
[    6.854199] systemd[1]: Started Journal Service.
[[0;32m  OK  [0m] Started Journal Service.
[[0;32m  OK  [0m] Started Load Kernel Modules.
[[0;32m  OK  [0m] Started Remount Root and Kernel File Systems.
         Starting Load/Save Random Seed...
         Starting udev Coldplug all Devices...
         Mounting FUSE Control File System...
         Starting Apply Kernel Variables...
         Starting Flush Journal to Persistent Storage...
[[0;32m  OK  [0m] Mounted FUSE Control File System.
[[0;32m  OK  [0m] Started Load/Save Random Seed.
[    6.929488] systemd-journald[418]: Received request to flush runtime journal from PID 1
[[0;32m  OK  [0m] Started Create Static Device Nodes in /dev.
         Starting udev Kernel Device Manager...
[[0;32m  OK  [0m] Started Flush Journal to Persistent Storage.
[[0;32m  OK  [0m] Started udev Coldplug all Devices.
[[0;32m  OK  [0m] Started Apply Kernel Variables.
[[0;32m  OK  [0m] Started Monitoring of LVM2 mirrors,...ng dmeventd or progress polling.
[[0;32m  OK  [0m] Reached target Local File Systems (Pre).
[[0;32m  OK  [0m] Reached target Local File Systems.
         Starting Initial cloud-init job (pre-networking)...
         Starting Tell Plymouth To Write Out Runtime Data...
         Starting LSB: AppArmor initialization...
         Starting Set console font and keymap...
         Starting Create Volatile Files and Directories...
[[0;32m  OK  [0m] Started Tell Plymouth To Write Out Runtime Data.
[[0;32m  OK  [0m] Started udev Kernel Device Manager.
[[0;32m  OK  [0m] Started Dispatch Password Requests to Console Directory Watch.
[[0;32m  OK  [0m] Started Create Volatile Files and Directories.
         Starting Update UTMP about System Boot/Shutdown...
[[0;32m  OK  [0m] Started Update UTMP about System Boot/Shutdown.
[[0;32m  OK  [0m] Started LSB: AppArmor initialization.
         Starting Load AppArmor profiles managed internally by snapd...
[[0;32m  OK  [0m] Started Load AppArmor profiles managed internally by snapd.
[[0;32m  OK  [0m] Found device /dev/ttyS0.
[[0;32m  OK  [0m] Started Set console font and keymap.
[[0;32m  OK  [0m] Created slice system-getty.slice.
[[0;32m  OK  [0m] Listening on Load/Save RF Kill Switch Status /dev/rfkill Watch.
[[0;32m  OK  [0m] Found device 82540EM Gigabit Ethern...r (PRO/1000 MT Desktop Adapter).
[[0;32m  OK  [0m] Found device 82540EM Gigabit Ethern...r (PRO/1000 MT Desktop Adapter).
[   10.213995] cloud-init[499]: Cloud-init v. 21.1-19-gbad84ad4-0ubuntu1~16.04.2 running 'init-local' at Sat, 18 Nov 2023 22:11:28 +0000. Up 9.83 seconds.
[[0;32m  OK  [0m] Started Initial cloud-init job (pre-networking).
[[0;32m  OK  [0m] Reached target Network (Pre).
[[0;32m  OK  [0m] Started ifup for enp0s8.
[[0;32m  OK  [0m] Started ifup for enp0s3.
         Starting Raise network interfaces...
[[0;32m  OK  [0m] Started Raise network interfaces.
[[0;32m  OK  [0m] Reached target Network.
         Starting Initial cloud-init job (metadata service crawler)...
[   11.414617] cloud-init[1108]: Cloud-init v. 21.1-19-gbad84ad4-0ubuntu1~16.04.2 running 'init' at Sat, 18 Nov 2023 22:11:29 +0000. Up 11.05 seconds.
[   11.418914] cloud-init[1108]: ci-info: ++++++++++++++++++++++++++++++++++++++Net device info+++++++++++++++++++++++++++++++++++++++
[   11.423725] cloud-init[1108]: ci-info: +--------+------+-----------------------------+---------------+--------+-------------------+
[   11.428436] cloud-init[1108]: ci-info: | Device |  Up  |           Address           |      Mask     | Scope  |     Hw-Address    |
[   11.436696] cloud-init[1108]: ci-info: +--------+------+-----------------------------+---------------+--------+-------------------+
[   11.443079] cloud-init[1108]: ci-info: | enp0s3 | True |          10.0.2.15          | 255.255.255.0 | global | 02:be:82:6b:cc:1d |
[   11.447259] cloud-init[1108]: ci-info: | enp0s3 | True |  fe80::be:82ff:fe6b:cc1d/64 |       .       |  link  | 02:be:82:6b:cc:1d |
[   11.451806] cloud-init[1108]: ci-info: | enp0s8 | True |        192.168.56.94        | 255.255.255.0 | global | 08:00:27:f8:86:a6 |
[   11.456854] cloud-init[1108]: ci-info: | enp0s8 | True | fe80::a00:27ff:fef8:86a6/64 |       .       |  link  | 08:00:27:f8:86:a6 |
[   11.461354] cloud-init[1108]: ci-info: |   lo   | True |          127.0.0.1          |   255.0.0.0   |  host  |         .         |
[   11.465970] cloud-init[1108]: ci-info: |   lo   | True |           ::1/128           |       .       |  host  |         .         |
[   11.468004] cloud-init[1108]: ci-info: +--------+------+-----------------------------+---------------+--------+-------------------+
[   11.469268] cloud-init[1108]: ci-info: ++++++++++++++++++++++++++++Route IPv4 info++++++++++++++++++++++++++++
[   11.470644] cloud-init[1108]: ci-info: +-------+--------------+----------+---------------+-----------+-------+
[   11.471973] cloud-init[1108]: ci-info: | Route | Destination  | Gateway  |    Genmask    | Interface | Flags |
[   11.474002] cloud-init[1108]: ci-info: +-------+--------------+----------+---------------+-----------+-------+
[   11.475330] cloud-init[1108]: ci-info: |   0   |   0.0.0.0    | 10.0.2.2 |    0.0.0.0    |   enp0s3  |   UG  |
[   11.476753] cloud-init[1108]: ci-info: |   1   |   10.0.2.0   | 0.0.0.0  | 255.255.255.0 |   enp0s3  |   U   |
[   11.477928] cloud-init[1108]: ci-info: |   2   | 192.168.56.0 | 0.0.0.0  | 255.255.255.0 |   enp0s8  |   U   |
[   11.479028] cloud-init[1108]: ci-info: +-------+--------------+----------+---------------+-----------+-------+
[   11.480534] cloud-init[1108]: ci-info: +++++++++++++++++++Route IPv6 info+++++++++++++++++++
[   11.482178] cloud-init[1108]: ci-info: +-------+-------------+---------+-----------+-------+
[   11.483969] cloud-init[1108]: ci-info: | Route | Destination | Gateway | Interface | Flags |
[   11.486253] cloud-init[1108]: ci-info: +-------+-------------+---------+-----------+-------+
[   11.488510] cloud-init[1108]: ci-info: |   0   |  fe80::/64  |    ::   |   enp0s8  |   U   |
[   11.490067] cloud-init[1108]: ci-info: |   1   |  fe80::/64  |    ::   |   enp0s3  |   U   |
[   11.493244] cloud-init[1108]: ci-info: |   4   |   ff00::/8  |    ::   |   enp0s8  |   U   |
[   11.495726] cloud-init[1108]: ci-info: |   5   |   ff00::/8  |    ::   |   enp0s3  |   U   |
[   11.498833] cloud-init[1108]: ci-info: +-------+-------------+---------+-----------+-------+
[[0;32m  OK  [0m] Started Initial cloud-init job (metadata service crawler).
[[0;32m  OK  [0m] Reached target Network is Online.
         Starting iSCSI initiator daemon (iscsid)...
[[0;32m  OK  [0m] Reached target System Initialization.
         Starting Socket activation for snappy daemon.
[[0;32m  OK  [0m] Listening on D-Bus System Message Bus Socket.
         Starting LXD - unix socket.
[[0;32m  OK  [0m] Started Daily Cleanup of Temporary Directories.
         Starting Docker Socket for the API.
[[0;32m  OK  [0m] Started Message of the Day.
[[0;32m  OK  [0m] Listening on ACPID Listen Socket.
[[0;32m  OK  [0m] Started ACPI Events Check.
[[0;32m  OK  [0m] Reached target Paths.
[[0;32m  OK  [0m] Listening on UUID daemon activation socket.
[[0;32m  OK  [0m] Started Daily apt download activities.
[[0;32m  OK  [0m] Started Daily apt upgrade and clean activities.
[[0;32m  OK  [0m] Reached target Timers.
[[0;32m  OK  [0m] Reached target Cloud-config availability.
[[0;32m  OK  [0m] Listening on Socket activation for snappy daemon.
[[0;32m  OK  [0m] Listening on LXD - unix socket.
[[0;32m  OK  [0m] Listening on Docker Socket for the API.
[[0;32m  OK  [0m] Reached target Sockets.
[[0;32m  OK  [0m] Reached target Basic System.
         Starting LXD - container startup/shutdown...
         Starting Login Service...
[[0;32m  OK  [0m] Started Deferred execution scheduler.
[[0;32m  OK  [0m] Started D-Bus System Message Bus.
         Starting System Logging Service...
         Starting containerd container runtime...
         Starting Virtualbox guest utils...
[[0;32m  OK  [0m] Started GitLab Runner.
[[0;32m  OK  [0m] Started FUSE filesystem for LXC.
[[0;32m  OK  [0m] Started Regular background program processing daemon.
         Starting LSB: Record successful boot for GRUB...
         Starting /etc/rc.local Compatibility...
[[0;32m  OK  [0m] Started ACPI event daemon.
         Starting OpenBSD Secure Shell server...
         Starting LSB: MD monitoring daemon...
         Starting Accounts Service...
         Starting Snap Daemon...
[[0;32m  OK  [0m] Started iSCSI initiator daemon (iscsid).
[[0;32m  OK  [0m] Started /etc/rc.local Compatibility.
[[0;32m  OK  [0m] Started Login Service.
[[0;32m  OK  [0m] Started Unattended Upgrades Shutdown.
         Starting Login to default iSCSI targets...
[[0;32m  OK  [0m] Started System Logging Service.
[[0;32m  OK  [0m] Started LSB: Record successful boot for GRUB.
[[0;32m  OK  [0m] Started LSB: MD monitoring daemon.
[[0;32m  OK  [0m] Started Login to default iSCSI targets.
[[0;32m  OK  [0m] Reached target Remote File Systems (Pre).
         Mounting /vagrant...
         Mounting /vagrant_data...
         Mounting /home/vagrant/shared...
[[0;32m  OK  [0m] Started OpenBSD Secure Shell server.
[[0;1;31mFAILED[0m] Failed to mount /vagrant.
See 'systemctl status vagrant.mount' for details.
[[0;1;33mDEPEND[0m] Dependency failed for Remote File Systems.
[[0;1;31mFAILED[0m] Failed to mount /vagrant_data.
See 'systemctl status vagrant_data.mount' for details.
[[0;1;31mFAILED[0m] Failed to mount /home/vagrant/shared.
See 'systemctl status home-vagrant-shared.mount' for details.
[[0;32m  OK  [0m] Started LXD - container startup/shutdown.
         Starting Authenticate and Authorize Users to Run Privileged Tasks...
         Starting LSB: Set the CPU Frequency Scaling governor to "ondemand"...
         Starting LSB: automatic crash report generation...
         Starting Permit User Sessions...
         Starting LSB: daemon to balance interrupts for SMP systems...
[[0;32m  OK  [0m] Started LSB: Set the CPU Frequency Scaling governor to "ondemand".
[[0;32m  OK  [0m] Started Permit User Sessions.
         Starting Terminate Plymouth Boot Screen...
         Starting Hold until boot process finishes up...
[[0;32m  OK  [0m] Started Hold until boot process finishes up.
[[0;32m  OK  [0m] Started Serial Getty on ttyS0.
         Starting Set console scheme...
[[0;32m  OK  [0m] Started Getty on tty1.
[[0;32m  OK  [0m] Reached target Login Prompts.
[[0;32m  OK  [0m] Started LSB: daemon to balance interrupts for SMP systems.
[[0;32m  OK  [0m] Started Terminate Plymouth Boot Screen.
[[0;32m  OK  [0m] Started Set console scheme.
[[0;32m  OK  [0m] Started Authenticate and Authorize Users to Run Privileged Tasks.
[[0;32m  OK  [0m] Started Virtualbox guest utils.
[[0;32m  OK  [0m] Started Accounts Service.
[[0;32m  OK  [0m] Started LSB: automatic crash report generation.
[[0;32m  OK  [0m] Created slice User Slice of vagrant.
         Starting User Manager for UID 1000...
[[0;32m  OK  [0m] Started Session 1 of user vagrant.
[[0;32m  OK  [0m] Started User Manager for UID 1000.
[[0;32m  OK  [0m] Started Snap Daemon.
         Starting Wait until snapd is fully seeded...
[[0;32m  OK  [0m] Started Wait until snapd is fully seeded.
         Starting Apply the settings specified in cloud-config...
[[0;32m  OK  [0m] Started containerd container runtime.
         Starting Docker Application Container Engine...
[   14.430157] cloud-init[1444]: Cloud-init v. 21.1-19-gbad84ad4-0ubuntu1~16.04.2 running 'modules:config' at Sat, 18 Nov 2023 22:11:32 +0000. Up 14.10 seconds.
[[0;32m  OK  [0m] Started Apply the settings specified in cloud-config.
         Starting cloud-id shim...
[[0;32m  OK  [0m] Started cloud-id shim.
[[0;32m  OK  [0m] Started Docker Application Container Engine.
[[0;32m  OK  [0m] Reached target Multi-User System.
[[0;32m  OK  [0m] Reached target Graphical Interface.
         Starting Update UTMP about System Runlevel Changes...
         Starting Execute cloud user/final scripts...
[[0;32m  OK  [0m] Started GitLab Runit supervision process.
[[0;32m  OK  [0m] Started Update UTMP about System Runlevel Changes.
[   16.270610] cloud-init[1710]: Cloud-init v. 21.1-19-gbad84ad4-0ubuntu1~16.04.2 running 'modules:final' at Sat, 18 Nov 2023 22:11:34 +0000. Up 15.86 seconds.
[   16.272474] cloud-init[1710]: Cloud-init v. 21.1-19-gbad84ad4-0ubuntu1~16.04.2 finished at Sat, 18 Nov 2023 22:11:34 +0000. Datasource DataSourceNoCloud [seed=/dev/sdb][dsmode=net].  Up 16.24 seconds
[[0;32m  OK  [0m] Started Execute cloud user/final scripts.
         Starting Daily apt download activities...
[[0;32m  OK  [0m] Reached target Cloud-init target.

Ubuntu 16.04.7 LTS dev-env-e4l ttyS0

dev-env-e4l login: [ 3171.648620] Out of memory: Kill process 2661 (bundle) score 329 or sacrifice child
[ 3171.651360] Killed process 2661 (bundle) total-vm:1829800kB, anon-rss:1010348kB, file-rss:0kB
         Stopping ACPI event daemon...
         Unmounting /vagrant...
         Stopping GitLab Runit supervision process...
         Stopping User Manager for UID 1000...
         Stopping Session 4 of user vagrant.
[[0;32m  OK  [0m] Stopped target Graphical Interface.
         Stopping Accounts Service...
         Unmounting /vagrant_data...
[[0;32m  OK  [0m] Stopped target Cloud-init target.
[[0;32m  OK  [0m] Stopped Execute cloud user/final scripts.
[[0;32m  OK  [0m] Stopped Apply the settings specified in cloud-config.
[[0;32m  OK  [0m] Stopped target Cloud-config availability.
[[0;32m  OK  [0m] Stopped target Timers.
[[0;32m  OK  [0m] Stopped Daily Cleanup of Temporary Directories.
[[0;32m  OK  [0m] Stopped Daily apt upgrade and clean activities.
[[0;32m  OK  [0m] Stopped Message of the Day.
         Stopping Authenticate and Authorize Users to Run Privileged Tasks...
[[0;32m  OK  [0m] Closed Load/Save RF Kill Switch Status /dev/rfkill Watch.
[[0;32m  OK  [0m] Stopped Daily apt download activities.
[[0;32m  OK  [0m] Stopped target System Time Synchronized.
         Unmounting /home/vagrant/shared...
[[0;32m  OK  [0m] Stopped Authenticate and Authorize Users to Run Privileged Tasks.
[[0;32m  OK  [0m] Stopped Session 4 of user vagrant.
[[0;32m  OK  [0m] Stopped Accounts Service.
[[0;32m  OK  [0m] Stopped ACPI event daemon.
[[0;32m  OK  [0m] Unmounted /home/vagrant/shared.
[[0;32m  OK  [0m] Stopped User Manager for UID 1000.
[[0;32m  OK  [0m] Unmounted /vagrant.
[[0;32m  OK  [0m] Unmounted /vagrant_data.
[[0;32m  OK  [0m] Removed slice User Slice of vagrant.
[[0;32m  OK  [0m] Stopped target Remote File Systems (Pre).
         Stopping Login to default iSCSI targets...
[[0;32m  OK  [0m] Unmounted /run/user/1000.
[[0;32m  OK  [0m] Stopped Login to default iSCSI targets.
         Stopping iSCSI initiator daemon (iscsid)...
[[0;32m  OK  [0m] Stopped iSCSI initiator daemon (iscsid).
[[0;32m  OK  [0m] Stopped GitLab Runit supervision process.
[[0;32m  OK  [0m] Stopped target Multi-User System.
         Stopping Deferred execution scheduler...
         Stopping Docker Application Container Engine...
         Stopping System Logging Service...
         Stopping LSB: Set the CPU Frequency Scaling governor to "ondemand"...
         Stopping LSB: automatic crash report generation...
         Stopping D-Bus System Message Bus...
[[0;32m  OK  [0m] Stopped Wait until snapd is fully seeded.
[[0;32m  OK  [0m] Stopped target Login Prompts.
         Stopping Serial Getty on ttyS0...
         Stopping Getty on tty1...
         Stopping Login Service...
         Stopping LXD - container startup/shutdown...
         Stopping LSB: Record successful boot for GRUB...
         Stopping LSB: MD monitoring daemon...
         Stopping GitLab Runner...
         Stopping OpenBSD Secure Shell server...
         Stopping FUSE filesystem for LXC...
         Stopping Regular background program processing daemon...
         Stopping LSB: daemon to balance interrupts for SMP systems...
         Stopping Virtualbox guest utils...
[[0;32m  OK  [0m] Stopped Deferred execution scheduler.
[[0;32m  OK  [0m] Stopped System Logging Service.
[[0;32m  OK  [0m] Stopped Regular background program processing daemon.
[[0;32m  OK  [0m] Stopped Serial Getty on ttyS0.
[[0;32m  OK  [0m] Stopped OpenBSD Secure Shell server.
[[0;32m  OK  [0m] Stopped Getty on tty1.
[[0;32m  OK  [0m] Stopped D-Bus System Message Bus.
[[0;32m  OK  [0m] Unmounted /var/lib/lxcfs.
[[0;32m  OK  [0m] Stopped FUSE filesystem for LXC.
[[0;32m  OK  [0m] Stopped LXD - container startup/shutdown.
[[0;32m  OK  [0m] Reached target Unmount All Filesystems.
[[0;32m  OK  [0m] Removed slice system-getty.slice.
         Stopping Permit User Sessions...
[[0;32m  OK  [0m] Removed slice system-serial\x2dgetty.slice.
[[0;32m  OK  [0m] Stopped /etc/rc.local Compatibility.
[[0;32m  OK  [0m] Stopped Permit User Sessions.
[[0;32m  OK  [0m] Stopped LSB: Set the CPU Frequency Scaling governor to "ondemand".
[[0;32m  OK  [0m] Stopped LSB: automatic crash report generation.
[[0;32m  OK  [0m] Stopped LSB: MD monitoring daemon.
[[0;32m  OK  [0m] Stopped LSB: Record successful boot for GRUB.
[[0;32m  OK  [0m] Stopped LSB: daemon to balance interrupts for SMP systems.
[[0;32m  OK  [0m] Stopped Login Service.
[[0;32m  OK  [0m] Stopped target User and Group Name Lookups.
[[0;32m  OK  [0m] Stopped Docker Application Container Engine.
[[0;32m  OK  [0m] Stopped target Network is Online.
         Stopping containerd container runtime...
[[0;32m  OK  [0m] Stopped GitLab Runner.
[[0;32m  OK  [0m] Stopped Virtualbox guest utils.
[[0;32m  OK  [0m] Stopped containerd container runtime.
[[0;32m  OK  [0m] Stopped target Network.
[[0;32m  OK  [0m] Stopped target Basic System.
[[0;32m  OK  [0m] Stopped target Slices.
[[0;32m  OK  [0m] Removed slice User and Session Slice.
[[0;32m  OK  [0m] Stopped target Sockets.
[[0;32m  OK  [0m] Closed D-Bus System Message Bus Socket.
[[0;32m  OK  [0m] Closed LXD - unix socket.
[[0;32m  OK  [0m] Closed Socket activation for snappy daemon.
[[0;32m  OK  [0m] Closed Syslog Socket.
[[0;32m  OK  [0m] Closed Docker Socket for the API.
[[0;32m  OK  [0m] Closed UUID daemon activation socket.
[[0;32m  OK  [0m] Closed ACPID Listen Socket.
[[0;32m  OK  [0m] Stopped target Paths.
[[0;32m  OK  [0m] Stopped Dispatch Password Requests to Console Directory Watch.
[[0;32m  OK  [0m] Stopped Forward Password Requests to Wall Directory Watch.
[[0;32m  OK  [0m] Stopped ACPI Events Check.
[[0;32m  OK  [0m] Stopped target System Initialization.
         Stopping Update UTMP about System Boot/Shutdown...
         Stopping Load/Save Random Seed...
[[0;32m  OK  [0m] Stopped Initial cloud-init job (metadata service crawler).
         Stopping Raise network interfaces...
[[0;32m  OK  [0m] Stopped target Swap.
[[0;32m  OK  [0m] Stopped target Encrypted Volumes.
[[0;32m  OK  [0m] Stopped Load/Save Random Seed.
[[0;32m  OK  [0m] Stopped Update UTMP about System Boot/Shutdown.
[[0;32m  OK  [0m] Stopped Create Volatile Files and Directories.
[[0;32m  OK  [0m] Stopped Raise network interfaces.
[[0;32m  OK  [0m] Stopped Apply Kernel Variables.
[[0;32m  OK  [0m] Stopped target Local File Systems.
[[0;32m  OK  [0m] Stopped target Local File Systems (Pre).
         Stopping Monitoring of LVM2 mirrors... dmeventd or progress polling...
[[0;32m  OK  [0m] Stopped Create Static Device Nodes in /dev.
[[0;32m  OK  [0m] Stopped Load Kernel Modules.
[[0;32m  OK  [0m] Stopped target Network (Pre).
[[0;32m  OK  [0m] Stopped Initial cloud-init job (pre-networking).
[[0;32m  OK  [0m] Stopped Remount Root and Kernel File Systems.
[[0;32m  OK  [0m] Reached target Shutdown.
[ 3500.373005] reboot: Power down
