[    0.000000] Initializing cgroup subsys cpuset
[    0.000000] Initializing cgroup subsys cpu
[    0.000000] Initializing cgroup subsys cpuacct
[    0.000000] Linux version 4.4.0-210-generic (buildd@lgw01-amd64-009) (gcc version 5.4.0 20160609 (Ubuntu 5.4.0-6ubuntu1~16.04.12) ) #242-Ubuntu SMP Fri Apr 16 09:57:56 UTC 2021 (Ubuntu 4.4.0-210.242-generic 4.4.262)
[    0.000000] Command line: BOOT_IMAGE=/boot/vmlinuz-4.4.0-210-generic root=LABEL=cloudimg-rootfs ro console=tty1 console=ttyS0
[    0.000000] KERNEL supported cpus:
[    0.000000]   Intel GenuineIntel
[    0.000000]   AMD AuthenticAMD
[    0.000000]   Centaur CentaurHauls
[    0.000000] [Firmware Bug]: TSC doesn't count with P0 frequency!
[    0.000000] x86/fpu: xstate_offset[2]:  576, xstate_sizes[2]:  256
[    0.000000] x86/fpu: Supporting XSAVE feature 0x01: 'x87 floating point registers'
[    0.000000] x86/fpu: Supporting XSAVE feature 0x02: 'SSE registers'
[    0.000000] x86/fpu: Supporting XSAVE feature 0x04: 'AVX registers'
[    0.000000] x86/fpu: Enabled xstate features 0x7, context size is 832 bytes, using 'standard' format.
[    0.000000] e820: BIOS-provided physical RAM map:
[    0.000000] BIOS-e820: [mem 0x0000000000000000-0x000000000009fbff] usable
[    0.000000] BIOS-e820: [mem 0x000000000009fc00-0x000000000009ffff] reserved
[    0.000000] BIOS-e820: [mem 0x00000000000f0000-0x00000000000fffff] reserved
[    0.000000] BIOS-e820: [mem 0x0000000000100000-0x00000000dffeffff] usable
[    0.000000] BIOS-e820: [mem 0x00000000dfff0000-0x00000000dfffffff] ACPI data
[    0.000000] BIOS-e820: [mem 0x00000000fec00000-0x00000000fec00fff] reserved
[    0.000000] BIOS-e820: [mem 0x00000000fee00000-0x00000000fee00fff] reserved
[    0.000000] BIOS-e820: [mem 0x00000000fffc0000-0x00000000ffffffff] reserved
[    0.000000] BIOS-e820: [mem 0x0000000100000000-0x000000011fffffff] usable
[    0.000000] NX (Execute Disable) protection: active
[    0.000000] SMBIOS 2.5 present.
[    0.000000] Hypervisor detected: KVM
[    0.000000] Kernel/User page tables isolation: disabled
[    0.000000] e820: last_pfn = 0x120000 max_arch_pfn = 0x400000000
[    0.000000] MTRR: Disabled
[    0.000000] x86/PAT: MTRRs disabled, skipping PAT initialization too.
[    0.000000] CPU MTRRs all blank - virtualized system.
[    0.000000] x86/PAT: Configuration [0-7]: WB  WT  UC- UC  WB  WT  UC- UC  
[    0.000000] e820: last_pfn = 0xdfff0 max_arch_pfn = 0x400000000
[    0.000000] found SMP MP-table at [mem 0x0009fff0-0x0009ffff] mapped at [ffff88000009fff0]
[    0.000000] Scanning 1 areas for low memory corruption
[    0.000000] RAMDISK: [mem 0x362dc000-0x37165fff]
[    0.000000] ACPI: Early table checksum verification disabled
[    0.000000] ACPI: RSDP 0x00000000000E0000 000024 (v02 VBOX  )
[    0.000000] ACPI: XSDT 0x00000000DFFF0030 00003C (v01 VBOX   VBOXXSDT 00000001 ASL  00000061)
[    0.000000] ACPI: FACP 0x00000000DFFF00F0 0000F4 (v04 VBOX   VBOXFACP 00000001 ASL  00000061)
[    0.000000] ACPI: DSDT 0x00000000DFFF0470 002325 (v02 VBOX   VBOXBIOS 00000002 INTL 20200925)
[    0.000000] ACPI: FACS 0x00000000DFFF0200 000040
[    0.000000] ACPI: FACS 0x00000000DFFF0200 000040
[    0.000000] ACPI: APIC 0x00000000DFFF0240 00005C (v02 VBOX   VBOXAPIC 00000001 ASL  00000061)
[    0.000000] ACPI: SSDT 0x00000000DFFF02A0 0001CC (v01 VBOX   VBOXCPUT 00000002 INTL 20200925)
[    0.000000] No NUMA configuration found
[    0.000000] Faking a node at [mem 0x0000000000000000-0x000000011fffffff]
[    0.000000] NODE_DATA(0) allocated [mem 0x11fff7000-0x11fffbfff]
[    0.000000] kvm-clock: Using msrs 4b564d01 and 4b564d00
[    0.000000] kvm-clock: cpu 0, msr 1:1ffef001, primary cpu clock
[    0.000000] kvm-clock: using sched offset of 2922262647 cycles
[    0.000000] clocksource: kvm-clock: mask: 0xffffffffffffffff max_cycles: 0x1cd42e4dffb, max_idle_ns: 881590591483 ns
[    0.000000] Zone ranges:
[    0.000000]   DMA      [mem 0x0000000000001000-0x0000000000ffffff]
[    0.000000]   DMA32    [mem 0x0000000001000000-0x00000000ffffffff]
[    0.000000]   Normal   [mem 0x0000000100000000-0x000000011fffffff]
[    0.000000]   Device   empty
[    0.000000] Movable zone start for each node
[    0.000000] Early memory node ranges
[    0.000000]   node   0: [mem 0x0000000000001000-0x000000000009efff]
[    0.000000]   node   0: [mem 0x0000000000100000-0x00000000dffeffff]
[    0.000000]   node   0: [mem 0x0000000100000000-0x000000011fffffff]
[    0.000000] Initmem setup node 0 [mem 0x0000000000001000-0x000000011fffffff]
[    0.000000] ACPI: PM-Timer IO Port: 0x4008
[    0.000000] IOAPIC[0]: apic_id 2, version 32, address 0xfec00000, GSI 0-23
[    0.000000] ACPI: INT_SRC_OVR (bus 0 bus_irq 0 global_irq 2 dfl dfl)
[    0.000000] ACPI: INT_SRC_OVR (bus 0 bus_irq 9 global_irq 9 low level)
[    0.000000] Using ACPI (MADT) for SMP configuration information
[    0.000000] smpboot: Allowing 2 CPUs, 0 hotplug CPUs
[    0.000000] PM: Registered nosave memory: [mem 0x00000000-0x00000fff]
[    0.000000] PM: Registered nosave memory: [mem 0x0009f000-0x0009ffff]
[    0.000000] PM: Registered nosave memory: [mem 0x000a0000-0x000effff]
[    0.000000] PM: Registered nosave memory: [mem 0x000f0000-0x000fffff]
[    0.000000] PM: Registered nosave memory: [mem 0xdfff0000-0xdfffffff]
[    0.000000] PM: Registered nosave memory: [mem 0xe0000000-0xfebfffff]
[    0.000000] PM: Registered nosave memory: [mem 0xfec00000-0xfec00fff]
[    0.000000] PM: Registered nosave memory: [mem 0xfec01000-0xfedfffff]
[    0.000000] PM: Registered nosave memory: [mem 0xfee00000-0xfee00fff]
[    0.000000] PM: Registered nosave memory: [mem 0xfee01000-0xfffbffff]
[    0.000000] PM: Registered nosave memory: [mem 0xfffc0000-0xffffffff]
[    0.000000] e820: [mem 0xe0000000-0xfebfffff] available for PCI devices
[    0.000000] Booting paravirtualized kernel on KVM
[    0.000000] clocksource: refined-jiffies: mask: 0xffffffff max_cycles: 0xffffffff, max_idle_ns: 7645519600211568 ns
[    0.000000] setup_percpu: NR_CPUS:512 nr_cpumask_bits:512 nr_cpu_ids:2 nr_node_ids:1
[    0.000000] PERCPU: Embedded 33 pages/cpu @ffff88011fc00000 s95192 r8192 d31784 u1048576
[    0.000000] Built 1 zonelists in Node order, mobility grouping on.  Total pages: 1032056
[    0.000000] Policy zone: Normal
[    0.000000] Kernel command line: BOOT_IMAGE=/boot/vmlinuz-4.4.0-210-generic root=LABEL=cloudimg-rootfs ro console=tty1 console=ttyS0
[    0.000000] PID hash table entries: 4096 (order: 3, 32768 bytes)
[    0.000000] Memory: 4028304K/4193848K available (8644K kernel code, 1332K rwdata, 4044K rodata, 1492K init, 1164K bss, 165544K reserved, 0K cma-reserved)
[    0.000000] SLUB: HWalign=64, Order=0-3, MinObjects=0, CPUs=2, Nodes=1
[    0.000000] Hierarchical RCU implementation.
[    0.000000] 	Build-time adjustment of leaf fanout to 64.
[    0.000000] 	RCU restricting CPUs from NR_CPUS=512 to nr_cpu_ids=2.
[    0.000000] RCU: Adjusting geometry for rcu_fanout_leaf=64, nr_cpu_ids=2
[    0.000000] NR_IRQS:33024 nr_irqs:440 16
[    0.000000] Console: colour VGA+ 80x25
[    0.000000] console [tty1] enabled
[    0.000000] console [ttyS0] enabled
[    0.000000] tsc: Detected 2370.546 MHz processor
[    0.169230] Calibrating delay loop (skipped) preset value.. 4741.09 BogoMIPS (lpj=9482184)
[    0.170330] pid_max: default: 32768 minimum: 301
[    0.170898] ACPI: Core revision 20150930
[    0.172106] ACPI: 2 ACPI AML tables successfully acquired and loaded
[    0.172951] Security Framework initialized
[    0.173505] Yama: becoming mindful.
[    0.174004] AppArmor: AppArmor initialized
[    0.175281] Dentry cache hash table entries: 524288 (order: 10, 4194304 bytes)
[    0.178357] Inode-cache hash table entries: 262144 (order: 9, 2097152 bytes)
[    0.179481] Mount-cache hash table entries: 8192 (order: 4, 65536 bytes)
[    0.180278] Mountpoint-cache hash table entries: 8192 (order: 4, 65536 bytes)
[    0.181268] Initializing cgroup subsys io
[    0.181812] Initializing cgroup subsys memory
[    0.182395] Initializing cgroup subsys devices
[    0.182980] Initializing cgroup subsys freezer
[    0.183550] Initializing cgroup subsys net_cls
[    0.184143] Initializing cgroup subsys perf_event
[    0.184742] Initializing cgroup subsys net_prio
[    0.185331] Initializing cgroup subsys hugetlb
[    0.185914] Initializing cgroup subsys pids
[    0.193755] mce: CPU supports 0 MCE banks
[    0.194194] Last level iTLB entries: 4KB 1024, 2MB 1024, 4MB 512
[    0.194891] Last level dTLB entries: 4KB 2048, 2MB 2048, 4MB 1024, 1GB 0
[    0.195653] Spectre V1 : Mitigation: usercopy/swapgs barriers and __user pointer sanitization
[    0.196687] Spectre V2 : Spectre mitigation: LFENCE not serializing, switching to generic retpoline
[    0.197804] Spectre V2 : Mitigation: Full generic retpoline
[    0.198464] Spectre V2 : Spectre v2 / SpectreRSB mitigation: Filling RSB on context switch
[    0.201017] Freeing SMP alternatives memory: 36K
[    0.205332] ftrace: allocating 32380 entries in 127 pages
[    0.248932] smpboot: APIC(0) Converting physical 0 to logical package 0
[    0.249810] smpboot: Max logical packages: 1
[    0.250551] x2apic enabled
[    0.251124] Switched APIC routing to physical x2apic.
[    0.252562] ..TIMER: vector=0x30 apic1=0 pin1=2 apic2=-1 pin2=-1
[    0.361319] APIC calibration not consistent with PM-Timer: 102ms instead of 100ms
[    0.362111] APIC delta adjusted to PM-Timer: 6356861 (6484548)
[    0.362759] smpboot: CPU0: AMD Ryzen 5 4500U with Radeon Graphics (family: 0x17, model: 0x60, stepping: 0x1)
[    0.364092] Performance Events: Broken PMU hardware detected, using software events only.
[    0.365222] Failed to access perfctr msr (MSR c0010007 is 0)
[    0.370359] KVM setup paravirtual spinlock
[    0.372155] x86: Booting SMP configuration:
[    0.372748] .... node  #0, CPUs:      #1
[    0.373605] kvm-clock: cpu 1, msr 1:1ffef041, secondary cpu clock
[    0.381821] mce: CPU supports 0 MCE banks
[    0.384072] x86: Booted up 1 node, 2 CPUs
[    0.384635] smpboot: Total of 2 processors activated (9482.18 BogoMIPS)
[    0.385774] devtmpfs: initialized
[    0.388311] evm: security.selinux
[    0.388678] evm: security.SMACK64
[    0.389150] evm: security.SMACK64EXEC
[    0.389666] evm: security.SMACK64TRANSMUTE
[    0.390219] evm: security.SMACK64MMAP
[    0.390735] evm: security.ima
[    0.391177] evm: security.capability
[    0.391834] clocksource: jiffies: mask: 0xffffffff max_cycles: 0xffffffff, max_idle_ns: 7645041785100000 ns
[    0.393159] futex hash table entries: 512 (order: 3, 32768 bytes)
[    0.394036] pinctrl core: initialized pinctrl subsystem
[    0.394819] RTC time: 23:32:09, date: 11/16/23
[    0.395668] NET: Registered protocol family 16
[    0.404886] cpuidle: using governor ladder
[    0.416203] cpuidle: using governor menu
[    0.417376] PCCT header not found.
[    0.418389] ACPI: bus type PCI registered
[    0.418960] acpiphp: ACPI Hot Plug PCI Controller Driver version: 0.5
[    0.419813] PCI: Using configuration type 1 for base access
[    0.420572] PCI: Using configuration type 1 for extended access
[    0.434711] ACPI: Added _OSI(Module Device)
[    0.435466] ACPI: Added _OSI(Processor Device)
[    0.436232] ACPI: Added _OSI(3.0 _SCP Extensions)
[    0.437013] ACPI: Added _OSI(Processor Aggregator Device)
[    0.438173] ACPI: Executed 1 blocks of module-level executable AML code
[    0.440542] ACPI: Interpreter enabled
[    0.441136] ACPI: (supports S0 S5)
[    0.441729] ACPI: Using IOAPIC for interrupt routing
[    0.442600] PCI: Using host bridge windows from ACPI; if necessary, use "pci=nocrs" and report a bug
[    0.446065] ACPI: PCI Root Bridge [PCI0] (domain 0000 [bus 00-ff])
[    0.452529] acpi PNP0A03:00: _OSC: OS supports [ExtendedConfig ASPM ClockPM Segments MSI]
[    0.454170] acpi PNP0A03:00: _OSC: platform does not support [PCIeCapability]
[    0.455366] acpi PNP0A03:00: _OSC: not requesting control; platform does not support [PCIeCapability]
[    0.456882] acpi PNP0A03:00: _OSC: OS requested [PCIeHotplug PME AER PCIeCapability]
[    0.458207] acpi PNP0A03:00: _OSC: platform willing to grant [PCIeHotplug PME AER]
[    0.459492] acpi PNP0A03:00: _OSC failed (AE_SUPPORT); disabling ASPM
[    0.460706] PCI host bridge to bus 0000:00
[    0.461439] pci_bus 0000:00: root bus resource [io  0x0000-0x0cf7 window]
[    0.462727] pci_bus 0000:00: root bus resource [io  0x0d00-0xffff window]
[    0.463797] pci_bus 0000:00: root bus resource [mem 0x000a0000-0x000bffff window]
[    0.464955] pci_bus 0000:00: root bus resource [mem 0xe0000000-0xfdffffff window]
[    0.465996] pci_bus 0000:00: root bus resource [bus 00-ff]
[    0.467417] pci 0000:00:01.1: legacy IDE quirk: reg 0x10: [io  0x01f0-0x01f7]
[    0.468295] pci 0000:00:01.1: legacy IDE quirk: reg 0x14: [io  0x03f6]
[    0.469100] pci 0000:00:01.1: legacy IDE quirk: reg 0x18: [io  0x0170-0x0177]
[    0.469955] pci 0000:00:01.1: legacy IDE quirk: reg 0x1c: [io  0x0376]
[    0.519250] pci 0000:00:07.0: quirk: [io  0x4000-0x403f] claimed by PIIX4 ACPI
[    0.520572] pci 0000:00:07.0: quirk: [io  0x4100-0x410f] claimed by PIIX4 SMB
[    0.553134] ACPI: PCI Interrupt Link [LNKA] (IRQs 5 9 10 *11)
[    0.554447] ACPI: PCI Interrupt Link [LNKB] (IRQs 5 9 *10 11)
[    0.555640] ACPI: PCI Interrupt Link [LNKC] (IRQs 5 *9 10 11)
[    0.556844] ACPI: PCI Interrupt Link [LNKD] (IRQs 5 9 10 *11)
[    0.558121] ACPI: Enabled 2 GPEs in block 00 to 07
[    0.559216] vgaarb: setting as boot device: PCI:0000:00:02.0
[    0.560126] vgaarb: device added: PCI:0000:00:02.0,decodes=io+mem,owns=io+mem,locks=none
[    0.561544] vgaarb: loaded
[    0.562072] vgaarb: bridge control possible 0000:00:02.0
[    0.563860] SCSI subsystem initialized
[    0.564695] ACPI: bus type USB registered
[    0.565428] usbcore: registered new interface driver usbfs
[    0.566331] usbcore: registered new interface driver hub
[    0.567243] usbcore: registered new device driver usb
[    0.568332] PCI: Using ACPI for IRQ routing
[    0.569252] NetLabel: Initializing
[    0.569887] NetLabel:  domain hash size = 128
[    0.570670] NetLabel:  protocols = UNLABELED CIPSOv4
[    0.571522] NetLabel:  unlabeled traffic allowed by default
[    0.572566] amd_nb: Cannot enumerate AMD northbridges
[    0.573460] clocksource: Switched to clocksource kvm-clock
[    0.580876] AppArmor: AppArmor Filesystem Enabled
[    0.581834] pnp: PnP ACPI init
[    0.582897] pnp: PnP ACPI: found 3 devices
[    0.590780] clocksource: acpi_pm: mask: 0xffffff max_cycles: 0xffffff, max_idle_ns: 2085701024 ns
[    0.592309] NET: Registered protocol family 2
[    0.593219] TCP established hash table entries: 32768 (order: 6, 262144 bytes)
[    0.594561] TCP bind hash table entries: 32768 (order: 7, 524288 bytes)
[    0.596428] TCP: Hash tables configured (established 32768 bind 32768)
[    0.597508] UDP hash table entries: 2048 (order: 4, 65536 bytes)
[    0.598499] UDP-Lite hash table entries: 2048 (order: 4, 65536 bytes)
[    0.599564] NET: Registered protocol family 1
[    0.600296] pci 0000:00:00.0: Limiting direct PCI/PCI transfers
[    0.601237] pci 0000:00:01.0: Activating ISA DMA hang workarounds
[    0.602299] Unpacking initramfs...
[    0.785956] Freeing initrd memory: 14888K
[    0.786563] PCI-DMA: Using software bounce buffering for IO (SWIOTLB)
[    0.787534] software IO TLB: mapped [mem 0xdbff0000-0xdfff0000] (64MB)
[    0.788543] clocksource: tsc: mask: 0xffffffffffffffff max_cycles: 0x222b87224d9, max_idle_ns: 440795207169 ns
[    0.790168] platform rtc_cmos: registered platform RTC device (no PNP device found)
[    0.791436] Scanning for low memory corruption every 60 seconds
[    0.792655] audit: initializing netlink subsys (disabled)
[    0.793476] audit: type=2000 audit(1700177534.305:1): initialized
[    0.794942] Initialise system trusted keyring
[    0.795790] HugeTLB registered 2 MB page size, pre-allocated 0 pages
[    0.798261] zbud: loaded
[    0.799100] VFS: Disk quotas dquot_6.6.0
[    0.799581] VFS: Dquot-cache hash table entries: 512 (order 0, 4096 bytes)
[    0.801003] squashfs: version 4.0 (2009/01/31) Phillip Lougher
[    0.802193] fuse init (API version 7.23)
[    0.802997] Key type big_key registered
[    0.803659] Allocating IMA MOK and blacklist keyrings.
[    0.805601] Key type asymmetric registered
[    0.806079] Asymmetric key parser 'x509' registered
[    0.806607] Block layer SCSI generic (bsg) driver version 0.4 loaded (major 249)
[    0.807883] io scheduler noop registered
[    0.808759] io scheduler deadline registered (default)
[    0.809631] io scheduler cfq registered
[    0.810306] pci_hotplug: PCI Hot Plug PCI Core version: 0.5
[    0.811214] pciehp: PCI Express Hot Plug Controller Driver version: 0.4
[    0.812296] ACPI: AC Adapter [AC] (on-line)
[    0.812984] input: Power Button as /devices/LNXSYSTM:00/LNXPWRBN:00/input/input0
[    0.814210] ACPI: Power Button [PWRF]
[    0.814860] input: Sleep Button as /devices/LNXSYSTM:00/LNXSLPBN:00/input/input1
[    0.816002] ACPI: Sleep Button [SLPF]
[    0.816890] ACPI: Battery Slot [BAT0] (battery present)
[    0.817447] GHES: HEST is not enabled!
[    0.818020] Serial: 8250/16550 driver, 32 ports, IRQ sharing enabled
[    0.838878] 00:02: ttyS0 at I/O 0x3f8 (irq = 4, base_baud = 115200) is a 16550A
[    0.843137] Linux agpgart interface v0.103
[    0.845295] loop: module loaded
[    0.846173] scsi host0: ata_piix
[    0.846735] scsi host1: ata_piix
[    0.847201] ata1: PATA max UDMA/33 cmd 0x1f0 ctl 0x3f6 bmdma 0xd000 irq 14
[    0.847898] ata2: PATA max UDMA/33 cmd 0x170 ctl 0x376 bmdma 0xd008 irq 15
[    0.848627] libphy: Fixed MDIO Bus: probed
[    0.849123] tun: Universal TUN/TAP device driver, 1.6
[    0.849848] tun: (C) 1999-2004 Max Krasnyansky <maxk@qualcomm.com>
[    0.850541] PPP generic driver version 2.4.2
[    0.851091] ehci_hcd: USB 2.0 'Enhanced' Host Controller (EHCI) Driver
[    0.851779] ehci-pci: EHCI PCI platform driver
[    0.852271] ehci-platform: EHCI generic platform driver
[    0.852806] ohci_hcd: USB 1.1 'Open' Host Controller (OHCI) Driver
[    0.853430] ohci-pci: OHCI PCI platform driver
[    0.853963] ohci-platform: OHCI generic platform driver
[    0.854490] uhci_hcd: USB Universal Host Controller Interface driver
[    0.855138] i8042: PNP: PS/2 Controller [PNP0303:PS2K,PNP0f03:PS2M] at 0x60,0x64 irq 1,12
[    0.856481] serio: i8042 KBD port at 0x60,0x64 irq 1
[    0.857059] serio: i8042 AUX port at 0x60,0x64 irq 12
[    0.857854] mousedev: PS/2 mouse device common for all mice
[    0.858855] input: AT Translated Set 2 keyboard as /devices/platform/i8042/serio0/input/input2
[    0.859800] rtc_cmos rtc_cmos: rtc core: registered rtc_cmos as rtc0
[    0.860491] rtc_cmos rtc_cmos: alarms up to one day, 114 bytes nvram
[    0.861342] i2c /dev entries driver
[    0.861990] device-mapper: uevent: version 1.0.3
[    0.862782] device-mapper: ioctl: 4.34.0-ioctl (2015-10-28) initialised: dm-devel@redhat.com
[    0.864141] ledtrig-cpu: registered to indicate activity on CPUs
[    0.865434] NET: Registered protocol family 10
[    0.866329] NET: Registered protocol family 17
[    0.867086] Key type dns_resolver registered
[    0.868090] registered taskstats version 1
[    0.868777] Loading compiled-in X.509 certificates
[    0.870016] Loaded X.509 cert 'Build time autogenerated kernel key: cf00e047681d67edb2720680708b7d9498083038'
[    0.871582] zswap: loaded using pool lzo/zbud
[    0.873938] Key type trusted registered
[    0.876777] Key type encrypted registered
[    0.877499] AppArmor: AppArmor sha1 policy hashing enabled
[    0.878390] ima: No TPM chip found, activating TPM-bypass!
[    0.879302] ima: Allocated hash algorithm: sha1
[    0.880091] evm: HMAC attrs: 0x1
[    0.880908]   Magic number: 15:153:555
[    0.881713] rtc_cmos rtc_cmos: setting system clock to 2023-11-16 23:32:09 UTC (1700177529)
[    0.883182] BIOS EDD facility v0.16 2004-Jun-25, 0 devices found
[    0.884226] EDD information not available.
[    1.022720] Freeing unused kernel memory: 1492K
[    1.023558] Write protecting the kernel read-only data: 14336k
[    1.024916] Freeing unused kernel memory: 1584K
[    1.025898] Freeing unused kernel memory: 52K
Loading, please wait...
starting version 229
[    1.035837] random: systemd-udevd: uninitialized urandom read (16 bytes read, 3 bits of entropy available)
[    1.036319] random: udevadm: uninitialized urandom read (16 bytes read, 3 bits of entropy available)
[    1.036337] random: udevadm: uninitialized urandom read (16 bytes read, 3 bits of entropy available)
[    1.041299] random: systemd-udevd: uninitialized urandom read (16 bytes read, 3 bits of entropy available)
[    1.042966] random: systemd-udevd: uninitialized urandom read (16 bytes read, 3 bits of entropy available)
[    1.043148] random: udevadm: uninitialized urandom read (16 bytes read, 3 bits of entropy available)
[    1.043184] random: udevadm: uninitialized urandom read (16 bytes read, 3 bits of entropy available)
[    1.043292] random: udevadm: uninitialized urandom read (16 bytes read, 3 bits of entropy available)
[    1.043336] random: udevadm: uninitialized urandom read (16 bytes read, 3 bits of entropy available)
[    1.043372] random: udevadm: uninitialized urandom read (16 bytes read, 3 bits of entropy available)
[    1.077214] e1000: Intel(R) PRO/1000 Network Driver - version 7.3.21-k8-NAPI
[    1.078460] e1000: Copyright (c) 1999-2006 Intel Corporation.
[    1.081204] Fusion MPT base driver 3.04.20
[    1.088153] Copyright (c) 1999-2008 LSI Corporation
[    1.095788] AVX2 version of gcm_enc/dec engaged.
[    1.096852] AES CTR mode by8 optimization enabled
[    1.098942] Fusion MPT SPI Host driver 3.04.20
[    1.294436] input: ImExPS/2 Generic Explorer Mouse as /devices/platform/i8042/serio1/input/input4
[    1.419993] e1000 0000:00:03.0 eth0: (PCI:33MHz:32-bit) 02:be:82:6b:cc:1d
[    1.420965] e1000 0000:00:03.0 eth0: Intel(R) PRO/1000 Network Connection
[    1.740218] e1000 0000:00:08.0 eth1: (PCI:33MHz:32-bit) 08:00:27:9a:fd:1f
[    1.743869] e1000 0000:00:08.0 eth1: Intel(R) PRO/1000 Network Connection
[    1.746135] e1000 0000:00:08.0 enp0s8: renamed from eth1
[    1.747951] mptbase: ioc0: Initiating bringup
[    1.761453] e1000 0000:00:03.0 enp0s3: renamed from eth0
[    1.809702] ioc0: LSI53C1030 A0: Capabilities={Initiator}
[    2.470574] scsi host2: ioc0: LSI53C1030 A0, FwRev=00000000h, Ports=1, MaxQ=256, IRQ=20
[    3.438333] scsi 2:0:0:0: Direct-Access     VBOX     HARDDISK         1.0  PQ: 0 ANSI: 5
[    3.440024] scsi target2:0:0: Beginning Domain Validation
[    3.441886] scsi target2:0:0: Domain Validation skipping write tests
[    3.442559] scsi target2:0:0: Ending Domain Validation
[    3.443232] scsi target2:0:0: asynchronous
[    3.444378] scsi 2:0:1:0: Direct-Access     VBOX     HARDDISK         1.0  PQ: 0 ANSI: 5
[    3.445251] scsi target2:0:1: Beginning Domain Validation
[    3.446943] scsi target2:0:1: Domain Validation skipping write tests
[    3.447551] scsi target2:0:1: Ending Domain Validation
[    3.448125] scsi target2:0:1: asynchronous
[    3.457155] sd 2:0:0:0: [sda] 83886080 512-byte logical blocks: (42.9 GB/40.0 GiB)
[    3.458247] sd 2:0:0:0: Attached scsi generic sg0 type 0
[    3.458878] sd 2:0:0:0: [sda] Write Protect is off
[    3.459018] sd 2:0:1:0: [sdb] 20480 512-byte logical blocks: (10.5 MB/10.0 MiB)
[    3.459086] sd 2:0:1:0: [sdb] Write Protect is off
[    3.459146] sd 2:0:1:0: [sdb] Incomplete mode parameter data
[    3.459147] sd 2:0:1:0: [sdb] Assuming drive cache: write through
[    3.466576] sd 2:0:1:0: Attached scsi generic sg1 type 0
[    3.466580] sd 2:0:0:0: [sda] Incomplete mode parameter data
[    3.466583] sd 2:0:0:0: [sda] Assuming drive cache: write through
[    3.469122]  sda: sda1
[    3.469958] sd 2:0:0:0: [sda] Attached SCSI disk
[    3.470934] sd 2:0:1:0: [sdb] Attached SCSI disk
Begin: Loading essential drivers ... [    5.078940] md: linear personality registered for level -1
[    5.081298] md: multipath personality registered for level -4
[    5.083906] md: raid0 personality registered for level 0
[    5.086918] md: raid1 personality registered for level 1
[    5.157610] raid6: sse2x1   gen()  7608 MB/s
[    5.225600] raid6: sse2x1   xor()  7772 MB/s
[    5.293650] raid6: sse2x2   gen() 15855 MB/s
[    5.361550] raid6: sse2x2   xor() 10806 MB/s
[    5.429634] raid6: sse2x4   gen() 17385 MB/s
[    5.497468] raid6: sse2x4   xor()  8614 MB/s
[    5.565585] raid6: avx2x1   gen() 19536 MB/s
[    5.633709] raid6: avx2x2   gen() 33027 MB/s
[    5.701690] raid6: avx2x4   gen() 33345 MB/s
[    5.702303] raid6: using algorithm avx2x4 gen() 33345 MB/s
[    5.703009] raid6: using avx2x2 recovery algorithm
[    5.704456] xor: automatically using best checksumming function:
[    5.741620]    avx       : 28012.000 MB/sec
[    5.743082] async_tx: api initialized (async)
[    5.749756] md: raid6 personality registered for level 6
[    5.751147] md: raid5 personality registered for level 5
[    5.751907] md: raid4 personality registered for level 4
[    5.756593] md: raid10 personality registered for level 10
done.
Begin: Running /scripts/init-premount ... done.
Begin: Mounting root file system ... Begin: Running /scripts/local-top ... done.
Begin: Running /scripts/local-premount ... [    5.776775] Btrfs loaded
Scanning for Btrfs filesystems
done.
Warning: fsck not present, so skipping root file system
[    5.800080] EXT4-fs (sda1): mounted filesystem with ordered data mode. Opts: (null)
done.
Begin: Running /scripts/local-bottom ... done.
Begin: Running /scripts/init-bottom ... done.
[    5.881400] systemd[1]: systemd 229 running in system mode. (+PAM +AUDIT +SELINUX +IMA +APPARMOR +SMACK +SYSVINIT +UTMP +LIBCRYPTSETUP +GCRYPT +GNUTLS +ACL +XZ -LZ4 +SECCOMP +BLKID +ELFUTILS +KMOD -IDN)
[    5.883829] systemd[1]: Detected virtualization oracle.
[    5.884691] systemd[1]: Detected architecture x86-64.

Welcome to [1mUbuntu 16.04.7 LTS[0m!

[    5.888247] systemd[1]: Set hostname to <dev-env-e4l>.
[    6.065276] systemd[1]: Listening on Journal Socket (/dev/log).
[[0;32m  OK  [0m] Listening on Journal Socket (/dev/log).
[    6.066732] systemd[1]: Set up automount Arbitrary Executable File Formats File System Automount Point.
[[0;32m  OK  [0m] Set up automount Arbitrary Executab...ats File System Automount Point.
[    6.068454] systemd[1]: Listening on Journal Socket.
[[0;32m  OK  [0m] Listening on Journal Socket.
[    6.073634] systemd[1]: Reached target System Time Synchronized.
[[0;32m  OK  [0m] Reached target System Time Synchronized.
[    6.074592] systemd[1]: Listening on fsck to fsckd communication Socket.
[[0;32m  OK  [0m] Listening on fsck to fsckd communication Socket.
[    6.075975] systemd[1]: Created slice System Slice.
[[0;32m  OK  [0m] Created slice System Slice.
[    6.089648] systemd[1]: Starting Load Kernel Modules...
         Starting Load Kernel Modules...
[    6.092722] systemd[1]: Starting Create list of required static device nodes for the current kernel...
         Starting Create list of required st... nodes for the current kernel...
[    6.097917] systemd[1]: Created slice system-serial\x2dgetty.slice.
[    6.099138] Loading iSCSI transport class v2.0-870.
[[0;32m  OK  [0m] Created slice system-serial\x2dgetty.slice.
[    6.100668] systemd[1]: Starting Uncomplicated firewall...
         Starting Uncomplicated firewall...
[    6.102583] systemd[1]: Listening on Device-mapper event daemon FIFOs.
[[0;32m  OK  [0m] Listening on Device-mapper event daemon FIFOs.
[    6.104470] systemd[1]: Mounting Huge Pages File System...
         Mounting Huge Pages File System...
[    6.106406] systemd[1]: Starting File System Check on Root Device...
[    6.107604] iscsi: registered transport (tcp)
         Starting File System Check on Root Device...
[    6.108544] systemd[1]: Listening on LVM2 poll daemon socket.
[[0;32m  OK  [0m] Listening on LVM2 poll daemon socket.
[    6.109997] systemd[1]: Reached target User and Group Name Lookups.
[[0;32m  OK  [0m] Reached target User and Group Name Lookups.
[    6.111865] systemd[1]: Listening on /dev/initctl Compatibility Named Pipe.
[[0;32m  OK  [0m] Listening on /dev/initctl Compatibility Named Pipe.
[    6.114249] systemd[1]: Starting Set console keymap...
         Starting Set console keymap...
[    6.116928] systemd[1]: Listening on Syslog Socket.
[[0;32m  OK  [0m] Listening on Syslog Socket.
[    6.118138] systemd[1]: Reached target Swap.
[[0;32m  OK  [0m] Reached target Swap.
[    6.119716] systemd[1]: Created slice User and Session Slice.
[[0;32m  OK  [0m] Created slice User and Session Slice.
[    6.121384] systemd[1]: Reached target Slices.
[[0;32m  OK  [0m] Reached target Slices.
[    6.122746] systemd[1]: Listening on Journal Audit Socket.
[[0;32m  OK  [0m] Listening on Journal Audit Socket.
[    6.125682] systemd[1]: Started Trigger resolvconf update for networkd DNS.
[[0;32m  OK  [0m] Started Trigger resolvconf update for networkd DNS.
[    6.127773] systemd[1]: Mounting Debug File System...
         Mounting Debug File System...
[    6.129773] systemd[1]: Starting Journal Service...
         Starting Journal Service...
[    6.131228] systemd[1]: Listening on udev Control Socket.
[[0;32m  OK  [0m] Listening on udev Control Socket.
[    6.132817] systemd[1]: Listening on LVM2 metadata daemon socket.
[[0;32m  OK  [0m] Listening on LVM2 metadata daemon socket.
[    6.135584] systemd[1]: Starting Monitoring of LVM2 mirrors, snapshots etc. using dmeventd or progress polling...
         Starting Monitoring of LVM2 mirrors... dmeventd or progress polling...
[    6.145636] systemd[1]: Reached target Encrypted Volumes.
[[0;32m  OK  [0m] Reached target Encrypted Volumes.
[    6.146903] systemd[1]: Listening on udev Kernel Socket.
[[0;32m  OK  [0m] Listening on udev Kernel Socket.
[    6.147984] systemd[1]: Started Forward Password Requests to Wall Directory Watch.
[[0;32m  OK  [0m] Started Forward Password Requests to Wall Directory Watch.
[    6.149992] systemd[1]: Starting Nameserver information manager...
         Starting Nameserver information manager...
[    6.151588] systemd[1]: Mounting POSIX Message Queue File System...
         Mounting POSIX Message Queue File System...
[    6.154800] systemd[1]: Mounted Huge Pages File System.
[[0;32m  OK  [0m] Mounted Huge Pages File System.
[    6.156011] systemd[1]: Mounted Debug File System.
[[0;32m  OK  [0m] Mounted Debug File System.
[    6.157325] systemd[1]: Started Create list of required static device nodes for the current kernel.
[[0;32m  OK  [0m] Started Create list of required sta...ce nodes for the current kernel.
[    6.159851] systemd[1]: Started Uncomplicated firewall.
[[0;32m  OK  [0m] Started Uncomplicated firewall.
[    6.163577] systemd[1]: Started File System Check Daemon to report status.
[[0;32m  OK  [0m] Started File System Check Daemon to report status.
[    6.166363] systemd[1]: Starting Create Static Device Nodes in /dev...
         Starting Create Static Device Nodes in /dev...
[    6.168777] systemd[1]: Mounted POSIX Message Queue File System.
[[0;32m  OK  [0m] Mounted POSIX Message Queue File System.
[    6.171111] systemd[1]: Started Nameserver information manager.
[[0;32m  OK  [0m] Started Nameserver information manager.
[    6.178444] systemd[1]: Started LVM2 metadata daemon.
[[0;32m  OK  [0m] Started LVM2 metadata daemon.
[    6.181380] systemd[1]: Started File System Check on Root Device.
[[0;32m  OK  [0m] Started File System Check on Root Device.
[    6.183483] systemd[1]: Starting Remount Root and Kernel File Systems...
         Starting Remount Root and Kernel File Systems...
[    6.188294] EXT4-fs (sda1): re-mounted. Opts: (null)
[    6.190236] iscsi: registered transport (iser)
[    6.191177] systemd[1]: Started Remount Root and Kernel File Systems.
[[0;32m  OK  [0m] Started Remount Root and Kernel File Systems.
[    6.193574] systemd[1]: Started Create Static Device Nodes in /dev.
[[0;32m  OK  [0m] Started Create Static Device Nodes in /dev.
[    6.195709] systemd[1]: Started Load Kernel Modules.
[[0;32m  OK  [0m] Started Load Kernel Modules.
[    6.202036] systemd[1]: Started Journal Service.
[[0;32m  OK  [0m] Started Journal Service.
[[0;32m  OK  [0m] Started Set console keymap.
         Starting Apply Kernel Variables...
         Mounting FUSE Control File System...
         Starting udev Kernel Device Manager...
         Starting Load/Save Random Seed...
         Starting udev Coldplug all Devices...
         Starting Flush Journal to Persistent Storage...
[[0;32m  OK  [0m] Mounted FUSE Control File System.
[[0;32m  OK  [0m] Started Load/Save Random Seed.
[[0;32m  OK  [0m] Started Apply Kernel Variables.
[[0;32m  OK  [0m] Started Flush Journal to Persistent Storage.
[[0;32m  OK  [0m] Started udev Kernel Device Manager.
[[0;32m  OK  [0m] Started udev Coldplug all Devices.
[[0;32m  OK  [0m] Started Dispatch Password Requests to Console Directory Watch.
[[0;32m  OK  [0m] Found device /dev/ttyS0.
[[0;32m  OK  [0m] Listening on Load/Save RF Kill Switch Status /dev/rfkill Watch.
[[0;32m  OK  [0m] Started Monitoring of LVM2 mirrors,...ng dmeventd or progress polling.
[[0;32m  OK  [0m] Reached target Local File Systems (Pre).
[[0;32m  OK  [0m] Reached target Local File Systems.
         Starting Create Volatile Files and Directories...
         Starting Set console font and keymap...
         Starting Initial cloud-init job (pre-networking)...
         Starting LSB: AppArmor initialization...
         Starting Tell Plymouth To Write Out Runtime Data...
[[0;32m  OK  [0m] Started Create Volatile Files and Directories.
[[0;32m  OK  [0m] Started Tell Plymouth To Write Out Runtime Data.
         Starting Update UTMP about System Boot/Shutdown...
[[0;32m  OK  [0m] Started Update UTMP about System Boot/Shutdown.
[[0;32m  OK  [0m] Found device 82540EM Gigabit Ethern...r (PRO/1000 MT Desktop Adapter).
[[0;32m  OK  [0m] Found device 82540EM Gigabit Ethern...r (PRO/1000 MT Desktop Adapter).
[[0;32m  OK  [0m] Started LSB: AppArmor initialization.
         Starting Load AppArmor profiles managed internally by snapd...
[[0;32m  OK  [0m] Started Load AppArmor profiles managed internally by snapd.
[[0;32m  OK  [0m] Started Set console font and keymap.
[[0;32m  OK  [0m] Created slice system-getty.slice.
[    7.029716] cloud-init[650]: Cloud-init v. 21.1-19-gbad84ad4-0ubuntu1~16.04.2 running 'init-local' at Thu, 16 Nov 2023 23:32:15 +0000. Up 6.86 seconds.
[[0;32m  OK  [0m] Started Initial cloud-init job (pre-networking).
[[0;32m  OK  [0m] Reached target Network (Pre).
         Starting Raise network interfaces...
[[0;32m  OK  [0m] Started ifup for enp0s3.
[[0;32m  OK  [0m] Started ifup for enp0s8.
[[0;32m  OK  [0m] Started Raise network interfaces.
[[0;32m  OK  [0m] Reached target Network.
         Starting Initial cloud-init job (metadata service crawler)...
[    7.589456] cloud-init[1088]: Cloud-init v. 21.1-19-gbad84ad4-0ubuntu1~16.04.2 running 'init' at Thu, 16 Nov 2023 23:32:16 +0000. Up 7.42 seconds.
[    7.590193] cloud-init[1088]: ci-info: ++++++++++++++++++++++++++++++++++++++Net device info+++++++++++++++++++++++++++++++++++++++
[    7.590810] cloud-init[1088]: ci-info: +--------+------+-----------------------------+---------------+--------+-------------------+
[    7.591435] cloud-init[1088]: ci-info: | Device |  Up  |           Address           |      Mask     | Scope  |     Hw-Address    |
[    7.592108] cloud-init[1088]: ci-info: +--------+------+-----------------------------+---------------+--------+-------------------+
[    7.592662] cloud-init[1088]: ci-info: | enp0s3 | True |          10.0.2.15          | 255.255.255.0 | global | 02:be:82:6b:cc:1d |
[    7.593228] cloud-init[1088]: ci-info: | enp0s3 | True |  fe80::be:82ff:fe6b:cc1d/64 |       .       |  link  | 02:be:82:6b:cc:1d |
[    7.593817] cloud-init[1088]: ci-info: | enp0s8 | True |        192.168.56.94        | 255.255.255.0 | global | 08:00:27:9a:fd:1f |
[    7.594400] cloud-init[1088]: ci-info: | enp0s8 | True | fe80::a00:27ff:fe9a:fd1f/64 |       .       |  link  | 08:00:27:9a:fd:1f |
[    7.594973] cloud-init[1088]: ci-info: |   lo   | True |          127.0.0.1          |   255.0.0.0   |  host  |         .         |
[    7.595578] cloud-init[1088]: ci-info: |   lo   | True |           ::1/128           |       .       |  host  |         .         |
[    7.596196] cloud-init[1088]: ci-info: +--------+------+-----------------------------+---------------+--------+-------------------+
[    7.604410] cloud-init[1088]: ci-info: ++++++++++++++++++++++++++++Route IPv4 info++++++++++++++++++++++++++++
[    7.612453] cloud-init[1088]: ci-info: +-------+--------------+----------+---------------+-----------+-------+
[    7.613047] cloud-init[1088]: ci-info: | Route | Destination  | Gateway  |    Genmask    | Interface | Flags |
[    7.613586] cloud-init[1088]: ci-info: +-------+--------------+----------+---------------+-----------+-------+
[    7.614143] cloud-init[1088]: ci-info: |   0   |   0.0.0.0    | 10.0.2.2 |    0.0.0.0    |   enp0s3  |   UG  |
[    7.614702] cloud-init[1088]: ci-info: |   1   |   10.0.2.0   | 0.0.0.0  | 255.255.255.0 |   enp0s3  |   U   |
[    7.615285] cloud-init[1088]: ci-info: |   2   | 192.168.56.0 | 0.0.0.0  | 255.255.255.0 |   enp0s8  |   U   |
[    7.616068] cloud-init[1088]: ci-info: +-------+--------------+----------+---------------+-----------+-------+
[    7.616830] cloud-init[1088]: ci-info: +++++++++++++++++++Route IPv6 info+++++++++++++++++++
[    7.617499] cloud-init[1088]: ci-info: +-------+-------------+---------+-----------+-------+
[    7.618221] cloud-init[1088]: ci-info: | Route | Destination | Gateway | Interface | Flags |
[    7.618875] cloud-init[1088]: ci-info: +-------+-------------+---------+-----------+-------+
[    7.619552] cloud-init[1088]: ci-info: |   0   |  fe80::/64  |    ::   |   enp0s8  |   U   |
[    7.620281] cloud-init[1088]: ci-info: |   1   |  fe80::/64  |    ::   |   enp0s3  |   U   |
[    7.620914] cloud-init[1088]: ci-info: |   4   |   ff00::/8  |    ::   |   enp0s8  |   U   |
[    7.621645] cloud-init[1088]: ci-info: |   5   |   ff00::/8  |    ::   |   enp0s3  |   U   |
[    7.622366] cloud-init[1088]: ci-info: +-------+-------------+---------+-----------+-------+
[[0;32m  OK  [0m] Started Initial cloud-init job (metadata service crawler).
[[0;32m  OK  [0m] Reached target Cloud-config availability.
[[0;32m  OK  [0m] Reached target System Initialization.
[[0;32m  OK  [0m] Started Daily apt download activities.
[[0;32m  OK  [0m] Started Daily Cleanup of Temporary Directories.
[[0;32m  OK  [0m] Started ACPI Events Check.
[[0;32m  OK  [0m] Reached target Paths.
[[0;32m  OK  [0m] Started Ubuntu Advantage update messaging.
[[0;32m  OK  [0m] Started Message of the Day.
[[0;32m  OK  [0m] Started Daily apt upgrade and clean activities.
[[0;32m  OK  [0m] Reached target Timers.
[[0;32m  OK  [0m] Listening on ACPID Listen Socket.
         Starting LXD - unix socket.
         Starting Socket activation for snappy daemon.
[[0;32m  OK  [0m] Listening on UUID daemon activation socket.
[[0;32m  OK  [0m] Listening on D-Bus System Message Bus Socket.
[[0;32m  OK  [0m] Reached target Network is Online.
         Starting iSCSI initiator daemon (iscsid)...
[[0;32m  OK  [0m] Listening on LXD - unix socket.
[[0;32m  OK  [0m] Listening on Socket activation for snappy daemon.
[[0;32m  OK  [0m] Reached target Sockets.
[[0;32m  OK  [0m] Reached target Basic System.
[[0;32m  OK  [0m] Started Regular background program processing daemon.
         Starting MySQL Community Server...
         Starting Login Service...
[[0;32m  OK  [0m] Started Deferred execution scheduler.
         Starting /etc/rc.local Compatibility...
         Starting LSB: MD monitoring daemon...
         Starting Accounts Service...
         Starting Virtualbox guest utils...
         Starting LSB: Record successful boot for GRUB...
[[0;32m  OK  [0m] Started FUSE filesystem for LXC.
         Starting System Logging Service...
[[0;32m  OK  [0m] Started D-Bus System Message Bus.
         Starting Snap Daemon...
         Starting OpenBSD Secure Shell server...
[[0;32m  OK  [0m] Started ACPI event daemon.
         Starting LXD - container startup/shutdown...
[[0;32m  OK  [0m] Started System Logging Service.
[[0;32m  OK  [0m] Started /etc/rc.local Compatibility.
[[0;32m  OK  [0m] Started Login Service.
[[0;32m  OK  [0m] Started Unattended Upgrades Shutdown.
         Starting Authenticate and Authorize Users to Run Privileged Tasks...
[[0;32m  OK  [0m] Started iSCSI initiator daemon (iscsid).
         Starting Login to default iSCSI targets...
[[0;32m  OK  [0m] Started LSB: Record successful boot for GRUB.
[[0;32m  OK  [0m] Started Login to default iSCSI targets.
[[0;32m  OK  [0m] Reached target Remote File Systems (Pre).
         Mounting /home/vagrant/lu.uni.e4l.platform.api.dev...
         Mounting /vagrant...
         Mounting /home/vagrant/lu.uni.e4l.platform.frontend.dev...
[[0;32m  OK  [0m] Started LSB: MD monitoring daemon.
[[0;1;31mFAILED[0m] Failed to mount /home/vagrant/lu.uni.e4l.platform.api.dev.
See 'systemctl status home-vagrant-lu.u....platform.api.dev.mount' for details.
[[0;1;33mDEPEND[0m] Dependency failed for Remote File Systems.
[[0;1;31mFAILED[0m] Failed to mount /vagrant.
See 'systemctl status vagrant.mount' for details.
         Starting Permit User Sessions...
         Starting LSB: automatic crash report generation...
         Starting LSB: daemon to balance interrupts for SMP systems...
         Starting LSB: Set the CPU Frequency Scaling governor to "ondemand"...
[[0;1;31mFAILED[0m] Failed to mount /home/vagrant/lu.uni.e4l.platform.frontend.dev.
See 'systemctl status home-vagrant-lu.u...form.frontend.dev.mount' for details.
[[0;32m  OK  [0m] Started Permit User Sessions.
[[0;32m  OK  [0m] Started Authenticate and Authorize Users to Run Privileged Tasks.
         Starting Hold until boot process finishes up...
         Starting Terminate Plymouth Boot Screen...
[[0;32m  OK  [0m] Started Hold until boot process finishes up.
[[0;32m  OK  [0m] Started Getty on tty1.
         Starting Set console scheme...
[[0;32m  OK  [0m] Started Serial Getty on ttyS0.
[[0;32m  OK  [0m] Reached target Login Prompts.
[[0;32m  OK  [0m] Started OpenBSD Secure Shell server.
[[0;32m  OK  [0m] Started Terminate Plymouth Boot Screen.
[[0;32m  OK  [0m] Started Accounts Service.
[[0;32m  OK  [0m] Started Set console scheme.
[[0;32m  OK  [0m] Started LSB: Set the CPU Frequency Scaling governor to "ondemand".
[[0;32m  OK  [0m] Started LSB: daemon to balance interrupts for SMP systems.
[[0;32m  OK  [0m] Started LSB: automatic crash report generation.
[[0;32m  OK  [0m] Started Virtualbox guest utils.
[[0;32m  OK  [0m] Started LXD - container startup/shutdown.
[[0;32m  OK  [0m] Started Snap Daemon.
         Starting Wait until snapd is fully seeded...
[[0;32m  OK  [0m] Started Wait until snapd is fully seeded.
         Starting Apply the settings specified in cloud-config...
[    8.451389] cloud-init[1374]: Cloud-init v. 21.1-19-gbad84ad4-0ubuntu1~16.04.2 running 'modules:config' at Thu, 16 Nov 2023 23:32:17 +0000. Up 8.38 seconds.
[[0;32m  OK  [0m] Started Apply the settings specified in cloud-config.
[[0;32m  OK  [0m] Started MySQL Community Server.
[[0;32m  OK  [0m] Reached target Multi-User System.
[[0;32m  OK  [0m] Reached target Graphical Interface.
         Starting Execute cloud user/final scripts...
         Starting Update UTMP about System Runlevel Changes...
[[0;32m  OK  [0m] Started Update UTMP about System Runlevel Changes.
[    9.099280] cloud-init[1413]: Cloud-init v. 21.1-19-gbad84ad4-0ubuntu1~16.04.2 running 'modules:final' at Thu, 16 Nov 2023 23:32:17 +0000. Up 9.02 seconds.
[    9.100112] cloud-init[1413]: Cloud-init v. 21.1-19-gbad84ad4-0ubuntu1~16.04.2 finished at Thu, 16 Nov 2023 23:32:17 +0000. Datasource DataSourceNoCloud [seed=/dev/sdb][dsmode=net].  Up 9.09 seconds
[[0;32m  OK  [0m] Started Execute cloud user/final scripts.
[[0;32m  OK  [0m] Reached target Cloud-init target.

Ubuntu 16.04.7 LTS dev-env-e4l ttyS0

dev-env-e4l login: 