[    0.000000] Initializing cgroup subsys cpuset
[    0.000000] Initializing cgroup subsys cpu
[    0.000000] Initializing cgroup subsys cpuacct
[    0.000000] Linux version 4.4.0-210-generic (buildd@lgw01-amd64-009) (gcc version 5.4.0 20160609 (Ubuntu 5.4.0-6ubuntu1~16.04.12) ) #242-Ubuntu SMP Fri Apr 16 09:57:56 UTC 2021 (Ubuntu 4.4.0-210.242-generic 4.4.262)
[    0.000000] Command line: BOOT_IMAGE=/boot/vmlinuz-4.4.0-210-generic root=LABEL=cloudimg-rootfs ro console=tty1 console=ttyS0
[    0.000000] KERNEL supported cpus:
[    0.000000]   Intel GenuineIntel
[    0.000000]   AMD AuthenticAMD
[    0.000000]   Centaur CentaurHauls
[    0.000000] [Firmware Bug]: TSC doesn't count with P0 frequency!
[    0.000000] x86/fpu: xstate_offset[2]:  576, xstate_sizes[2]:  256
[    0.000000] x86/fpu: Supporting XSAVE feature 0x01: 'x87 floating point registers'
[    0.000000] x86/fpu: Supporting XSAVE feature 0x02: 'SSE registers'
[    0.000000] x86/fpu: Supporting XSAVE feature 0x04: 'AVX registers'
[    0.000000] x86/fpu: Enabled xstate features 0x7, context size is 832 bytes, using 'standard' format.
[    0.000000] e820: BIOS-provided physical RAM map:
[    0.000000] BIOS-e820: [mem 0x0000000000000000-0x000000000009fbff] usable
[    0.000000] BIOS-e820: [mem 0x000000000009fc00-0x000000000009ffff] reserved
[    0.000000] BIOS-e820: [mem 0x00000000000f0000-0x00000000000fffff] reserved
[    0.000000] BIOS-e820: [mem 0x0000000000100000-0x000000007ffeffff] usable
[    0.000000] BIOS-e820: [mem 0x000000007fff0000-0x000000007fffffff] ACPI data
[    0.000000] BIOS-e820: [mem 0x00000000fec00000-0x00000000fec00fff] reserved
[    0.000000] BIOS-e820: [mem 0x00000000fee00000-0x00000000fee00fff] reserved
[    0.000000] BIOS-e820: [mem 0x00000000fffc0000-0x00000000ffffffff] reserved
[    0.000000] NX (Execute Disable) protection: active
[    0.000000] SMBIOS 2.5 present.
[    0.000000] Hypervisor detected: KVM
[    0.000000] Kernel/User page tables isolation: disabled
[    0.000000] e820: last_pfn = 0x7fff0 max_arch_pfn = 0x400000000
[    0.000000] MTRR: Disabled
[    0.000000] x86/PAT: MTRRs disabled, skipping PAT initialization too.
[    0.000000] CPU MTRRs all blank - virtualized system.
[    0.000000] x86/PAT: Configuration [0-7]: WB  WT  UC- UC  WB  WT  UC- UC  
[    0.000000] found SMP MP-table at [mem 0x0009fff0-0x0009ffff] mapped at [ffff88000009fff0]
[    0.000000] Scanning 1 areas for low memory corruption
[    0.000000] RAMDISK: [mem 0x362dc000-0x37165fff]
[    0.000000] ACPI: Early table checksum verification disabled
[    0.000000] ACPI: RSDP 0x00000000000E0000 000024 (v02 VBOX  )
[    0.000000] ACPI: XSDT 0x000000007FFF0030 00003C (v01 VBOX   VBOXXSDT 00000001 ASL  00000061)
[    0.000000] ACPI: FACP 0x000000007FFF00F0 0000F4 (v04 VBOX   VBOXFACP 00000001 ASL  00000061)
[    0.000000] ACPI: DSDT 0x000000007FFF0470 002325 (v02 VBOX   VBOXBIOS 00000002 INTL 20200925)
[    0.000000] ACPI: FACS 0x000000007FFF0200 000040
[    0.000000] ACPI: FACS 0x000000007FFF0200 000040
[    0.000000] ACPI: APIC 0x000000007FFF0240 00005C (v02 VBOX   VBOXAPIC 00000001 ASL  00000061)
[    0.000000] ACPI: SSDT 0x000000007FFF02A0 0001CC (v01 VBOX   VBOXCPUT 00000002 INTL 20200925)
[    0.000000] No NUMA configuration found
[    0.000000] Faking a node at [mem 0x0000000000000000-0x000000007ffeffff]
[    0.000000] NODE_DATA(0) allocated [mem 0x7ffeb000-0x7ffeffff]
[    0.000000] kvm-clock: Using msrs 4b564d01 and 4b564d00
[    0.000000] kvm-clock: cpu 0, msr 0:7ffe3001, primary cpu clock
[    0.000000] kvm-clock: using sched offset of 2976628278 cycles
[    0.000000] clocksource: kvm-clock: mask: 0xffffffffffffffff max_cycles: 0x1cd42e4dffb, max_idle_ns: 881590591483 ns
[    0.000000] Zone ranges:
[    0.000000]   DMA      [mem 0x0000000000001000-0x0000000000ffffff]
[    0.000000]   DMA32    [mem 0x0000000001000000-0x000000007ffeffff]
[    0.000000]   Normal   empty
[    0.000000]   Device   empty
[    0.000000] Movable zone start for each node
[    0.000000] Early memory node ranges
[    0.000000]   node   0: [mem 0x0000000000001000-0x000000000009efff]
[    0.000000]   node   0: [mem 0x0000000000100000-0x000000007ffeffff]
[    0.000000] Initmem setup node 0 [mem 0x0000000000001000-0x000000007ffeffff]
[    0.000000] ACPI: PM-Timer IO Port: 0x4008
[    0.000000] IOAPIC[0]: apic_id 2, version 32, address 0xfec00000, GSI 0-23
[    0.000000] ACPI: INT_SRC_OVR (bus 0 bus_irq 0 global_irq 2 dfl dfl)
[    0.000000] ACPI: INT_SRC_OVR (bus 0 bus_irq 9 global_irq 9 low level)
[    0.000000] Using ACPI (MADT) for SMP configuration information
[    0.000000] smpboot: Allowing 2 CPUs, 0 hotplug CPUs
[    0.000000] PM: Registered nosave memory: [mem 0x00000000-0x00000fff]
[    0.000000] PM: Registered nosave memory: [mem 0x0009f000-0x0009ffff]
[    0.000000] PM: Registered nosave memory: [mem 0x000a0000-0x000effff]
[    0.000000] PM: Registered nosave memory: [mem 0x000f0000-0x000fffff]
[    0.000000] e820: [mem 0x80000000-0xfebfffff] available for PCI devices
[    0.000000] Booting paravirtualized kernel on KVM
[    0.000000] clocksource: refined-jiffies: mask: 0xffffffff max_cycles: 0xffffffff, max_idle_ns: 7645519600211568 ns
[    0.000000] setup_percpu: NR_CPUS:512 nr_cpumask_bits:512 nr_cpu_ids:2 nr_node_ids:1
[    0.000000] PERCPU: Embedded 33 pages/cpu @ffff88007fc00000 s95192 r8192 d31784 u1048576
[    0.000000] Built 1 zonelists in Node order, mobility grouping on.  Total pages: 515960
[    0.000000] Policy zone: DMA32
[    0.000000] Kernel command line: BOOT_IMAGE=/boot/vmlinuz-4.4.0-210-generic root=LABEL=cloudimg-rootfs ro console=tty1 console=ttyS0
[    0.000000] PID hash table entries: 4096 (order: 3, 32768 bytes)
[    0.000000] Memory: 2029984K/2096696K available (8644K kernel code, 1332K rwdata, 4044K rodata, 1492K init, 1164K bss, 66712K reserved, 0K cma-reserved)
[    0.000000] SLUB: HWalign=64, Order=0-3, MinObjects=0, CPUs=2, Nodes=1
[    0.000000] Hierarchical RCU implementation.
[    0.000000] 	Build-time adjustment of leaf fanout to 64.
[    0.000000] 	RCU restricting CPUs from NR_CPUS=512 to nr_cpu_ids=2.
[    0.000000] RCU: Adjusting geometry for rcu_fanout_leaf=64, nr_cpu_ids=2
[    0.000000] NR_IRQS:33024 nr_irqs:440 16
[    0.000000] Console: colour VGA+ 80x25
[    0.000000] console [tty1] enabled
[    0.000000] console [ttyS0] enabled
[    0.000000] tsc: Detected 2370.542 MHz processor
[    0.128756] Calibrating delay loop (skipped) preset value.. 4741.08 BogoMIPS (lpj=9482168)
[    0.129876] pid_max: default: 32768 minimum: 301
[    0.130546] ACPI: Core revision 20150930
[    0.131960] ACPI: 2 ACPI AML tables successfully acquired and loaded
[    0.133542] Security Framework initialized
[    0.134130] Yama: becoming mindful.
[    0.134681] AppArmor: AppArmor initialized
[    0.136489] Dentry cache hash table entries: 262144 (order: 9, 2097152 bytes)
[    0.137995] Inode-cache hash table entries: 131072 (order: 8, 1048576 bytes)
[    0.139108] Mount-cache hash table entries: 4096 (order: 3, 32768 bytes)
[    0.139989] Mountpoint-cache hash table entries: 4096 (order: 3, 32768 bytes)
[    0.142059] Initializing cgroup subsys io
[    0.142738] Initializing cgroup subsys memory
[    0.143369] Initializing cgroup subsys devices
[    0.143961] Initializing cgroup subsys freezer
[    0.144556] Initializing cgroup subsys net_cls
[    0.145181] Initializing cgroup subsys perf_event
[    0.145861] Initializing cgroup subsys net_prio
[    0.146507] Initializing cgroup subsys hugetlb
[    0.147141] Initializing cgroup subsys pids
[    0.156146] mce: CPU supports 0 MCE banks
[    0.156829] Last level iTLB entries: 4KB 1024, 2MB 1024, 4MB 512
[    0.157633] Last level dTLB entries: 4KB 2048, 2MB 2048, 4MB 1024, 1GB 0
[    0.158510] Spectre V1 : Mitigation: usercopy/swapgs barriers and __user pointer sanitization
[    0.159798] Spectre V2 : Spectre mitigation: LFENCE not serializing, switching to generic retpoline
[    0.161053] Spectre V2 : Mitigation: Full generic retpoline
[    0.161801] Spectre V2 : Spectre v2 / SpectreRSB mitigation: Filling RSB on context switch
[    0.164934] Freeing SMP alternatives memory: 36K
[    0.170247] ftrace: allocating 32380 entries in 127 pages
[    0.224090] smpboot: APIC(0) Converting physical 0 to logical package 0
[    0.225140] smpboot: Max logical packages: 1
[    0.225985] x2apic enabled
[    0.226690] Switched APIC routing to physical x2apic.
[    0.228337] ..TIMER: vector=0x30 apic1=0 pin1=2 apic2=-1 pin2=-1
[    0.337258] APIC calibration not consistent with PM-Timer: 103ms instead of 100ms
[    0.338967] APIC delta adjusted to PM-Timer: 6249844 (6479460)
[    0.340310] smpboot: CPU0: AMD Ryzen 5 4500U with Radeon Graphics (family: 0x17, model: 0x60, stepping: 0x1)
[    0.342515] Performance Events: Broken PMU hardware detected, using software events only.
[    0.344308] Failed to access perfctr msr (MSR c0010007 is 0)
[    0.350792] KVM setup paravirtual spinlock
[    0.352630] x86: Booting SMP configuration:
[    0.353616] .... node  #0, CPUs:      #1
[    0.354657] kvm-clock: cpu 1, msr 0:7ffe3041, secondary cpu clock
[    0.371817] mce: CPU supports 0 MCE banks
[    0.374829] x86: Booted up 1 node, 2 CPUs
[    0.375934] smpboot: Total of 2 processors activated (9482.16 BogoMIPS)
[    0.377744] devtmpfs: initialized
[    0.382451] evm: security.selinux
[    0.384582] evm: security.SMACK64
[    0.386780] evm: security.SMACK64EXEC
[    0.389363] evm: security.SMACK64TRANSMUTE
[    0.390129] evm: security.SMACK64MMAP
[    0.390723] evm: security.ima
[    0.391229] evm: security.capability
[    0.392097] clocksource: jiffies: mask: 0xffffffff max_cycles: 0xffffffff, max_idle_ns: 7645041785100000 ns
[    0.393341] futex hash table entries: 512 (order: 3, 32768 bytes)
[    0.394397] pinctrl core: initialized pinctrl subsystem
[    0.395261] RTC time: 18:20:16, date: 11/17/23
[    0.396212] NET: Registered protocol family 16
[    0.407445] cpuidle: using governor ladder
[    0.421923] cpuidle: using governor menu
[    0.424425] PCCT header not found.
[    0.426054] ACPI: bus type PCI registered
[    0.426785] acpiphp: ACPI Hot Plug PCI Controller Driver version: 0.5
[    0.427865] PCI: Using configuration type 1 for base access
[    0.429012] PCI: Using configuration type 1 for extended access
[    0.442292] ACPI: Added _OSI(Module Device)
[    0.443196] ACPI: Added _OSI(Processor Device)
[    0.443909] ACPI: Added _OSI(3.0 _SCP Extensions)
[    0.444699] ACPI: Added _OSI(Processor Aggregator Device)
[    0.446006] ACPI: Executed 1 blocks of module-level executable AML code
[    0.448613] ACPI: Interpreter enabled
[    0.449261] ACPI: (supports S0 S5)
[    0.449858] ACPI: Using IOAPIC for interrupt routing
[    0.450780] PCI: Using host bridge windows from ACPI; if necessary, use "pci=nocrs" and report a bug
[    0.454666] ACPI: PCI Root Bridge [PCI0] (domain 0000 [bus 00-ff])
[    0.455656] acpi PNP0A03:00: _OSC: OS supports [ExtendedConfig ASPM ClockPM Segments MSI]
[    0.457446] acpi PNP0A03:00: _OSC: platform does not support [PCIeCapability]
[    0.458759] acpi PNP0A03:00: _OSC: not requesting control; platform does not support [PCIeCapability]
[    0.460237] acpi PNP0A03:00: _OSC: OS requested [PCIeHotplug PME AER PCIeCapability]
[    0.461614] acpi PNP0A03:00: _OSC: platform willing to grant [PCIeHotplug PME AER]
[    0.462951] acpi PNP0A03:00: _OSC failed (AE_SUPPORT); disabling ASPM
[    0.464160] PCI host bridge to bus 0000:00
[    0.472130] pci_bus 0000:00: root bus resource [io  0x0000-0x0cf7 window]
[    0.473087] pci_bus 0000:00: root bus resource [io  0x0d00-0xffff window]
[    0.474095] pci_bus 0000:00: root bus resource [mem 0x000a0000-0x000bffff window]
[    0.475340] pci_bus 0000:00: root bus resource [mem 0x80000000-0xfdffffff window]
[    0.476672] pci_bus 0000:00: root bus resource [bus 00-ff]
[    0.478609] pci 0000:00:01.1: legacy IDE quirk: reg 0x10: [io  0x01f0-0x01f7]
[    0.479725] pci 0000:00:01.1: legacy IDE quirk: reg 0x14: [io  0x03f6]
[    0.480716] pci 0000:00:01.1: legacy IDE quirk: reg 0x18: [io  0x0170-0x0177]
[    0.481869] pci 0000:00:01.1: legacy IDE quirk: reg 0x1c: [io  0x0376]
[    0.513150] pci 0000:00:07.0: quirk: [io  0x4000-0x403f] claimed by PIIX4 ACPI
[    0.515417] pci 0000:00:07.0: quirk: [io  0x4100-0x410f] claimed by PIIX4 SMB
[    0.537482] ACPI: PCI Interrupt Link [LNKA] (IRQs 5 9 10 *11)
[    0.538850] ACPI: PCI Interrupt Link [LNKB] (IRQs 5 9 *10 11)
[    0.539981] ACPI: PCI Interrupt Link [LNKC] (IRQs 5 *9 10 11)
[    0.541126] ACPI: PCI Interrupt Link [LNKD] (IRQs 5 9 10 *11)
[    0.542360] ACPI: Enabled 2 GPEs in block 00 to 07
[    0.543386] vgaarb: setting as boot device: PCI:0000:00:02.0
[    0.544217] vgaarb: device added: PCI:0000:00:02.0,decodes=io+mem,owns=io+mem,locks=none
[    0.545451] vgaarb: loaded
[    0.545957] vgaarb: bridge control possible 0000:00:02.0
[    0.547006] SCSI subsystem initialized
[    0.547782] ACPI: bus type USB registered
[    0.548361] usbcore: registered new interface driver usbfs
[    0.549356] usbcore: registered new interface driver hub
[    0.550114] usbcore: registered new device driver usb
[    0.551197] PCI: Using ACPI for IRQ routing
[    0.552414] NetLabel: Initializing
[    0.553152] NetLabel:  domain hash size = 128
[    0.553726] NetLabel:  protocols = UNLABELED CIPSOv4
[    0.554743] NetLabel:  unlabeled traffic allowed by default
[    0.556039] amd_nb: Cannot enumerate AMD northbridges
[    0.556832] clocksource: Switched to clocksource kvm-clock
[    0.564885] AppArmor: AppArmor Filesystem Enabled
[    0.565663] pnp: PnP ACPI init
[    0.566594] pnp: PnP ACPI: found 3 devices
[    0.577732] clocksource: acpi_pm: mask: 0xffffff max_cycles: 0xffffff, max_idle_ns: 2085701024 ns
[    0.579433] NET: Registered protocol family 2
[    0.580547] TCP established hash table entries: 16384 (order: 5, 131072 bytes)
[    0.582454] TCP bind hash table entries: 16384 (order: 6, 262144 bytes)
[    0.584235] TCP: Hash tables configured (established 16384 bind 16384)
[    0.585790] UDP hash table entries: 1024 (order: 3, 32768 bytes)
[    0.586715] UDP-Lite hash table entries: 1024 (order: 3, 32768 bytes)
[    0.588583] NET: Registered protocol family 1
[    0.589505] pci 0000:00:00.0: Limiting direct PCI/PCI transfers
[    0.590805] pci 0000:00:01.0: Activating ISA DMA hang workarounds
[    0.592797] Unpacking initramfs...
[    0.806082] Freeing initrd memory: 14888K
[    0.807193] clocksource: tsc: mask: 0xffffffffffffffff max_cycles: 0x222b836da30, max_idle_ns: 440795247518 ns
[    0.809305] platform rtc_cmos: registered platform RTC device (no PNP device found)
[    0.811016] Scanning for low memory corruption every 60 seconds
[    0.813054] audit: initializing netlink subsys (disabled)
[    0.814290] audit: type=2000 audit(1700245221.274:1): initialized
[    0.815870] Initialise system trusted keyring
[    0.817034] HugeTLB registered 2 MB page size, pre-allocated 0 pages
[    0.819268] zbud: loaded
[    0.820351] VFS: Disk quotas dquot_6.6.0
[    0.820972] VFS: Dquot-cache hash table entries: 512 (order 0, 4096 bytes)
[    0.822159] squashfs: version 4.0 (2009/01/31) Phillip Lougher
[    0.823486] fuse init (API version 7.23)
[    0.824172] Key type big_key registered
[    0.824731] Allocating IMA MOK and blacklist keyrings.
[    0.826222] Key type asymmetric registered
[    0.826783] Asymmetric key parser 'x509' registered
[    0.827537] Block layer SCSI generic (bsg) driver version 0.4 loaded (major 249)
[    0.828682] io scheduler noop registered
[    0.829335] io scheduler deadline registered (default)
[    0.830203] io scheduler cfq registered
[    0.830837] pci_hotplug: PCI Hot Plug PCI Core version: 0.5
[    0.831582] pciehp: PCI Express Hot Plug Controller Driver version: 0.4
[    0.832599] ACPI: AC Adapter [AC] (on-line)
[    0.833994] input: Power Button as /devices/LNXSYSTM:00/LNXPWRBN:00/input/input0
[    0.835653] ACPI: Power Button [PWRF]
[    0.836566] input: Sleep Button as /devices/LNXSYSTM:00/LNXSLPBN:00/input/input1
[    0.838250] ACPI: Sleep Button [SLPF]
[    0.839337] GHES: HEST is not enabled!
[    0.839752] ACPI: Battery Slot [BAT0] (battery present)
[    0.841493] Serial: 8250/16550 driver, 32 ports, IRQ sharing enabled
[    0.864114] 00:02: ttyS0 at I/O 0x3f8 (irq = 4, base_baud = 115200) is a 16550A
[    0.867378] Linux agpgart interface v0.103
[    0.869557] loop: module loaded
[    0.870595] scsi host0: ata_piix
[    0.871321] scsi host1: ata_piix
[    0.872192] ata1: PATA max UDMA/33 cmd 0x1f0 ctl 0x3f6 bmdma 0xd000 irq 14
[    0.872976] ata2: PATA max UDMA/33 cmd 0x170 ctl 0x376 bmdma 0xd008 irq 15
[    0.873796] libphy: Fixed MDIO Bus: probed
[    0.874318] tun: Universal TUN/TAP device driver, 1.6
[    0.874878] tun: (C) 1999-2004 Max Krasnyansky <maxk@qualcomm.com>
[    0.875675] PPP generic driver version 2.4.2
[    0.876311] ehci_hcd: USB 2.0 'Enhanced' Host Controller (EHCI) Driver
[    0.877425] ehci-pci: EHCI PCI platform driver
[    0.878027] ehci-platform: EHCI generic platform driver
[    0.878684] ohci_hcd: USB 1.1 'Open' Host Controller (OHCI) Driver
[    0.879432] ohci-pci: OHCI PCI platform driver
[    0.880012] ohci-platform: OHCI generic platform driver
[    0.880661] uhci_hcd: USB Universal Host Controller Interface driver
[    0.881524] i8042: PNP: PS/2 Controller [PNP0303:PS2K,PNP0f03:PS2M] at 0x60,0x64 irq 1,12
[    0.883051] serio: i8042 KBD port at 0x60,0x64 irq 1
[    0.883698] serio: i8042 AUX port at 0x60,0x64 irq 12
[    0.884555] mousedev: PS/2 mouse device common for all mice
[    0.885567] input: AT Translated Set 2 keyboard as /devices/platform/i8042/serio0/input/input2
[    0.887247] rtc_cmos rtc_cmos: rtc core: registered rtc_cmos as rtc0
[    0.888345] rtc_cmos rtc_cmos: alarms up to one day, 114 bytes nvram
[    0.889138] i2c /dev entries driver
[    0.889730] device-mapper: uevent: version 1.0.3
[    0.890515] device-mapper: ioctl: 4.34.0-ioctl (2015-10-28) initialised: dm-devel@redhat.com
[    0.891652] ledtrig-cpu: registered to indicate activity on CPUs
[    0.892941] NET: Registered protocol family 10
[    0.894090] NET: Registered protocol family 17
[    0.894687] Key type dns_resolver registered
[    0.895765] registered taskstats version 1
[    0.896390] Loading compiled-in X.509 certificates
[    0.897587] Loaded X.509 cert 'Build time autogenerated kernel key: cf00e047681d67edb2720680708b7d9498083038'
[    0.899022] zswap: loaded using pool lzo/zbud
[    0.903305] Key type trusted registered
[    0.908408] Key type encrypted registered
[    0.909161] AppArmor: AppArmor sha1 policy hashing enabled
[    0.910224] ima: No TPM chip found, activating TPM-bypass!
[    0.911524] ima: Allocated hash algorithm: sha1
[    0.912601] evm: HMAC attrs: 0x1
[    0.913812]   Magic number: 15:489:342
[    0.915612] rtc_cmos rtc_cmos: setting system clock to 2023-11-17 18:20:16 UTC (1700245216)
[    0.919805] BIOS EDD facility v0.16 2004-Jun-25, 0 devices found
[    0.921004] EDD information not available.
[    1.054273] Freeing unused kernel memory: 1492K
[    1.060020] Write protecting the kernel read-only data: 14336k
[    1.062932] Freeing unused kernel memory: 1584K
[    1.064596] Freeing unused kernel memory: 52K
Loading, please wait...
starting version 229
[    1.078874] random: systemd-udevd: uninitialized urandom read (16 bytes read, 3 bits of entropy available)
[    1.079535] random: udevadm: uninitialized urandom read (16 bytes read, 3 bits of entropy available)
[    1.079563] random: udevadm: uninitialized urandom read (16 bytes read, 3 bits of entropy available)
[    1.083296] random: systemd-udevd: uninitialized urandom read (16 bytes read, 3 bits of entropy available)
[    1.084530] random: systemd-udevd: uninitialized urandom read (16 bytes read, 3 bits of entropy available)
[    1.085781] random: systemd-udevd: uninitialized urandom read (16 bytes read, 3 bits of entropy available)
[    1.087434] random: udevadm: uninitialized urandom read (16 bytes read, 3 bits of entropy available)
[    1.088077] random: systemd-udevd: uninitialized urandom read (16 bytes read, 3 bits of entropy available)
[    1.088096] random: systemd-udevd: uninitialized urandom read (16 bytes read, 3 bits of entropy available)
[    1.088107] random: systemd-udevd: uninitialized urandom read (16 bytes read, 3 bits of entropy available)
[    1.123880] e1000: Intel(R) PRO/1000 Network Driver - version 7.3.21-k8-NAPI
[    1.125175] e1000: Copyright (c) 1999-2006 Intel Corporation.
[    1.126290] Fusion MPT base driver 3.04.20
[    1.127128] Copyright (c) 1999-2008 LSI Corporation
[    1.130870] Fusion MPT SPI Host driver 3.04.20
[    1.150824] AVX2 version of gcm_enc/dec engaged.
[    1.151498] AES CTR mode by8 optimization enabled
[    1.338875] input: ImExPS/2 Generic Explorer Mouse as /devices/platform/i8042/serio1/input/input4
[    1.451508] e1000 0000:00:03.0 eth0: (PCI:33MHz:32-bit) 02:be:82:6b:cc:1d
[    1.452355] e1000 0000:00:03.0 eth0: Intel(R) PRO/1000 Network Connection
[    1.884728] e1000 0000:00:08.0 eth1: (PCI:33MHz:32-bit) 08:00:27:cb:86:5b
[    1.886094] e1000 0000:00:08.0 eth1: Intel(R) PRO/1000 Network Connection
[    1.887846] mptbase: ioc0: Initiating bringup
[    1.888394] e1000 0000:00:03.0 enp0s3: renamed from eth0
[    1.897223] e1000 0000:00:08.0 enp0s8: renamed from eth1
[    2.961045] ioc0: LSI53C1030 A0: Capabilities={Initiator}
[    3.122310] scsi host2: ioc0: LSI53C1030 A0, FwRev=00000000h, Ports=1, MaxQ=256, IRQ=20
[    3.233554] scsi 2:0:0:0: Direct-Access     VBOX     HARDDISK         1.0  PQ: 0 ANSI: 5
[    3.236441] scsi target2:0:0: Beginning Domain Validation
[    3.239006] scsi target2:0:0: Domain Validation skipping write tests
[    3.240111] scsi target2:0:0: Ending Domain Validation
[    3.240813] scsi target2:0:0: asynchronous
[    3.242121] scsi 2:0:1:0: Direct-Access     VBOX     HARDDISK         1.0  PQ: 0 ANSI: 5
[    3.243260] scsi target2:0:1: Beginning Domain Validation
[    3.244571] scsi target2:0:1: Domain Validation skipping write tests
[    3.245506] scsi target2:0:1: Ending Domain Validation
[    3.246210] scsi target2:0:1: asynchronous
[    3.255373] sd 2:0:0:0: [sda] 83886080 512-byte logical blocks: (42.9 GB/40.0 GiB)
[    3.256544] sd 2:0:0:0: Attached scsi generic sg0 type 0
[    3.257279] sd 2:0:0:0: [sda] Write Protect is off
[    3.257818] sd 2:0:1:0: Attached scsi generic sg1 type 0
[    3.257972] sd 2:0:1:0: [sdb] 20480 512-byte logical blocks: (10.5 MB/10.0 MiB)
[    3.258035] sd 2:0:1:0: [sdb] Write Protect is off
[    3.258077] sd 2:0:1:0: [sdb] Incomplete mode parameter data
[    3.258078] sd 2:0:1:0: [sdb] Assuming drive cache: write through
[    3.259330] sd 2:0:1:0: [sdb] Attached SCSI disk
[    3.262803] sd 2:0:0:0: [sda] Incomplete mode parameter data
[    3.263469] sd 2:0:0:0: [sda] Assuming drive cache: write through
[    3.265215]  sda: sda1
[    3.266166] sd 2:0:0:0: [sda] Attached SCSI disk
Begin: Loading essential drivers ... [    4.569559] md: linear personality registered for level -1
[    4.573589] md: multipath personality registered for level -4
[    4.577009] md: raid0 personality registered for level 0
[    4.580975] md: raid1 personality registered for level 1
[    4.648935] raid6: sse2x1   gen()  6906 MB/s
[    4.716977] raid6: sse2x1   xor()  6613 MB/s
[    4.784959] raid6: sse2x2   gen() 13141 MB/s
[    4.852950] raid6: sse2x2   xor()  7695 MB/s
[    4.920887] raid6: sse2x4   gen() 13933 MB/s
[    4.989016] raid6: sse2x4   xor()  7780 MB/s
[    5.057661] raid6: avx2x1   gen() 14781 MB/s
[    5.124920] raid6: avx2x2   gen() 25672 MB/s
[    5.197412] raid6: avx2x4   gen() 18307 MB/s
[    5.199906] raid6: using algorithm avx2x2 gen() 25672 MB/s
[    5.203817] raid6: using avx2x2 recovery algorithm
[    5.206013] xor: automatically using best checksumming function:
[    5.244853]    avx       : 12418.000 MB/sec
[    5.246834] async_tx: api initialized (async)
[    5.255592] md: raid6 personality registered for level 6
[    5.256826] md: raid5 personality registered for level 5
[    5.258035] md: raid4 personality registered for level 4
[    5.265730] md: raid10 personality registered for level 10
done.
Begin: Running /scripts/init-premount ... done.
Begin: Mounting root file system ... Begin: Running /scripts/local-top ... done.
Begin: Running /scripts/local-premount ... [    5.302176] Btrfs loaded
Scanning for Btrfs filesystems
done.
Warning: fsck not present, so skipping root file system
[    5.332399] EXT4-fs (sda1): mounted filesystem with ordered data mode. Opts: (null)
done.
Begin: Running /scripts/local-bottom ... done.
Begin: Running /scripts/init-bottom ... done.
[    5.430578] systemd[1]: systemd 229 running in system mode. (+PAM +AUDIT +SELINUX +IMA +APPARMOR +SMACK +SYSVINIT +UTMP +LIBCRYPTSETUP +GCRYPT +GNUTLS +ACL +XZ -LZ4 +SECCOMP +BLKID +ELFUTILS +KMOD -IDN)
[    5.434271] systemd[1]: Detected virtualization oracle.
[    5.435022] systemd[1]: Detected architecture x86-64.

Welcome to [1mUbuntu 16.04.7 LTS[0m!

[    5.445484] systemd[1]: Set hostname to <dev-env-e4l>.
[    5.568916] systemd[1]: Reached target Swap.
[[0;32m  OK  [0m] Reached target Swap.
[    5.577151] systemd[1]: Listening on udev Kernel Socket.
[[0;32m  OK  [0m] Listening on udev Kernel Socket.
[    5.579148] systemd[1]: Set up automount Arbitrary Executable File Formats File System Automount Point.
[[0;32m  OK  [0m] Set up automount Arbitrary Executab...ats File System Automount Point.
[    5.581245] systemd[1]: Reached target User and Group Name Lookups.
[[0;32m  OK  [0m] Reached target User and Group Name Lookups.
[    5.582578] systemd[1]: Reached target Encrypted Volumes.
[[0;32m  OK  [0m] Reached target Encrypted Volumes.
[    5.583866] systemd[1]: Listening on LVM2 metadata daemon socket.
[[0;32m  OK  [0m] Listening on LVM2 metadata daemon socket.
[    5.585449] systemd[1]: Reached target System Time Synchronized.
[[0;32m  OK  [0m] Reached target System Time Synchronized.
[    5.586770] systemd[1]: Listening on /dev/initctl Compatibility Named Pipe.
[[0;32m  OK  [0m] Listening on /dev/initctl Compatibility Named Pipe.
[    5.588708] systemd[1]: Created slice User and Session Slice.
[[0;32m  OK  [0m] Created slice User and Session Slice.
[    5.590061] systemd[1]: Started Trigger resolvconf update for networkd DNS.
[[0;32m  OK  [0m] Started Trigger resolvconf update for networkd DNS.
[    5.591530] systemd[1]: Started Forward Password Requests to Wall Directory Watch.
[[0;32m  OK  [0m] Started Forward Password Requests to Wall Directory Watch.
[    5.593483] systemd[1]: Listening on udev Control Socket.
[[0;32m  OK  [0m] Listening on udev Control Socket.
[    5.594767] systemd[1]: Listening on fsck to fsckd communication Socket.
[[0;32m  OK  [0m] Listening on fsck to fsckd communication Socket.
[    5.596121] systemd[1]: Listening on Syslog Socket.
[[0;32m  OK  [0m] Listening on Syslog Socket.
[    5.597290] systemd[1]: Listening on Journal Audit Socket.
[[0;32m  OK  [0m] Listening on Journal Audit Socket.
[    5.598540] systemd[1]: Listening on Journal Socket (/dev/log).
[[0;32m  OK  [0m] Listening on Journal Socket (/dev/log).
[    5.600642] systemd[1]: Created slice System Slice.
[[0;32m  OK  [0m] Created slice System Slice.
[    5.602393] systemd[1]: Created slice system-serial\x2dgetty.slice.
[[0;32m  OK  [0m] Created slice system-serial\x2dgetty.slice.
[    5.609093] systemd[1]: Reached target Slices.
[[0;32m  OK  [0m] Reached target Slices.
[    5.610742] systemd[1]: Listening on LVM2 poll daemon socket.
[[0;32m  OK  [0m] Listening on LVM2 poll daemon socket.
[    5.612983] systemd[1]: Listening on Journal Socket.
[[0;32m  OK  [0m] Listening on Journal Socket.
[    5.629039] systemd[1]: Mounting Huge Pages File System...
         Mounting Huge Pages File System...
[    5.634870] systemd[1]: Starting Load Kernel Modules...
         Starting Load Kernel Modules...
[    5.636567] systemd[1]: Starting Uncomplicated firewall...
         Starting Uncomplicated firewall...
[    5.646848] Loading iSCSI transport class v2.0-870.
[    5.647368] systemd[1]: Mounting Debug File System...
         Mounting Debug File System...
[    5.652102] systemd[1]: Starting Journal Service...
         Starting Journal Service...
[    5.655200] systemd[1]: Mounting POSIX Message Queue File System...
         Mounting POSIX Message Queue File System...
[    5.660449] systemd[1]: Starting File System Check on Root Device...
         Starting File System Check on Root Device...
[    5.663542] systemd[1]: Starting Nameserver information manager...
[    5.664802] iscsi: registered transport (tcp)
         Starting Nameserver information manager...
[    5.667446] systemd[1]: Starting Set console keymap...
         Starting Set console keymap...
[    5.669747] systemd[1]: Starting Create list of required static device nodes for the current kernel...
         Starting Create list of required st... nodes for the current kernel...
[    5.673091] systemd[1]: Listening on Device-mapper event daemon FIFOs.
[[0;32m  OK  [0m] Listening on Device-mapper event daemon FIFOs.
[    5.675654] systemd[1]: Starting Monitoring of LVM2 mirrors, snapshots etc. using dmeventd or progress polling...
         Starting Monitoring of LVM2 mirrors... dmeventd or progress polling...
[    5.681583] systemd[1]: Mounted Huge Pages File System.
[[0;32m  OK  [0m] Mounted Huge Pages File System.
[    5.689072] systemd[1]: Mounted POSIX Message Queue File System.
[[0;32m  OK  [0m] Mounted POSIX Message Queue File System.
[    5.692207] systemd[1]: Mounted Debug File System.
[[0;32m  OK  [0m] Mounted Debug File System.
[    5.694238] systemd[1]: Started Uncomplicated firewall.
[[0;32m  OK  [0m] Started Uncomplicated firewall.
[    5.715290] iscsi: registered transport (iser)
[    5.718176] systemd[1]: Started File System Check on Root Device.
[[0;32m  OK  [0m] Started File System Check on Root Device.
[    5.722172] systemd[1]: Started Create list of required static device nodes for the current kernel.
[[0;32m  OK  [0m] Started Create list of required sta...ce nodes for the current kernel.
[    5.729310] systemd[1]: Started Load Kernel Modules.
[[0;32m  OK  [0m] Started Load Kernel Modules.
[    5.734180] systemd[1]: Started Set console keymap.
[[0;32m  OK  [0m] Started Set console keymap.
[    5.761189] systemd[1]: Started Nameserver information manager.
[[0;32m  OK  [0m] Started Nameserver information manager.
[    5.769436] systemd[1]: Started Journal Service.
[[0;32m  OK  [0m] Started Journal Service.
[[0;32m  OK  [0m] Started LVM2 metadata daemon.
[[0;32m  OK  [0m] Started File System Check Daemon to report status.
         Mounting FUSE Control File System...
         Starting Apply Kernel Variables...
         Starting Create Static Device Nodes in /dev...
         Starting Remount Root and Kernel File Systems...
[[0;32m  OK  [0m] Mounted FUSE Control File System.
[    5.784719] EXT4-fs (sda1): re-mounted. Opts: (null)
[[0;32m  OK  [0m] Started Remount Root and Kernel File Systems.
         Starting udev Coldplug all Devices...
         Starting Load/Save Random Seed...
         Starting Flush Journal to Persistent Storage...
[[0;32m  OK  [0m] Started Apply Kernel Variables.
[[0;32m  OK  [0m] Started Load/Save Random Seed.
[[0;32m  OK  [0m] Started Create Static Device Nodes in /dev.
         Starting udev Kernel Device Manager...
[[0;32m  OK  [0m] Started Flush Journal to Persistent Storage.
[[0;32m  OK  [0m] Started udev Coldplug all Devices.
[[0;32m  OK  [0m] Started udev Kernel Device Manager.
[[0;32m  OK  [0m] Started Dispatch Password Requests to Console Directory Watch.
[[0;32m  OK  [0m] Started Monitoring of LVM2 mirrors,...ng dmeventd or progress polling.
[[0;32m  OK  [0m] Reached target Local File Systems (Pre).
[[0;32m  OK  [0m] Reached target Local File Systems.
         Starting Set console font and keymap...
         Starting Initial cloud-init job (pre-networking)...
         Starting Tell Plymouth To Write Out Runtime Data...
         Starting Create Volatile Files and Directories...
         Starting LSB: AppArmor initialization...
[[0;32m  OK  [0m] Started Tell Plymouth To Write Out Runtime Data.
[[0;32m  OK  [0m] Found device /dev/ttyS0.
[[0;32m  OK  [0m] Listening on Load/Save RF Kill Switch Status /dev/rfkill Watch.
[[0;32m  OK  [0m] Started LSB: AppArmor initialization.
         Starting Load AppArmor profiles managed internally by snapd...
[[0;32m  OK  [0m] Started Load AppArmor profiles managed internally by snapd.
[[0;32m  OK  [0m] Found device 82540EM Gigabit Ethern...r (PRO/1000 MT Desktop Adapter).
[[0;32m  OK  [0m] Found device 82540EM Gigabit Ethern...r (PRO/1000 MT Desktop Adapter).
[[0;32m  OK  [0m] Started Set console font and keymap.
[[0;32m  OK  [0m] Created slice system-getty.slice.
[    7.219484] cloud-init[497]: Cloud-init v. 21.1-19-gbad84ad4-0ubuntu1~16.04.2 running 'init-local' at Fri, 17 Nov 2023 18:20:22 +0000. Up 6.94 seconds.
[[0;32m  OK  [0m] Started Initial cloud-init job (pre-networking).
[[0;32m  OK  [0m] Reached target Network (Pre).
[[0;32m  OK  [0m] Started ifup for enp0s3.
         Starting Raise network interfaces...
[[0;32m  OK  [0m] Started ifup for enp0s8.
[[0;32m  OK  [0m] Started Raise network interfaces.
         Starting Initial cloud-init job (metadata service crawler)...
[[0;32m  OK  [0m] Reached target Network.
[    8.128674] cloud-init[1074]: Cloud-init v. 21.1-19-gbad84ad4-0ubuntu1~16.04.2 running 'init' at Fri, 17 Nov 2023 18:20:23 +0000. Up 7.81 seconds.
[    8.131771] cloud-init[1074]: ci-info: ++++++++++++++++++++++++++++++++++++++Net device info+++++++++++++++++++++++++++++++++++++++
[    8.141075] cloud-init[1074]: ci-info: +--------+------+-----------------------------+---------------+--------+-------------------+
[    8.143694] cloud-init[1074]: ci-info: | Device |  Up  |           Address           |      Mask     | Scope  |     Hw-Address    |
[    8.146319] cloud-init[1074]: ci-info: +--------+------+-----------------------------+---------------+--------+-------------------+
[    8.148469] cloud-init[1074]: ci-info: | enp0s3 | True |          10.0.2.15          | 255.255.255.0 | global | 02:be:82:6b:cc:1d |
[    8.150612] cloud-init[1074]: ci-info: | enp0s3 | True |  fe80::be:82ff:fe6b:cc1d/64 |       .       |  link  | 02:be:82:6b:cc:1d |
[    8.153503] cloud-init[1074]: ci-info: | enp0s8 | True |        192.168.56.94        | 255.255.255.0 | global | 08:00:27:cb:86:5b |
[    8.155607] cloud-init[1074]: ci-info: | enp0s8 | True | fe80::a00:27ff:fecb:865b/64 |       .       |  link  | 08:00:27:cb:86:5b |
[    8.160721] cloud-init[1074]: ci-info: |   lo   | True |          127.0.0.1          |   255.0.0.0   |  host  |         .         |
[    8.164626] cloud-init[1074]: ci-info: |   lo   | True |           ::1/128           |       .       |  host  |         .         |
[    8.172836] cloud-init[1074]: ci-info: +--------+------+-----------------------------+---------------+--------+-------------------+
[    8.180507] cloud-init[1074]: ci-info: ++++++++++++++++++++++++++++Route IPv4 info++++++++++++++++++++++++++++
[    8.189497] cloud-init[1074]: ci-info: +-------+--------------+----------+---------------+-----------+-------+
[    8.191296] cloud-init[1074]: ci-info: | Route | Destination  | Gateway  |    Genmask    | Interface | Flags |
[    8.201079] cloud-init[1074]: ci-info: +-------+--------------+----------+---------------+-----------+-------+
[    8.203107] cloud-init[1074]: ci-info: |   0   |   0.0.0.0    | 10.0.2.2 |    0.0.0.0    |   enp0s3  |   UG  |
[    8.205229] cloud-init[1074]: ci-info: |   1   |   10.0.2.0   | 0.0.0.0  | 255.255.255.0 |   enp0s3  |   U   |[[0;32m  OK  [0m] Started Initial cloud-init job (metadata service crawler).
[[0;32m  OK  [0m] Reached target Network is Online.

[    8.206841] cloud-init[1074]: ci-info: |   2   | 192.168.56.0 | 0.0.0.0  | 255.255.255.0 |   enp0s8  |   U   |
[    8.207544] cloud-init[1074]: ci-info: +-------+--------------+----------+---------------+-----------+-------+
[    8.208303] cloud-init[1074]: ci-info: +++++++++++++++++++Route IPv6 info+++++++++++++++++++
[    8.208951] cloud-init[1074]: ci-info: +-------+-------------+---------+-----------+-------+
[    8.209688] cloud-init[1074]: ci-info: | Route | Destination | Gateway | Interface | Flags |
[    8.210378] cloud-init[1074]: ci-info: +-------+-------------+---------+-----------+-------+
[    8.211084] cloud-init[1074]: ci-info: |   0   |  fe80::/64  |    ::   |   enp0s8  |   U   |
[    8.211858] cloud-init[1074]: ci-info: |   1   |  fe80::/64  |    ::   |   enp0s3  |   U   |
[    8.213170] cloud-init[1074]: ci-info: |   4   |   ff00::/8  |    ::   |   enp0s8  |   U   |
[    8.213927] cloud-init[1074]: ci-info: |   5   |   ff00::/8  |    ::   |   enp0s3  |   U   |
[    8.214507] cloud-init[1074]: ci-info: +-------+-------------+---------+-----------+-------+
         Starting iSCSI initiator daemon (iscsid)...
[[0;32m  OK  [0m] Reached target Cloud-config availability.
[[0;32m  OK  [0m] Started iSCSI initiator daemon (iscsid).
         Starting Login to default iSCSI targets...
[[0;32m  OK  [0m] Started Login to default iSCSI targets.
[[0;32m  OK  [0m] Reached target Remote File Systems (Pre).
         Mounting /vagrant...
         Mounting /vagrant_data...
         Mounting /home/vagrant/shared...
[[0;1;31mFAILED[0m] Failed to mount /vagrant.
See 'systemctl status vagrant.mount' for details.
[[0;1;33mDEPEND[0m] Dependency failed for Remote File Systems.
[[0;1;31mFAILED[0m] Failed to mount /vagrant_data.
See 'systemctl status vagrant_data.mount' for details.
[[0;1;31mFAILED[0m] Failed to mount /home/vagrant/shared.
See 'systemctl status home-vagrant-shared.mount' for details.
[[0;32m  OK  [0m] Started Create Volatile Files and Directories.
         Starting Update UTMP about System Boot/Shutdown...
[[0;32m  OK  [0m] Started Update UTMP about System Boot/Shutdown.
[[0;32m  OK  [0m] Reached target System Initialization.
[[0;32m  OK  [0m] Started Daily apt download activities.
[[0;32m  OK  [0m] Listening on D-Bus System Message Bus Socket.
         Starting Socket activation for snappy daemon.
[[0;32m  OK  [0m] Listening on ACPID Listen Socket.
[[0;32m  OK  [0m] Started Message of the Day.
[[0;32m  OK  [0m] Started Daily apt upgrade and clean activities.
         Starting LXD - unix socket.
[[0;32m  OK  [0m] Started ACPI Events Check.
[[0;32m  OK  [0m] Reached target Paths.
[[0;32m  OK  [0m] Listening on UUID daemon activation socket.
[[0;32m  OK  [0m] Started Daily Cleanup of Temporary Directories.
[[0;32m  OK  [0m] Reached target Timers.
         Starting Docker Socket for the API.
[[0;32m  OK  [0m] Listening on Socket activation for snappy daemon.
[[0;32m  OK  [0m] Listening on LXD - unix socket.
[[0;32m  OK  [0m] Listening on Docker Socket for the API.
[[0;32m  OK  [0m] Reached target Sockets.
[[0;32m  OK  [0m] Reached target Basic System.
[[0;32m  OK  [0m] Started Regular background program processing daemon.
         Starting LSB: automatic crash report generation...
[[0;32m  OK  [0m] Started Deferred execution scheduler.
         Starting Login Service...
[[0;32m  OK  [0m] Started FUSE filesystem for LXC.
         Starting LSB: MD monitoring daemon...
[[0;32m  OK  [0m] Started GitLab Runner.
         Starting Accounts Service...
         Starting LSB: Set the CPU Frequency Scaling governor to "ondemand"...
[[0;32m  OK  [0m] Started ACPI event daemon.
         Starting LXD - container startup/shutdown...
         Starting Virtualbox guest utils...
[[0;32m  OK  [0m] Started D-Bus System Message Bus.
         Starting System Logging Service...
         Starting LSB: daemon to balance interrupts for SMP systems...
         Starting containerd container runtime...
         Starting OpenBSD Secure Shell server...
         Starting Permit User Sessions...
         Starting /etc/rc.local Compatibility...
         Starting LSB: Record successful boot for GRUB...
         Starting Snap Daemon...
[[0;32m  OK  [0m] Started Permit User Sessions.
[[0;32m  OK  [0m] Started /etc/rc.local Compatibility.
[[0;32m  OK  [0m] Started System Logging Service.
         Starting Authenticate and Authorize Users to Run Privileged Tasks...
         Starting Terminate Plymouth Boot Screen...
         Starting Hold until boot process finishes up...
[[0;32m  OK  [0m] Started LSB: Set the CPU Frequency Scaling governor to "ondemand".
[[0;32m  OK  [0m] Started Hold until boot process finishes up.
[[0;32m  OK  [0m] Started Login Service.
[[0;32m  OK  [0m] Started Unattended Upgrades Shutdown.
         Starting Set console scheme...
[[0;32m  OK  [0m] Started Serial Getty on ttyS0.
[[0;32m  OK  [0m] Started Getty on tty1.
[[0;32m  OK  [0m] Reached target Login Prompts.
[[0;32m  OK  [0m] Started Terminate Plymouth Boot Screen.
[[0;32m  OK  [0m] Started Set console scheme.
[[0;32m  OK  [0m] Started LSB: MD monitoring daemon.
[[0;32m  OK  [0m] Started LSB: daemon to balance interrupts for SMP systems.
[[0;32m  OK  [0m] Started LSB: automatic crash report generation.
[[0;32m  OK  [0m] Started LSB: Record successful boot for GRUB.
[[0;32m  OK  [0m] Started Authenticate and Authorize Users to Run Privileged Tasks.
[[0;32m  OK  [0m] Started Accounts Service.
[[0;32m  OK  [0m] Started OpenBSD Secure Shell server.
[[0;32m  OK  [0m] Started LXD - container startup/shutdown.
[[0;32m  OK  [0m] Started Virtualbox guest utils.
[[0;32m  OK  [0m] Started Snap Daemon.
         Starting Wait until snapd is fully seeded...
[[0;32m  OK  [0m] Started Wait until snapd is fully seeded.
         Starting Apply the settings specified in cloud-config...
[[0;32m  OK  [0m] Started containerd container runtime.
         Starting Docker Application Container Engine...
[   11.558769] cloud-init[1374]: Cloud-init v. 21.1-19-gbad84ad4-0ubuntu1~16.04.2 running 'modules:config' at Fri, 17 Nov 2023 18:20:27 +0000. Up 11.43 seconds.
[[0;32m  OK  [0m] Started Apply the settings specified in cloud-config.
         Starting cloud-id shim...
[[0;32m  OK  [0m] Started Docker Application Container Engine.
[[0;32m  OK  [0m] Started cloud-id shim.
[[0;32m  OK  [0m] Reached target Multi-User System.
[[0;32m  OK  [0m] Reached target Graphical Interface.
         Starting Execute cloud user/final scripts...
         Starting Update UTMP about System Runlevel Changes...
[[0;32m  OK  [0m] Started GitLab Runit supervision process.
[[0;32m  OK  [0m] Started Update UTMP about System Runlevel Changes.
[   12.659002] cloud-init[1584]: Cloud-init v. 21.1-19-gbad84ad4-0ubuntu1~16.04.2 running 'modules:final' at Fri, 17 Nov 2023 18:20:28 +0000. Up 12.46 seconds.
[   12.660330] cloud-init[1584]: Cloud-init v. 21.1-19-gbad84ad4-0ubuntu1~16.04.2 finished at Fri, 17 Nov 2023 18:20:28 +0000. Datasource DataSourceNoCloud [seed=/dev/sdb][dsmode=net].  Up 12.64 seconds
[[0;32m  OK  [0m] Created slice User Slice of vagrant.
         Starting User Manager for UID 1000...
[[0;32m  OK  [0m] Started Execute cloud user/final scripts.
[[0;32m  OK  [0m] Started Session 1 of user vagrant.
[[0;32m  OK  [0m] Reached target Cloud-init target.
[[0;32m  OK  [0m] Started User Manager for UID 1000.

Ubuntu 16.04.7 LTS dev-env-e4l ttyS0

dev-env-e4l login: 