[    0.000000] Initializing cgroup subsys cpuset
[    0.000000] Initializing cgroup subsys cpu
[    0.000000] Initializing cgroup subsys cpuacct
[    0.000000] Linux version 4.4.0-210-generic (buildd@lgw01-amd64-009) (gcc version 5.4.0 20160609 (Ubuntu 5.4.0-6ubuntu1~16.04.12) ) #242-Ubuntu SMP Fri Apr 16 09:57:56 UTC 2021 (Ubuntu 4.4.0-210.242-generic 4.4.262)
[    0.000000] Command line: BOOT_IMAGE=/boot/vmlinuz-4.4.0-210-generic root=LABEL=cloudimg-rootfs ro console=tty1 console=ttyS0
[    0.000000] KERNEL supported cpus:
[    0.000000]   Intel GenuineIntel
[    0.000000]   AMD AuthenticAMD
[    0.000000]   Centaur CentaurHauls
[    0.000000] [Firmware Bug]: TSC doesn't count with P0 frequency!
[    0.000000] x86/fpu: xstate_offset[2]:  576, xstate_sizes[2]:  256
[    0.000000] x86/fpu: Supporting XSAVE feature 0x01: 'x87 floating point registers'
[    0.000000] x86/fpu: Supporting XSAVE feature 0x02: 'SSE registers'
[    0.000000] x86/fpu: Supporting XSAVE feature 0x04: 'AVX registers'
[    0.000000] x86/fpu: Enabled xstate features 0x7, context size is 832 bytes, using 'standard' format.
[    0.000000] e820: BIOS-provided physical RAM map:
[    0.000000] BIOS-e820: [mem 0x0000000000000000-0x000000000009fbff] usable
[    0.000000] BIOS-e820: [mem 0x000000000009fc00-0x000000000009ffff] reserved
[    0.000000] BIOS-e820: [mem 0x00000000000f0000-0x00000000000fffff] reserved
[    0.000000] BIOS-e820: [mem 0x0000000000100000-0x000000003ffeffff] usable
[    0.000000] BIOS-e820: [mem 0x000000003fff0000-0x000000003fffffff] ACPI data
[    0.000000] BIOS-e820: [mem 0x00000000fec00000-0x00000000fec00fff] reserved
[    0.000000] BIOS-e820: [mem 0x00000000fee00000-0x00000000fee00fff] reserved
[    0.000000] BIOS-e820: [mem 0x00000000fffc0000-0x00000000ffffffff] reserved
[    0.000000] NX (Execute Disable) protection: active
[    0.000000] SMBIOS 2.5 present.
[    0.000000] Hypervisor detected: KVM
[    0.000000] Kernel/User page tables isolation: disabled
[    0.000000] e820: last_pfn = 0x3fff0 max_arch_pfn = 0x400000000
[    0.000000] MTRR: Disabled
[    0.000000] x86/PAT: MTRRs disabled, skipping PAT initialization too.
[    0.000000] CPU MTRRs all blank - virtualized system.
[    0.000000] x86/PAT: Configuration [0-7]: WB  WT  UC- UC  WB  WT  UC- UC  
[    0.000000] found SMP MP-table at [mem 0x0009fff0-0x0009ffff] mapped at [ffff88000009fff0]
[    0.000000] Scanning 1 areas for low memory corruption
[    0.000000] RAMDISK: [mem 0x362dc000-0x37165fff]
[    0.000000] ACPI: Early table checksum verification disabled
[    0.000000] ACPI: RSDP 0x00000000000E0000 000024 (v02 VBOX  )
[    0.000000] ACPI: XSDT 0x000000003FFF0030 00003C (v01 VBOX   VBOXXSDT 00000001 ASL  00000061)
[    0.000000] ACPI: FACP 0x000000003FFF00F0 0000F4 (v04 VBOX   VBOXFACP 00000001 ASL  00000061)
[    0.000000] ACPI: DSDT 0x000000003FFF0470 002325 (v02 VBOX   VBOXBIOS 00000002 INTL 20200925)
[    0.000000] ACPI: FACS 0x000000003FFF0200 000040
[    0.000000] ACPI: FACS 0x000000003FFF0200 000040
[    0.000000] ACPI: APIC 0x000000003FFF0240 00005C (v02 VBOX   VBOXAPIC 00000001 ASL  00000061)
[    0.000000] ACPI: SSDT 0x000000003FFF02A0 0001CC (v01 VBOX   VBOXCPUT 00000002 INTL 20200925)
[    0.000000] No NUMA configuration found
[    0.000000] Faking a node at [mem 0x0000000000000000-0x000000003ffeffff]
[    0.000000] NODE_DATA(0) allocated [mem 0x3ffeb000-0x3ffeffff]
[    0.000000] kvm-clock: Using msrs 4b564d01 and 4b564d00
[    0.000000] kvm-clock: cpu 0, msr 0:3ffe3001, primary cpu clock
[    0.000000] kvm-clock: using sched offset of 2936142157 cycles
[    0.000000] clocksource: kvm-clock: mask: 0xffffffffffffffff max_cycles: 0x1cd42e4dffb, max_idle_ns: 881590591483 ns
[    0.000000] Zone ranges:
[    0.000000]   DMA      [mem 0x0000000000001000-0x0000000000ffffff]
[    0.000000]   DMA32    [mem 0x0000000001000000-0x000000003ffeffff]
[    0.000000]   Normal   empty
[    0.000000]   Device   empty
[    0.000000] Movable zone start for each node
[    0.000000] Early memory node ranges
[    0.000000]   node   0: [mem 0x0000000000001000-0x000000000009efff]
[    0.000000]   node   0: [mem 0x0000000000100000-0x000000003ffeffff]
[    0.000000] Initmem setup node 0 [mem 0x0000000000001000-0x000000003ffeffff]
[    0.000000] ACPI: PM-Timer IO Port: 0x4008
[    0.000000] IOAPIC[0]: apic_id 2, version 32, address 0xfec00000, GSI 0-23
[    0.000000] ACPI: INT_SRC_OVR (bus 0 bus_irq 0 global_irq 2 dfl dfl)
[    0.000000] ACPI: INT_SRC_OVR (bus 0 bus_irq 9 global_irq 9 low level)
[    0.000000] Using ACPI (MADT) for SMP configuration information
[    0.000000] smpboot: Allowing 2 CPUs, 0 hotplug CPUs
[    0.000000] PM: Registered nosave memory: [mem 0x00000000-0x00000fff]
[    0.000000] PM: Registered nosave memory: [mem 0x0009f000-0x0009ffff]
[    0.000000] PM: Registered nosave memory: [mem 0x000a0000-0x000effff]
[    0.000000] PM: Registered nosave memory: [mem 0x000f0000-0x000fffff]
[    0.000000] e820: [mem 0x40000000-0xfebfffff] available for PCI devices
[    0.000000] Booting paravirtualized kernel on KVM
[    0.000000] clocksource: refined-jiffies: mask: 0xffffffff max_cycles: 0xffffffff, max_idle_ns: 7645519600211568 ns
[    0.000000] setup_percpu: NR_CPUS:512 nr_cpumask_bits:512 nr_cpu_ids:2 nr_node_ids:1
[    0.000000] PERCPU: Embedded 33 pages/cpu @ffff88003fc00000 s95192 r8192 d31784 u1048576
[    0.000000] Built 1 zonelists in Node order, mobility grouping on.  Total pages: 257912
[    0.000000] Policy zone: DMA32
[    0.000000] Kernel command line: BOOT_IMAGE=/boot/vmlinuz-4.4.0-210-generic root=LABEL=cloudimg-rootfs ro console=tty1 console=ttyS0
[    0.000000] PID hash table entries: 4096 (order: 3, 32768 bytes)
[    0.000000] Memory: 997792K/1048120K available (8644K kernel code, 1332K rwdata, 4044K rodata, 1492K init, 1164K bss, 50328K reserved, 0K cma-reserved)
[    0.000000] SLUB: HWalign=64, Order=0-3, MinObjects=0, CPUs=2, Nodes=1
[    0.000000] Hierarchical RCU implementation.
[    0.000000] 	Build-time adjustment of leaf fanout to 64.
[    0.000000] 	RCU restricting CPUs from NR_CPUS=512 to nr_cpu_ids=2.
[    0.000000] RCU: Adjusting geometry for rcu_fanout_leaf=64, nr_cpu_ids=2
[    0.000000] NR_IRQS:33024 nr_irqs:440 16
[    0.000000] Console: colour VGA+ 80x25
[    0.000000] console [tty1] enabled
[    0.000000] console [ttyS0] enabled
[    0.000000] tsc: Detected 2370.546 MHz processor
[    0.077466] Calibrating delay loop (skipped) preset value.. 4741.09 BogoMIPS (lpj=9482184)
[    0.078359] pid_max: default: 32768 minimum: 301
[    0.078833] ACPI: Core revision 20150930
[    0.079985] ACPI: 2 ACPI AML tables successfully acquired and loaded
[    0.080779] Security Framework initialized
[    0.081222] Yama: becoming mindful.
[    0.081646] AppArmor: AppArmor initialized
[    0.082151] Dentry cache hash table entries: 131072 (order: 8, 1048576 bytes)
[    0.082905] Inode-cache hash table entries: 65536 (order: 7, 524288 bytes)
[    0.084327] Mount-cache hash table entries: 2048 (order: 2, 16384 bytes)
[    0.084987] Mountpoint-cache hash table entries: 2048 (order: 2, 16384 bytes)
[    0.085755] Initializing cgroup subsys io
[    0.086208] Initializing cgroup subsys memory
[    0.086667] Initializing cgroup subsys devices
[    0.087141] Initializing cgroup subsys freezer
[    0.087638] Initializing cgroup subsys net_cls
[    0.088124] Initializing cgroup subsys perf_event
[    0.088607] Initializing cgroup subsys net_prio
[    0.089079] Initializing cgroup subsys hugetlb
[    0.089544] Initializing cgroup subsys pids
[    0.097306] mce: CPU supports 0 MCE banks
[    0.097768] Last level iTLB entries: 4KB 1024, 2MB 1024, 4MB 512
[    0.098319] Last level dTLB entries: 4KB 2048, 2MB 2048, 4MB 1024, 1GB 0
[    0.098921] Spectre V1 : Mitigation: usercopy/swapgs barriers and __user pointer sanitization
[    0.099807] Spectre V2 : Spectre mitigation: LFENCE not serializing, switching to generic retpoline
[    0.100675] Spectre V2 : Mitigation: Full generic retpoline
[    0.101229] Spectre V2 : Spectre v2 / SpectreRSB mitigation: Filling RSB on context switch
[    0.103602] Freeing SMP alternatives memory: 36K
[    0.107878] ftrace: allocating 32380 entries in 127 pages
[    0.152085] smpboot: APIC(0) Converting physical 0 to logical package 0
[    0.153534] smpboot: Max logical packages: 1
[    0.154268] x2apic enabled
[    0.154844] Switched APIC routing to physical x2apic.
[    0.156257] ..TIMER: vector=0x30 apic1=0 pin1=2 apic2=-1 pin2=-1
[    0.265002] APIC calibration not consistent with PM-Timer: 115ms instead of 100ms
[    0.265821] APIC delta adjusted to PM-Timer: 6362511 (7377427)
[    0.266506] smpboot: CPU0: AMD Ryzen 5 4500U with Radeon Graphics (family: 0x17, model: 0x60, stepping: 0x1)
[    0.267597] Performance Events: Broken PMU hardware detected, using software events only.
[    0.268505] Failed to access perfctr msr (MSR c0010007 is 0)
[    0.273493] KVM setup paravirtual spinlock
[    0.274580] x86: Booting SMP configuration:
[    0.275036] .... node  #0, CPUs:      #1
[    0.275598] kvm-clock: cpu 1, msr 0:3ffe3041, secondary cpu clock
[    0.284491] mce: CPU supports 0 MCE banks
[    0.286873] x86: Booted up 1 node, 2 CPUs
[    0.287442] smpboot: Total of 2 processors activated (9482.18 BogoMIPS)
[    0.288421] devtmpfs: initialized
[    0.290472] evm: security.selinux
[    0.290918] evm: security.SMACK64
[    0.291339] evm: security.SMACK64EXEC
[    0.291844] evm: security.SMACK64TRANSMUTE
[    0.292434] evm: security.SMACK64MMAP
[    0.292963] evm: security.ima
[    0.293440] evm: security.capability
[    0.294745] clocksource: jiffies: mask: 0xffffffff max_cycles: 0xffffffff, max_idle_ns: 7645041785100000 ns
[    0.295723] futex hash table entries: 512 (order: 3, 32768 bytes)
[    0.296398] pinctrl core: initialized pinctrl subsystem
[    0.297142] RTC time:  7:45:58, date: 11/17/23
[    0.297969] NET: Registered protocol family 16
[    0.307847] cpuidle: using governor ladder
[    0.319856] cpuidle: using governor menu
[    0.321231] PCCT header not found.
[    0.322163] ACPI: bus type PCI registered
[    0.322592] acpiphp: ACPI Hot Plug PCI Controller Driver version: 0.5
[    0.323229] PCI: Using configuration type 1 for base access
[    0.323769] PCI: Using configuration type 1 for extended access
[    0.340833] ACPI: Added _OSI(Module Device)
[    0.341869] ACPI: Added _OSI(Processor Device)
[    0.342312] ACPI: Added _OSI(3.0 _SCP Extensions)
[    0.342777] ACPI: Added _OSI(Processor Aggregator Device)
[    0.343624] ACPI: Executed 1 blocks of module-level executable AML code
[    0.345504] ACPI: Interpreter enabled
[    0.345918] ACPI: (supports S0 S5)
[    0.346305] ACPI: Using IOAPIC for interrupt routing
[    0.346874] PCI: Using host bridge windows from ACPI; if necessary, use "pci=nocrs" and report a bug
[    0.349710] ACPI: PCI Root Bridge [PCI0] (domain 0000 [bus 00-ff])
[    0.350286] acpi PNP0A03:00: _OSC: OS supports [ExtendedConfig ASPM ClockPM Segments MSI]
[    0.351458] acpi PNP0A03:00: _OSC: platform does not support [PCIeCapability]
[    0.352308] acpi PNP0A03:00: _OSC: not requesting control; platform does not support [PCIeCapability]
[    0.353188] acpi PNP0A03:00: _OSC: OS requested [PCIeHotplug PME AER PCIeCapability]
[    0.353990] acpi PNP0A03:00: _OSC: platform willing to grant [PCIeHotplug PME AER]
[    0.354782] acpi PNP0A03:00: _OSC failed (AE_SUPPORT); disabling ASPM
[    0.355502] PCI host bridge to bus 0000:00
[    0.361723] pci_bus 0000:00: root bus resource [io  0x0000-0x0cf7 window]
[    0.362342] pci_bus 0000:00: root bus resource [io  0x0d00-0xffff window]
[    0.362935] pci_bus 0000:00: root bus resource [mem 0x000a0000-0x000bffff window]
[    0.363696] pci_bus 0000:00: root bus resource [mem 0x40000000-0xfdffffff window]
[    0.364468] pci_bus 0000:00: root bus resource [bus 00-ff]
[    0.365826] pci 0000:00:01.1: legacy IDE quirk: reg 0x10: [io  0x01f0-0x01f7]
[    0.366442] pci 0000:00:01.1: legacy IDE quirk: reg 0x14: [io  0x03f6]
[    0.367035] pci 0000:00:01.1: legacy IDE quirk: reg 0x18: [io  0x0170-0x0177]
[    0.367698] pci 0000:00:01.1: legacy IDE quirk: reg 0x1c: [io  0x0376]
[    0.382372] pci 0000:00:07.0: quirk: [io  0x4000-0x403f] claimed by PIIX4 ACPI
[    0.383450] pci 0000:00:07.0: quirk: [io  0x4100-0x410f] claimed by PIIX4 SMB
[    0.392781] ACPI: PCI Interrupt Link [LNKA] (IRQs 5 9 10 *11)
[    0.393962] ACPI: PCI Interrupt Link [LNKB] (IRQs 5 9 *10 11)
[    0.395016] ACPI: PCI Interrupt Link [LNKC] (IRQs 5 *9 10 11)
[    0.396109] ACPI: PCI Interrupt Link [LNKD] (IRQs 5 9 10 *11)
[    0.397163] ACPI: Enabled 2 GPEs in block 00 to 07
[    0.398194] vgaarb: setting as boot device: PCI:0000:00:02.0
[    0.398940] vgaarb: device added: PCI:0000:00:02.0,decodes=io+mem,owns=io+mem,locks=none
[    0.400078] vgaarb: loaded
[    0.400536] vgaarb: bridge control possible 0000:00:02.0
[    0.401480] SCSI subsystem initialized
[    0.402239] ACPI: bus type USB registered
[    0.402970] usbcore: registered new interface driver usbfs
[    0.403821] usbcore: registered new interface driver hub
[    0.404808] usbcore: registered new device driver usb
[    0.405848] PCI: Using ACPI for IRQ routing
[    0.406648] NetLabel: Initializing
[    0.407237] NetLabel:  domain hash size = 128
[    0.407916] NetLabel:  protocols = UNLABELED CIPSOv4
[    0.408646] NetLabel:  unlabeled traffic allowed by default
[    0.409525] amd_nb: Cannot enumerate AMD northbridges
[    0.410283] clocksource: Switched to clocksource kvm-clock
[    0.417212] AppArmor: AppArmor Filesystem Enabled
[    0.418117] pnp: PnP ACPI init
[    0.419195] pnp: PnP ACPI: found 3 devices
[    0.428270] clocksource: acpi_pm: mask: 0xffffff max_cycles: 0xffffff, max_idle_ns: 2085701024 ns
[    0.429662] NET: Registered protocol family 2
[    0.430469] TCP established hash table entries: 8192 (order: 4, 65536 bytes)
[    0.431376] TCP bind hash table entries: 8192 (order: 5, 131072 bytes)
[    0.432351] TCP: Hash tables configured (established 8192 bind 8192)
[    0.433230] UDP hash table entries: 512 (order: 2, 16384 bytes)
[    0.433987] UDP-Lite hash table entries: 512 (order: 2, 16384 bytes)
[    0.434853] NET: Registered protocol family 1
[    0.435514] pci 0000:00:00.0: Limiting direct PCI/PCI transfers
[    0.436525] pci 0000:00:01.0: Activating ISA DMA hang workarounds
[    0.438156] Unpacking initramfs...
[    0.625022] Freeing initrd memory: 14888K
[    0.625818] clocksource: tsc: mask: 0xffffffffffffffff max_cycles: 0x222b87224d9, max_idle_ns: 440795207169 ns
[    0.627224] platform rtc_cmos: registered platform RTC device (no PNP device found)
[    0.628268] Scanning for low memory corruption every 60 seconds
[    0.629333] audit: initializing netlink subsys (disabled)
[    0.630033] audit: type=2000 audit(1700207162.578:1): initialized
[    0.631040] Initialise system trusted keyring
[    0.631781] HugeTLB registered 2 MB page size, pre-allocated 0 pages
[    0.633603] zbud: loaded
[    0.634397] VFS: Disk quotas dquot_6.6.0
[    0.635085] VFS: Dquot-cache hash table entries: 512 (order 0, 4096 bytes)
[    0.636329] squashfs: version 4.0 (2009/01/31) Phillip Lougher
[    0.638816] fuse init (API version 7.23)
[    0.639714] Key type big_key registered
[    0.640261] Allocating IMA MOK and blacklist keyrings.
[    0.642038] Key type asymmetric registered
[    0.642622] Asymmetric key parser 'x509' registered
[    0.643271] Block layer SCSI generic (bsg) driver version 0.4 loaded (major 249)
[    0.644357] io scheduler noop registered
[    0.645068] io scheduler deadline registered (default)
[    0.645896] io scheduler cfq registered
[    0.646628] pci_hotplug: PCI Hot Plug PCI Core version: 0.5
[    0.647539] pciehp: PCI Express Hot Plug Controller Driver version: 0.4
[    0.648623] ACPI: AC Adapter [AC] (on-line)
[    0.649352] input: Power Button as /devices/LNXSYSTM:00/LNXPWRBN:00/input/input0
[    0.650594] ACPI: Power Button [PWRF]
[    0.651224] input: Sleep Button as /devices/LNXSYSTM:00/LNXSLPBN:00/input/input1
[    0.652454] ACPI: Sleep Button [SLPF]
[    0.653529] ACPI: Battery Slot [BAT0] (battery present)
[    0.654430] GHES: HEST is not enabled!
[    0.655172] Serial: 8250/16550 driver, 32 ports, IRQ sharing enabled
[    0.676425] 00:02: ttyS0 at I/O 0x3f8 (irq = 4, base_baud = 115200) is a 16550A
[    0.679312] Linux agpgart interface v0.103
[    0.681421] loop: module loaded
[    0.682363] scsi host0: ata_piix
[    0.682935] scsi host1: ata_piix
[    0.683554] ata1: PATA max UDMA/33 cmd 0x1f0 ctl 0x3f6 bmdma 0xd000 irq 14
[    0.684603] ata2: PATA max UDMA/33 cmd 0x170 ctl 0x376 bmdma 0xd008 irq 15
[    0.685831] libphy: Fixed MDIO Bus: probed
[    0.686560] tun: Universal TUN/TAP device driver, 1.6
[    0.687378] tun: (C) 1999-2004 Max Krasnyansky <maxk@qualcomm.com>
[    0.688417] PPP generic driver version 2.4.2
[    0.689200] ehci_hcd: USB 2.0 'Enhanced' Host Controller (EHCI) Driver
[    0.690221] ehci-pci: EHCI PCI platform driver
[    0.690978] ehci-platform: EHCI generic platform driver
[    0.691831] ohci_hcd: USB 1.1 'Open' Host Controller (OHCI) Driver
[    0.692787] ohci-pci: OHCI PCI platform driver
[    0.693539] ohci-platform: OHCI generic platform driver
[    0.694404] uhci_hcd: USB Universal Host Controller Interface driver
[    0.695384] i8042: PNP: PS/2 Controller [PNP0303:PS2K,PNP0f03:PS2M] at 0x60,0x64 irq 1,12
[    0.697077] serio: i8042 KBD port at 0x60,0x64 irq 1
[    0.697869] serio: i8042 AUX port at 0x60,0x64 irq 12
[    0.698756] mousedev: PS/2 mouse device common for all mice
[    0.700280] input: AT Translated Set 2 keyboard as /devices/platform/i8042/serio0/input/input2
[    0.702106] rtc_cmos rtc_cmos: rtc core: registered rtc_cmos as rtc0
[    0.703058] rtc_cmos rtc_cmos: alarms up to one day, 114 bytes nvram
[    0.704394] i2c /dev entries driver
[    0.704982] device-mapper: uevent: version 1.0.3
[    0.705744] device-mapper: ioctl: 4.34.0-ioctl (2015-10-28) initialised: dm-devel@redhat.com
[    0.706958] ledtrig-cpu: registered to indicate activity on CPUs
[    0.708206] NET: Registered protocol family 10
[    0.709203] NET: Registered protocol family 17
[    0.709865] Key type dns_resolver registered
[    0.710825] registered taskstats version 1
[    0.711418] Loading compiled-in X.509 certificates
[    0.712554] Loaded X.509 cert 'Build time autogenerated kernel key: cf00e047681d67edb2720680708b7d9498083038'
[    0.713982] zswap: loaded using pool lzo/zbud
[    0.717536] Key type trusted registered
[    0.720476] Key type encrypted registered
[    0.721079] AppArmor: AppArmor sha1 policy hashing enabled
[    0.721856] ima: No TPM chip found, activating TPM-bypass!
[    0.722676] ima: Allocated hash algorithm: sha1
[    0.723328] evm: HMAC attrs: 0x1
[    0.724056]   Magic number: 15:285:774
[    0.724631] mem zero: hash matches
[    0.725226] rtc_cmos rtc_cmos: setting system clock to 2023-11-17 07:45:58 UTC (1700207158)
[    0.726668] BIOS EDD facility v0.16 2004-Jun-25, 0 devices found
[    0.727460] EDD information not available.
[    0.863494] Freeing unused kernel memory: 1492K
[    0.864242] Write protecting the kernel read-only data: 14336k
[    0.865614] Freeing unused kernel memory: 1584K
[    0.866541] Freeing unused kernel memory: 52K
Loading, please wait...
starting version 229
[    0.877212] random: systemd-udevd: uninitialized urandom read (16 bytes read, 2 bits of entropy available)
[    0.877659] random: udevadm: uninitialized urandom read (16 bytes read, 2 bits of entropy available)
[    0.877683] random: udevadm: uninitialized urandom read (16 bytes read, 2 bits of entropy available)
[    0.881348] random: systemd-udevd: uninitialized urandom read (16 bytes read, 2 bits of entropy available)
[    0.882774] random: systemd-udevd: uninitialized urandom read (16 bytes read, 2 bits of entropy available)
[    0.884120] random: udevadm: uninitialized urandom read (16 bytes read, 2 bits of entropy available)
[    0.884139] random: systemd-udevd: uninitialized urandom read (16 bytes read, 2 bits of entropy available)
[    0.884680] random: systemd-udevd: uninitialized urandom read (16 bytes read, 2 bits of entropy available)
[    0.884706] random: systemd-udevd: uninitialized urandom read (16 bytes read, 2 bits of entropy available)
[    0.884716] random: systemd-udevd: uninitialized urandom read (16 bytes read, 2 bits of entropy available)
[    0.916826] e1000: Intel(R) PRO/1000 Network Driver - version 7.3.21-k8-NAPI
[    0.918034] e1000: Copyright (c) 1999-2006 Intel Corporation.
[    0.919100] Fusion MPT base driver 3.04.20
[    0.919772] Copyright (c) 1999-2008 LSI Corporation
[    0.923221] Fusion MPT SPI Host driver 3.04.20
[    0.936826] AVX2 version of gcm_enc/dec engaged.
[    0.937529] AES CTR mode by8 optimization enabled
[    1.128769] input: ImExPS/2 Generic Explorer Mouse as /devices/platform/i8042/serio1/input/input4
[    1.232769] e1000 0000:00:03.0 eth0: (PCI:33MHz:32-bit) 02:be:82:6b:cc:1d
[    1.233990] e1000 0000:00:03.0 eth0: Intel(R) PRO/1000 Network Connection
[    2.064293] e1000 0000:00:08.0 eth1: (PCI:33MHz:32-bit) 08:00:27:51:27:1c
[    2.065459] e1000 0000:00:08.0 eth1: Intel(R) PRO/1000 Network Connection
[    2.067026] mptbase: ioc0: Initiating bringup
[    2.067571] e1000 0000:00:03.0 enp0s3: renamed from eth0
[    2.086676] e1000 0000:00:08.0 enp0s8: renamed from eth1
[    2.138655] ioc0: LSI53C1030 A0: Capabilities={Initiator}
[    4.337873] scsi host2: ioc0: LSI53C1030 A0, FwRev=00000000h, Ports=1, MaxQ=256, IRQ=20
[    4.450691] scsi 2:0:0:0: Direct-Access     VBOX     HARDDISK         1.0  PQ: 0 ANSI: 5
[    4.452697] scsi target2:0:0: Beginning Domain Validation
[    4.454153] scsi target2:0:0: Domain Validation skipping write tests
[    4.455034] scsi target2:0:0: Ending Domain Validation
[    4.455819] scsi target2:0:0: asynchronous
[    4.456730] scsi 2:0:1:0: Direct-Access     VBOX     HARDDISK         1.0  PQ: 0 ANSI: 5
[    4.457889] scsi target2:0:1: Beginning Domain Validation
[    4.459224] scsi target2:0:1: Domain Validation skipping write tests
[    4.460136] scsi target2:0:1: Ending Domain Validation
[    4.460872] scsi target2:0:1: asynchronous
[    4.468408] sd 2:0:0:0: [sda] 83886080 512-byte logical blocks: (42.9 GB/40.0 GiB)
[    4.469766] sd 2:0:0:0: Attached scsi generic sg0 type 0
[    4.470538] sd 2:0:0:0: [sda] Write Protect is off
[    4.471432] sd 2:0:1:0: [sdb] 20480 512-byte logical blocks: (10.5 MB/10.0 MiB)
[    4.472581] sd 2:0:0:0: [sda] Incomplete mode parameter data
[    4.472638] sd 2:0:1:0: [sdb] Write Protect is off
[    4.472683] sd 2:0:1:0: [sdb] Incomplete mode parameter data
[    4.472683] sd 2:0:1:0: [sdb] Assuming drive cache: write through
[    4.474651] sd 2:0:1:0: Attached scsi generic sg1 type 0
[    4.475544] sd 2:0:1:0: [sdb] Attached SCSI disk
[    4.477649] sd 2:0:0:0: [sda] Assuming drive cache: write through
[    4.479320]  sda: sda1
[    4.480167] sd 2:0:0:0: [sda] Attached SCSI disk
Begin: Loading essential drivers ... [    5.763861] md: linear personality registered for level -1
[    5.766163] md: multipath personality registered for level -4
[    5.768823] md: raid0 personality registered for level 0
[    5.772339] md: raid1 personality registered for level 1
[    5.842397] raid6: sse2x1   gen()  7583 MB/s
[    5.910577] raid6: sse2x1   xor()  7912 MB/s
[    5.979445] raid6: sse2x2   gen() 17112 MB/s
[    6.046332] raid6: sse2x2   xor() 10878 MB/s
[    6.114296] raid6: sse2x4   gen() 17191 MB/s
[    6.182439] raid6: sse2x4   xor()  9659 MB/s
[    6.250404] raid6: avx2x1   gen() 18973 MB/s
[    6.319173] raid6: avx2x2   gen() 33133 MB/s
[    6.386410] raid6: avx2x4   gen() 31530 MB/s
[    6.387227] raid6: using algorithm avx2x2 gen() 33133 MB/s
[    6.388084] raid6: using avx2x2 recovery algorithm
[    6.390858] xor: automatically using best checksumming function:
[    6.430388]    avx       :  9739.000 MB/sec
[    6.433183] async_tx: api initialized (async)
[    6.446436] md: raid6 personality registered for level 6
[    6.447355] md: raid5 personality registered for level 5
[    6.448292] md: raid4 personality registered for level 4
[    6.453615] md: raid10 personality registered for level 10
done.
Begin: Running /scripts/init-premount ... done.
Begin: Mounting root file system ... Begin: Running /scripts/local-top ... done.
Begin: Running /scripts/local-premount ... [    6.477782] Btrfs loaded
Scanning for Btrfs filesystems
done.
Warning: fsck not present, so skipping root file system
[    6.496495] EXT4-fs (sda1): mounted filesystem with ordered data mode. Opts: (null)
done.
Begin: Running /scripts/local-bottom ... done.
Begin: Running /scripts/init-bottom ... done.
[    6.561290] systemd[1]: systemd 229 running in system mode. (+PAM +AUDIT +SELINUX +IMA +APPARMOR +SMACK +SYSVINIT +UTMP +LIBCRYPTSETUP +GCRYPT +GNUTLS +ACL +XZ -LZ4 +SECCOMP +BLKID +ELFUTILS +KMOD -IDN)
[    6.564160] systemd[1]: Detected virtualization oracle.
[    6.565039] systemd[1]: Detected architecture x86-64.

Welcome to [1mUbuntu 16.04.7 LTS[0m!

[    6.628027] systemd[1]: Set hostname to <ubuntu>.
[    6.630174] systemd[1]: Initializing machine ID from random generator.
[    6.631210] systemd[1]: Installed transient /etc/machine-id file.
[    6.714332] systemd[1]: Reached target Swap.
[[0;32m  OK  [0m] Reached target Swap.
[    6.715438] systemd[1]: Reached target User and Group Name Lookups.
[[0;32m  OK  [0m] Reached target User and Group Name Lookups.
[    6.722569] systemd[1]: Listening on Journal Socket.
[[0;32m  OK  [0m] Listening on Journal Socket.
[    6.734512] systemd[1]: Reached target System Time Synchronized.
[[0;32m  OK  [0m] Reached target System Time Synchronized.
[    6.736086] systemd[1]: Set up automount Arbitrary Executable File Formats File System Automount Point.
[[0;32m  OK  [0m] Set up automount Arbitrary Executab...ats File System Automount Point.
[    6.737969] systemd[1]: Listening on /dev/initctl Compatibility Named Pipe.
[[0;32m  OK  [0m] Listening on /dev/initctl Compatibility Named Pipe.
[    6.739334] systemd[1]: Listening on Journal Socket (/dev/log).
[[0;32m  OK  [0m] Listening on Journal Socket (/dev/log).
[    6.740609] systemd[1]: Listening on Syslog Socket.
[[0;32m  OK  [0m] Listening on Syslog Socket.
[    6.741710] systemd[1]: Started Trigger resolvconf update for networkd DNS.
[[0;32m  OK  [0m] Started Trigger resolvconf update for networkd DNS.
[    6.743158] systemd[1]: Listening on Journal Audit Socket.
[[0;32m  OK  [0m] Listening on Journal Audit Socket.
[    6.744380] systemd[1]: Reached target Encrypted Volumes.
[[0;32m  OK  [0m] Reached target Encrypted Volumes.
[    6.745579] systemd[1]: Listening on fsck to fsckd communication Socket.
[[0;32m  OK  [0m] Listening on fsck to fsckd communication Socket.
[    6.746996] systemd[1]: Listening on LVM2 metadata daemon socket.
[[0;32m  OK  [0m] Listening on LVM2 metadata daemon socket.
[    6.748335] systemd[1]: Started Forward Password Requests to Wall Directory Watch.
[[0;32m  OK  [0m] Started Forward Password Requests to Wall Directory Watch.
[    6.749987] systemd[1]: Listening on Device-mapper event daemon FIFOs.
[[0;32m  OK  [0m] Listening on Device-mapper event daemon FIFOs.
[    7.054373] systemd[1]: Listening on LVM2 poll daemon socket.
[[0;32m  OK  [0m] Listening on LVM2 poll daemon socket.
[    7.055979] systemd[1]: Created slice System Slice.
[[0;32m  OK  [0m] Created slice System Slice.
[    7.130609] systemd[1]: Starting Monitoring of LVM2 mirrors, snapshots etc. using dmeventd or progress polling...
         Starting Monitoring of LVM2 mirrors... dmeventd or progress polling...
[    7.135356] systemd[1]: Starting Load Kernel Modules...
         Starting Load Kernel Modules...
[    7.136891] systemd[1]: Created slice system-serial\x2dgetty.slice.
[[0;32m  OK  [0m] Created slice system-serial\x2dgetty.slice.
[    7.139607] systemd[1]: Starting Create list of required static device nodes for the current kernel...
         Starting Create list of required st... nodes for the current kernel...
[    7.142261] systemd[1]: Starting Nameserver information manager...
         Starting Nameserver information manager...
[    7.144581] systemd[1]: Mounting Huge Pages File System...
         Mounting Huge Pages File System...
[    7.146772] systemd[1]: Starting File System Check on Root Device...
         Starting File System Check on Root Device...
[    7.149370] systemd[1]: Mounting POSIX Message Queue File System...
         Mounting POSIX Message Queue File System...
[    7.150923] Loading iSCSI transport class v2.0-870.
[    7.152630] systemd[1]: Starting Journal Service...
         Starting Journal Service...
[    7.158234] iscsi: registered transport (tcp)
[    7.159418] systemd[1]: Starting Set console keymap...
         Starting Set console keymap...
[    7.160691] systemd[1]: Listening on udev Control Socket.
[[0;32m  OK  [0m] Listening on udev Control Socket.
[    7.163083] systemd[1]: Starting Uncomplicated firewall...
         Starting Uncomplicated firewall...
[    7.166250] systemd[1]: Created slice User and Session Slice.
[[0;32m  OK  [0m] Created slice User and Session Slice.
[    7.168093] systemd[1]: Reached target Slices.
[[0;32m  OK  [0m] Reached target Slices.
[    7.169276] systemd[1]: Listening on udev Kernel Socket.
[[0;32m  OK  [0m] Listening on udev Kernel Socket.
[    7.171057] systemd[1]: Mounting Debug File System...
         Mounting Debug File System...
[    7.173602] systemd[1]: Mounted Huge Pages File System.
[[0;32m  OK  [0m] Mounted Huge Pages File System.
[    7.175166] systemd[1]: Mounted POSIX Message Queue File System.
[[0;32m  OK  [0m] Mounted POSIX Message Queue File System.
[    7.176507] systemd[1]: Mounted Debug File System.
[[0;32m  OK  [0m] Mounted Debug File System.
[    7.178065] systemd[1]: Started Create list of required static device nodes for the current kernel.
[[0;32m  OK  [0m] Started Create list of required sta...ce nodes for the current kernel.
[    7.184276] systemd[1]: Started Uncomplicated firewall.
[[0;32m  OK  [0m] Started Uncomplicated firewall.
[    7.186209] systemd[1]: Started Nameserver information manager.
[[0;32m  OK  [0m] Started Nameserver information manager.
[    7.189120] systemd[1]: Started LVM2 metadata daemon.
[[0;32m  OK  [0m] Started LVM2 metadata daemon.
[    7.191261] systemd[1]: Started File System Check Daemon to report status.
[[0;32m  OK  [0m] Started File System Check Daemon to report status.
[    7.193632] systemd[1]: Starting Create Static Device Nodes in /dev...
         Starting Create Static Device Nodes in /dev...
[    7.202970] systemd[1]: Started File System Check on Root Device.
[[0;32m  OK  [0m] Started File System Check on Root Device.
[    7.204960] systemd[1]: Starting Remount Root and Kernel File Systems...
         Starting Remount Root and Kernel File Systems...
[    7.209192] EXT4-fs (sda1): re-mounted. Opts: (null)
[    7.210593] systemd[1]: Started Journal Service.
[[0;32m  OK  [0m] Started Journal Service.
[[0;32m  OK  [0m] Started Remount Root and Kernel File Systems.
         Starting Flush Journal to Persistent Storage...
         Starting udev Coldplug all Devices...
         Starting Load/Save Random Seed...
[[0;32m  OK  [0m] Started Load/Save Random Seed.
[[0;32m  OK  [0m] Started Create Static Device Nodes in /dev.
         Starting udev Kernel Device Manager...
[    7.238555] systemd-journald[387]: Received request to flush runtime journal from PID 1
[    7.241982] iscsi: registered transport (iser)
[[0;32m  OK  [0m] Started Flush Journal to Persistent Storage.
[[0;32m  OK  [0m] Started Load Kernel Modules.
         Starting Apply Kernel Variables...
         Mounting FUSE Control File System...
[[0;32m  OK  [0m] Mounted FUSE Control File System.
[[0;32m  OK  [0m] Started udev Kernel Device Manager.
[[0;32m  OK  [0m] Started udev Coldplug all Devices.
[[0;32m  OK  [0m] Started Apply Kernel Variables.
[[0;32m  OK  [0m] Started Set console keymap.
[[0;32m  OK  [0m] Started Dispatch Password Requests to Console Directory Watch.
[[0;32m  OK  [0m] Found device /dev/ttyS0.
[[0;32m  OK  [0m] Listening on Load/Save RF Kill Switch Status /dev/rfkill Watch.
[[0;32m  OK  [0m] Started Monitoring of LVM2 mirrors,...ng dmeventd or progress polling.
[[0;32m  OK  [0m] Reached target Local File Systems (Pre).
[[0;32m  OK  [0m] Reached target Local File Systems.
         Starting Tell Plymouth To Write Out Runtime Data...
         Starting Set console font and keymap...
         Starting Commit a transient machine-id on disk...
         Starting LSB: AppArmor initialization...
         Starting Initial cloud-init job (pre-networking)...
         Starting Create Volatile Files and Directories...
[[0;32m  OK  [0m] Started Tell Plymouth To Write Out Runtime Data.
[[0;32m  OK  [0m] Started Create Volatile Files and Directories.
         Starting Update UTMP about System Boot/Shutdown...
[[0;32m  OK  [0m] Started Update UTMP about System Boot/Shutdown.
[[0;32m  OK  [0m] Started Commit a transient machine-id on disk.
[[0;32m  OK  [0m] Started Set console font and keymap.
[[0;32m  OK  [0m] Created slice system-getty.slice.
[[0;32m  OK  [0m] Started LSB: AppArmor initialization.
         Starting Load AppArmor profiles managed internally by snapd...
[[0;32m  OK  [0m] Started Load AppArmor profiles managed internally by snapd.
[    8.349320] cloud-init[638]: Cloud-init v. 21.1-19-gbad84ad4-0ubuntu1~16.04.2 running 'init-local' at Fri, 17 Nov 2023 07:46:06 +0000. Up 8.14 seconds.
[[0;32m  OK  [0m] Started Initial cloud-init job (pre-networking).
[[0;32m  OK  [0m] Reached target Network (Pre).
         Starting Raise network interfaces...
[[0;32m  OK  [0m] Started Raise network interfaces.
[[0;32m  OK  [0m] Reached target Network.
         Starting Initial cloud-init job (metadata service crawler)...
[    9.299444] cloud-init[966]: Cloud-init v. 21.1-19-gbad84ad4-0ubuntu1~16.04.2 running 'init' at Fri, 17 Nov 2023 07:46:06 +0000. Up 8.75 seconds.
[    9.300366] cloud-init[966]: ci-info: ++++++++++++++++++++++++++++++++++++++Net device info+++++++++++++++++++++++++++++++++++++++
[    9.301182] cloud-init[966]: ci-info: +--------+-------+----------------------------+---------------+--------+-------------------+
[    9.301906] cloud-init[966]: ci-info: | Device |   Up  |          Address           |      Mask     | Scope  |     Hw-Address    |
[    9.308481] cloud-init[966]: ci-info: +--------+-------+----------------------------+---------------+--------+-------------------+
[    9.309422] cloud-init[966]: ci-info: | enp0s3 |  True |         10.0.2.15          | 255.255.255.0 | global | 02:be:82:6b:cc:1d |
[    9.316486] cloud-init[966]: ci-info: | enp0s3 |  True | fe80::be:82ff:fe6b:cc1d/64 |       .       |  link  | 02:be:82:6b:cc:1d |
[    9.317460] cloud-init[966]: ci-info: | enp0s8 | False |             .              |       .       |   .    | 08:00:27:51:27:1c |
[    9.318381] cloud-init[966]: ci-info: |   lo   |  True |         127.0.0.1          |   255.0.0.0   |  host  |         .         |
[    9.319110] cloud-init[966]: ci-info: |   lo   |  True |          ::1/128           |       .       |  host  |         .         |
[    9.319765] cloud-init[966]: ci-info: +--------+-------+----------------------------+---------------+--------+-------------------+
[    9.320474] cloud-init[966]: ci-info: +++++++++++++++++++++++++++Route IPv4 info++++++++++++++++++++++++++++
[    9.328576] cloud-init[966]: ci-info: +-------+-------------+----------+---------------+-----------+-------+
[    9.329341] cloud-init[966]: ci-info: | Route | Destination | Gateway  |    Genmask    | Interface | Flags |
[    9.336651] cloud-init[966]: ci-info: +-------+-------------+----------+---------------+-----------+-------+
[    9.337378] cloud-init[966]: ci-info: |   0   |   0.0.0.0   | 10.0.2.2 |    0.0.0.0    |   enp0s3  |   UG  |
[    9.338092] cloud-init[966]: ci-info: |   1   |   10.0.2.0  | 0.0.0.0  | 255.255.255.0 |   enp0s3  |   U   |
[    9.338899] cloud-init[966]: ci-info: +-------+-------------+----------+---------------+-----------+-------+
[    9.339729] cloud-init[966]: ci-info: +++++++++++++++++++Route IPv6 info+++++++++++++++++++
[    9.340291] cloud-init[966]: ci-info: +-------+-------------+---------+-----------+-------+
[    9.348326] cloud-init[966]: ci-info: | Route | Destination | Gateway | Interface | Flags |
[    9.348989] cloud-init[966]: ci-info: +-------+-------------+---------+-----------+-------+
[[0;32m  OK  [0m] Started Initial cloud-init job (metadata service crawler).
[    9.356538] cloud-init[966]: ci-info: |   0   |  fe80::/64  |    ::   |   enp0s3  |   U   |[
[0;32m  OK  [0m] Reached target Network is Online.
[    9.358011] cloud-init[966]: ci-info: |   3   |   ff00::/8  |    ::   |   enp0s3  |   U   |
[    9.358539] cloud-init[966]: ci-info: +-------+-------------+---------+-----------+-------+
[    9.364275] cloud-init[966]: Generating public/private rsa key pair.
[    9.364717] cloud-init[966]: Your identification has been saved in /etc/ssh/ssh_host_rsa_key.
[    9.365198] cloud-init[966]: Your public key has been saved in /etc/ssh/ssh_host_rsa_key.pub.
[    9.365663] cloud-init[966]: The key fingerprint is:
[    9.376813] cloud-init[966]: SHA256:Z2LAO16GbxCvy84JfTM1HYNyDiNSmsUiJec2sOL8Bug root@ubuntu-xenial
[    9.376922] cloud-init[966]: The key's randomart image is:
         Starting iSCSI initiator daemon (iscsid)...
[[    9.376962] [0;32m  OK  [0mcloud-init[966]: ] +---[RSA 2048]----+
Reached target System Initialization.[    9.378301] cloud-init[966]: |  o.o.o          |
[    9.378454] cloud-init[966]: |  .*.*.    .     |

[    9.378495] cloud-init[966]: |. ..B.= + o o    |
[    9.378966] cloud-init[966]: |+. . o B * . o   |
[    9.379107] cloud-init[966]: |.+    = S * .    |
[    9.379162] cloud-init[966]: |. o  o O = .     |
[    9.379218] cloud-init[966]: | E o. + *        |
[    9.379294] cloud-init[966]: |  .  + = o       |
[[    9.379390] cloud-init[966]: |     .*          |
[    9.379450] cloud-init[966]: +----[SHA256]-----+
[    9.379538] cloud-init[966]: Generating public/private dsa key pair.
[    9.379578] cloud-init[966]: Your identification has been saved in /etc/ssh/ssh_host_dsa_key.
[    9.379760] cloud-init[966]: Your public key has been saved in /etc/ssh/ssh_host_dsa_key.pub.
[    9.379807] cloud-init[966]: The key fingerprint is:
[    9.379868] cloud-init[966]: SHA256:IcsNUyYYAt5EGyhxNZcF1aWpNJCCW2p84rAOLnDQJwM root@ubuntu-xenial
[    9.379958] cloud-init[966]: The key's randomart image is:
[    9.380071] cloud-init[966]: +---[DSA 1024]----+
[    9.380114] cloud-init[966]: |oo=*+o=*=. ..    |
[    9.380287] cloud-init[966]: |Eo+.*oo=  .o     |
[    9.380402] cloud-init[966]: |.= * .+ + o      |
[    9.380447] cloud-init[966]: |o X o. B +       |
[    9.380552] cloud-init[966]: | * *  o S        |
[    9.380607] cloud-init[966]: |+ o              |
[    9.380739] cloud-init[966]: |=.               |
[    9.380788] cloud-init[966]: |.o               |
[    9.380844] cloud-init[966]: |.                |
[    9.380916] cloud-init[966]: +----[SHA256]-----+
[0;32m  OK  [0m] [    9.380981] cloud-init[966]: Generating public/private ecdsa key pair.
[    9.381100] cloud-init[966]: Your identification has been saved in /etc/ssh/ssh_host_ecdsa_key.
[    9.381162] cloud-init[966]: Your public key has been saved in /etc/ssh/ssh_host_ecdsa_key.pub.
Listening on ACPID Listen Socket.
[    9.381226] cloud-init[966]: The key fingerprint is:
[    9.381277] cloud-init[966]: SHA256:Kse/2f5uQFfnBD9RcYm3AtO4bUX4zQzr9ktNxmCt1Mc root@ubuntu-xenial
[    9.381380] cloud-init[966]: The key's randomart image is:
[    9.381424] cloud-init[966]: +---[ECDSA 256]---+
[    9.381469] cloud-init[966]: |            o ==*|
[    9.381520] cloud-init[966]: |           + +oO=|
[    9.381598] cloud-init[966]: |            =.BXE|
[    9.381730] cloud-init[966]: |          ...*.*B|
[    9.381774] cloud-init[966]: |        S. ...o +|
[    9.381914] cloud-init[966]: |     . .  .   oo.|
[    9.381956] cloud-init[966]: |    . +    . . o.|
[    9.382014] cloud-init[966]: |     o . o  . . .|
[    9.382066] cloud-init[966]: |        +oo+o  ..|
[    9.382112] cloud-init[966]: +----[SHA256]-----+
[    9.382173] cloud-init[966]: Generating public/private ed25519 key pair.
[    9.382330] cloud-init[966]: Your identification has been saved in /etc/ssh/ssh_host_ed25519_key.
[    9.382372] cloud-init[966]: Your public key has been saved in /etc/ssh/ssh_host_ed25519_key.pub.
[    9.382478] cloud-init[966]: The key fingerprint is:
[    9.382525] cloud-init[966]: SHA256:6OlNxEiWcLVBl359iFmBXXScVrifjShVp5WyGCCpQ64 root@ubuntu-xenial
[    9.382684] cloud-init[966]: The key's randomart image is:
[    9.389170] cloud-init[966]: +--[ED25519 256]--+
         [    9.389447] cloud-init[966]: |    . .+=.o. o.*O|
[    9.389500] cloud-init[966]: |     + o.+....=+=|
Starting Socket activation for snappy daemon.
[    9.389887] cloud-init[966]: |    o = ..  o*+* |
[    9.389931] cloud-init[966]: |     * +  ..=.= .|
[    9.390073] cloud-init[966]: |    . + S  o . +o|
[    9.390153] cloud-init[966]: |   E . o  . . ..o|
[[0;32m  OK  [0m] Started Message of the Day.
[    9.390207] cloud-init[966]: [[0;32m  OK  [0m] Started Ubuntu Advantage update messaging.
[[0;32m  OK  [0m] Listening on UUID daemon activation socket.
[[0;32m  OK  [0m] Started Daily apt download activities.
[[0;32m  OK  [0m] Started Daily apt upgrade and clean activities.
[[0;32m  OK  [0m] Started Daily Cleanup of Temporary Directories.
[[0;32m  OK  [0m] Reached target Timers.
[[0;32m  OK  [0m] Listening on D-Bus System Message Bus Socket.
|      o .  .     |
[    9.398312] cloud-init[[0;32m  OK  [0m] Started ACPI Events Check.
[[0;32m  OK  [0m] Reached target Paths.
[966]: |     . o         |
[    9.399173]          Starting LXD - unix socket.
[[0;32m  OK  [0m] Reached target Cloud-config availability.
cloud-init[966]: |      . .        |
[[0;32m  OK  [0m] Listening on Socket activation for snappy daemon.
[    9.400339] cloud-init[966]: +----[SHA256]-----+
[[0;32m  OK  [0m] Listening on LXD - unix socket.
[[0;32m  OK  [0m] Started iSCSI initiator daemon (iscsid).
         Starting Login to default iSCSI targets...
[[0;32m  OK  [0m] Reached target Sockets.
[[0;32m  OK  [0m] Reached target Basic System.
[[0;32m  OK  [0m] Started FUSE filesystem for LXC.
         Starting Accounts Service...
         Starting /etc/rc.local Compatibility...
         Starting LSB: Record successful boot for GRUB...
         Starting Pollinate to seed the pseudo random number generator...
         Starting System Logging Service...
         Starting Virtualbox guest utils...
         Starting LXD - container startup/shutdown...
[[0;32m  OK  [0m] Started Deferred execution scheduler.
[[0;32m  OK  [0m] Started Regular background program processing daemon.
[[0;32m  OK  [0m] Started ACPI event daemon.
         Starting Login Service...
         Starting LSB: MD monitoring daemon...
[[0;32m  OK  [0m] Started D-Bus System Message Bus.
         Starting Snap Daemon...
[[0;32m  OK  [0m] Started System Logging Service.
[[0;32m  OK  [0m] Started /etc/rc.local Compatibility.
         Starting Authenticate and Authorize Users to Run Privileged Tasks...
[[0;32m  OK  [0m] Started Login Service.
[[0;32m  OK  [0m] Started Unattended Upgrades Shutdown.
[[0;32m  OK  [0m] Started LSB: MD monitoring daemon.
[[0;32m  OK  [0m] Started Login to default iSCSI targets.
[[0;32m  OK  [0m] Reached target Remote File Systems (Pre).
[[0;32m  OK  [0m] Reached target Remote File Systems.
         Starting LSB: daemon to balance interrupts for SMP systems...
         Starting LSB: automatic crash report generation...
         Starting Permit User Sessions...
         Starting LSB: Set the CPU Frequency Scaling governor to "ondemand"...
[[0;32m  OK  [0m] Started Permit User Sessions.
         Starting Hold until boot process finishes up...
         Starting Terminate Plymouth Boot Screen...
[[0;32m  OK  [0m] Started LSB: Record successful boot for GRUB.
[[0;32m  OK  [0m] Started LXD - container startup/shutdown.
[[0;32m  OK  [0m] Started Hold until boot process finishes up.
[[0;32m  OK  [0m] Started Terminate Plymouth Boot Screen.
[[0;32m  OK  [0m] Started Serial Getty on ttyS0.
         Starting Set console scheme...
[[0;32m  OK  [0m] Started Getty on tty1.
[[0;32m  OK  [0m] Reached target Login Prompts.
[[0;32m  OK  [0m] Started Set console scheme.
[[0;32m  OK  [0m] Started Authenticate and Authorize Users to Run Privileged Tasks.
[[0;32m  OK  [0m] Started Accounts Service.
[[0;32m  OK  [0m] Started LSB: Set the CPU Frequency Scaling governor to "ondemand".
[[0;32m  OK  [0m] Started LSB: automatic crash report generation.
[[0;32m  OK  [0m] Started LSB: daemon to balance interrupts for SMP systems.
[[0;32m  OK  [0m] Started Virtualbox guest utils.
[[0;32m  OK  [0m] Started Snap Daemon.
         Starting Wait until snapd is fully seeded...
[[0;32m  OK  [0m] Started Pollinate to seed the pseudo random number generator.
         Starting OpenBSD Secure Shell server...
[[0;32m  OK  [0m] Started OpenBSD Secure Shell server.
[[0;32m  OK  [0m] Started Wait until snapd is fully seeded.
         Starting Apply the settings specified in cloud-config...
[[0;32m  OK  [0m] Reached target Multi-User System.
[[0;32m  OK  [0m] Reached target Graphical Interface.
         Starting Update UTMP about System Runlevel Changes...
[[0;32m  OK  [0m] Started Update UTMP about System Runlevel Changes.
[   11.206033] cloud-init[1305]: Generating locales (this might take a while)...
[   11.824169] cloud-init[1305]:   en_US.UTF-8... done
[   11.824857] cloud-init[1305]: Generation complete.
[   12.119374] cloud-init[1305]: Cloud-init v. 21.1-19-gbad84ad4-0ubuntu1~16.04.2 running 'modules:config' at Fri, 17 Nov 2023 07:46:09 +0000. Up 11.11 seconds.
[[0;32m  OK  [0m] Started Apply the settings specified in cloud-config.
         Starting Execute cloud user/final scripts...
ci-info: no authorized SSH keys fingerprints found for user ubuntu.
<14>Nov 17 07:46:10 ec2: 
<14>Nov 17 07:46:10 ec2: #############################################################
<14>Nov 17 07:46:10 ec2: -----BEGIN SSH HOST KEY FINGERPRINTS-----
<14>Nov 17 07:46:10 ec2: 1024 SHA256:IcsNUyYYAt5EGyhxNZcF1aWpNJCCW2p84rAOLnDQJwM root@ubuntu-xenial (DSA)
<14>Nov 17 07:46:10 ec2: 256 SHA256:Kse/2f5uQFfnBD9RcYm3AtO4bUX4zQzr9ktNxmCt1Mc root@ubuntu-xenial (ECDSA)
<14>Nov 17 07:46:10 ec2: 256 SHA256:6OlNxEiWcLVBl359iFmBXXScVrifjShVp5WyGCCpQ64 root@ubuntu-xenial (ED25519)
<14>Nov 17 07:46:10 ec2: 2048 SHA256:Z2LAO16GbxCvy84JfTM1HYNyDiNSmsUiJec2sOL8Bug root@ubuntu-xenial (RSA)
<14>Nov 17 07:46:10 ec2: -----END SSH HOST KEY FINGERPRINTS-----
<14>Nov 17 07:46:10 ec2: #############################################################
-----BEGIN SSH HOST KEY KEYS-----
ecdsa-sha2-nistp256 AAAAE2VjZHNhLXNoYTItbmlzdHAyNTYAAAAIbmlzdHAyNTYAAABBBFDZGQX0+B1iD/mmfrbJdgVJ+zZQUoA2/mvJGFX6njWuRPjSZhO+4ikt9GqIrDXU7UMDFkngDl1OOsRD30uyfWM= root@ubuntu-xenial
ssh-ed25519 AAAAC3NzaC1lZDI1NTE5AAAAIEQGyYsN4uh1/83tFTwbXjLjb7U9BbPyJojgc47oaOeb root@ubuntu-xenial
ssh-rsa AAAAB3NzaC1yc2EAAAADAQABAAABAQDL4iLmqAVREM2bktd9k6i/Ni3OV3ReG45w5xYq10mSqDS2ublu57MstIsPBBE9vC3lq/rvzyOYmoaZdksNLUOPYAZ28g5eYg+frQxRLxQaQi2P1vqYIHsdy6jycnB2EvUlkuJy7VJ/PFgdA2NjW8RmgAOCei3etqD7FFTw+DUL8dImfGO2jzAe4HdcHIgNGacKFapKlFDPJlxluVnPkQqmqh+ZJUzusotu3jcafBvDhbbbG6DeteKyPZXjuMDPceqUXJ4YTtW61hdRe7GALIxnlQwzcLjUt40AiAX4QNyuoWy+W6FEa85QTA7FOraCxjf85pr07d0c6z9N31gryEoh root@ubuntu-xenial
-----END SSH HOST KEY KEYS-----
[   12.658771] cloud-init[1348]: Cloud-init v. 21.1-19-gbad84ad4-0ubuntu1~16.04.2 running 'modules:final' at Fri, 17 Nov 2023 07:46:10 +0000. Up 12.50 seconds.
[   12.664679] cloud-init[1348]: ci-info: no authorized SSH keys fingerprints found for user ubuntu.
[   12.684620] cloud-init[1348]: Cloud-init v. 21.1-19-gbad84ad4-0ubuntu1~16.04.2 finished at Fri, 17 Nov 2023 07:46:10 +0000. Datasource DataSourceNoCloud [seed=/dev/sdb][dsmode=net].  Up 12.65 seconds
[[0;32m  OK  [0m] Started Execute cloud user/final scripts.
[[0;32m  OK  [0m] Reached target Cloud-init target.

Ubuntu 16.04.7 LTS ubuntu-xenial ttyS0

ubuntu-xenial login: 