[    0.000000] Initializing cgroup subsys cpuset
[    0.000000] Initializing cgroup subsys cpu
[    0.000000] Initializing cgroup subsys cpuacct
[    0.000000] Linux version 4.4.0-210-generic (buildd@lgw01-amd64-009) (gcc version 5.4.0 20160609 (Ubuntu 5.4.0-6ubuntu1~16.04.12) ) #242-Ubuntu SMP Fri Apr 16 09:57:56 UTC 2021 (Ubuntu 4.4.0-210.242-generic 4.4.262)
[    0.000000] Command line: BOOT_IMAGE=/boot/vmlinuz-4.4.0-210-generic root=LABEL=cloudimg-rootfs ro console=tty1 console=ttyS0
[    0.000000] KERNEL supported cpus:
[    0.000000]   Intel GenuineIntel
[    0.000000]   AMD AuthenticAMD
[    0.000000]   Centaur CentaurHauls
[    0.000000] [Firmware Bug]: TSC doesn't count with P0 frequency!
[    0.000000] x86/fpu: xstate_offset[2]:  576, xstate_sizes[2]:  256
[    0.000000] x86/fpu: Supporting XSAVE feature 0x01: 'x87 floating point registers'
[    0.000000] x86/fpu: Supporting XSAVE feature 0x02: 'SSE registers'
[    0.000000] x86/fpu: Supporting XSAVE feature 0x04: 'AVX registers'
[    0.000000] x86/fpu: Enabled xstate features 0x7, context size is 832 bytes, using 'standard' format.
[    0.000000] e820: BIOS-provided physical RAM map:
[    0.000000] BIOS-e820: [mem 0x0000000000000000-0x000000000009fbff] usable
[    0.000000] BIOS-e820: [mem 0x000000000009fc00-0x000000000009ffff] reserved
[    0.000000] BIOS-e820: [mem 0x00000000000f0000-0x00000000000fffff] reserved
[    0.000000] BIOS-e820: [mem 0x0000000000100000-0x000000007e7effff] usable
[    0.000000] BIOS-e820: [mem 0x000000007e7f0000-0x000000007e7fffff] ACPI data
[    0.000000] BIOS-e820: [mem 0x00000000fec00000-0x00000000fec00fff] reserved
[    0.000000] BIOS-e820: [mem 0x00000000fee00000-0x00000000fee00fff] reserved
[    0.000000] BIOS-e820: [mem 0x00000000fffc0000-0x00000000ffffffff] reserved
[    0.000000] NX (Execute Disable) protection: active
[    0.000000] SMBIOS 2.5 present.
[    0.000000] Hypervisor detected: KVM
[    0.000000] Kernel/User page tables isolation: disabled
[    0.000000] e820: last_pfn = 0x7e7f0 max_arch_pfn = 0x400000000
[    0.000000] MTRR: Disabled
[    0.000000] x86/PAT: MTRRs disabled, skipping PAT initialization too.
[    0.000000] CPU MTRRs all blank - virtualized system.
[    0.000000] x86/PAT: Configuration [0-7]: WB  WT  UC- UC  WB  WT  UC- UC  
[    0.000000] found SMP MP-table at [mem 0x0009fff0-0x0009ffff] mapped at [ffff88000009fff0]
[    0.000000] Scanning 1 areas for low memory corruption
[    0.000000] RAMDISK: [mem 0x362dc000-0x37165fff]
[    0.000000] ACPI: Early table checksum verification disabled
[    0.000000] ACPI: RSDP 0x00000000000E0000 000024 (v02 VBOX  )
[    0.000000] ACPI: XSDT 0x000000007E7F0030 00003C (v01 VBOX   VBOXXSDT 00000001 ASL  00000061)
[    0.000000] ACPI: FACP 0x000000007E7F00F0 0000F4 (v04 VBOX   VBOXFACP 00000001 ASL  00000061)
[    0.000000] ACPI: DSDT 0x000000007E7F0470 002325 (v02 VBOX   VBOXBIOS 00000002 INTL 20200925)
[    0.000000] ACPI: FACS 0x000000007E7F0200 000040
[    0.000000] ACPI: FACS 0x000000007E7F0200 000040
[    0.000000] ACPI: APIC 0x000000007E7F0240 00005C (v02 VBOX   VBOXAPIC 00000001 ASL  00000061)
[    0.000000] ACPI: SSDT 0x000000007E7F02A0 0001CC (v01 VBOX   VBOXCPUT 00000002 INTL 20200925)
[    0.000000] No NUMA configuration found
[    0.000000] Faking a node at [mem 0x0000000000000000-0x000000007e7effff]
[    0.000000] NODE_DATA(0) allocated [mem 0x7e7eb000-0x7e7effff]
[    0.000000] kvm-clock: Using msrs 4b564d01 and 4b564d00
[    0.000000] kvm-clock: cpu 0, msr 0:7e7e3001, primary cpu clock
[    0.000000] kvm-clock: using sched offset of 2966744130 cycles
[    0.000000] clocksource: kvm-clock: mask: 0xffffffffffffffff max_cycles: 0x1cd42e4dffb, max_idle_ns: 881590591483 ns
[    0.000000] Zone ranges:
[    0.000000]   DMA      [mem 0x0000000000001000-0x0000000000ffffff]
[    0.000000]   DMA32    [mem 0x0000000001000000-0x000000007e7effff]
[    0.000000]   Normal   empty
[    0.000000]   Device   empty
[    0.000000] Movable zone start for each node
[    0.000000] Early memory node ranges
[    0.000000]   node   0: [mem 0x0000000000001000-0x000000000009efff]
[    0.000000]   node   0: [mem 0x0000000000100000-0x000000007e7effff]
[    0.000000] Initmem setup node 0 [mem 0x0000000000001000-0x000000007e7effff]
[    0.000000] ACPI: PM-Timer IO Port: 0x4008
[    0.000000] IOAPIC[0]: apic_id 2, version 32, address 0xfec00000, GSI 0-23
[    0.000000] ACPI: INT_SRC_OVR (bus 0 bus_irq 0 global_irq 2 dfl dfl)
[    0.000000] ACPI: INT_SRC_OVR (bus 0 bus_irq 9 global_irq 9 low level)
[    0.000000] Using ACPI (MADT) for SMP configuration information
[    0.000000] smpboot: Allowing 2 CPUs, 0 hotplug CPUs
[    0.000000] PM: Registered nosave memory: [mem 0x00000000-0x00000fff]
[    0.000000] PM: Registered nosave memory: [mem 0x0009f000-0x0009ffff]
[    0.000000] PM: Registered nosave memory: [mem 0x000a0000-0x000effff]
[    0.000000] PM: Registered nosave memory: [mem 0x000f0000-0x000fffff]
[    0.000000] e820: [mem 0x7e800000-0xfebfffff] available for PCI devices
[    0.000000] Booting paravirtualized kernel on KVM
[    0.000000] clocksource: refined-jiffies: mask: 0xffffffff max_cycles: 0xffffffff, max_idle_ns: 7645519600211568 ns
[    0.000000] setup_percpu: NR_CPUS:512 nr_cpumask_bits:512 nr_cpu_ids:2 nr_node_ids:1
[    0.000000] PERCPU: Embedded 33 pages/cpu @ffff88007e400000 s95192 r8192 d31784 u1048576
[    0.000000] Built 1 zonelists in Node order, mobility grouping on.  Total pages: 509912
[    0.000000] Policy zone: DMA32
[    0.000000] Kernel command line: BOOT_IMAGE=/boot/vmlinuz-4.4.0-210-generic root=LABEL=cloudimg-rootfs ro console=tty1 console=ttyS0
[    0.000000] PID hash table entries: 4096 (order: 3, 32768 bytes)
[    0.000000] Memory: 2005408K/2072120K available (8644K kernel code, 1332K rwdata, 4044K rodata, 1492K init, 1164K bss, 66712K reserved, 0K cma-reserved)
[    0.000000] SLUB: HWalign=64, Order=0-3, MinObjects=0, CPUs=2, Nodes=1
[    0.000000] Hierarchical RCU implementation.
[    0.000000] 	Build-time adjustment of leaf fanout to 64.
[    0.000000] 	RCU restricting CPUs from NR_CPUS=512 to nr_cpu_ids=2.
[    0.000000] RCU: Adjusting geometry for rcu_fanout_leaf=64, nr_cpu_ids=2
[    0.000000] NR_IRQS:33024 nr_irqs:440 16
[    0.000000] Console: colour VGA+ 80x25
[    0.000000] console [tty1] enabled
[    0.000000] console [ttyS0] enabled
[    0.000000] tsc: Detected 2370.542 MHz processor
[    0.102208] Calibrating delay loop (skipped) preset value.. 4741.08 BogoMIPS (lpj=9482168)
[    0.103253] pid_max: default: 32768 minimum: 301
[    0.103851] ACPI: Core revision 20150930
[    0.105096] ACPI: 2 ACPI AML tables successfully acquired and loaded
[    0.106030] Security Framework initialized
[    0.106602] Yama: becoming mindful.
[    0.107080] AppArmor: AppArmor initialized
[    0.108348] Dentry cache hash table entries: 262144 (order: 9, 2097152 bytes)
[    0.109485] Inode-cache hash table entries: 131072 (order: 8, 1048576 bytes)
[    0.110461] Mount-cache hash table entries: 4096 (order: 3, 32768 bytes)
[    0.111242] Mountpoint-cache hash table entries: 4096 (order: 3, 32768 bytes)
[    0.112996] Initializing cgroup subsys io
[    0.113571] Initializing cgroup subsys memory
[    0.114151] Initializing cgroup subsys devices
[    0.114730] Initializing cgroup subsys freezer
[    0.115314] Initializing cgroup subsys net_cls
[    0.115885] Initializing cgroup subsys perf_event
[    0.116511] Initializing cgroup subsys net_prio
[    0.117104] Initializing cgroup subsys hugetlb
[    0.117686] Initializing cgroup subsys pids
[    0.125571] mce: CPU supports 0 MCE banks
[    0.126137] Last level iTLB entries: 4KB 1024, 2MB 1024, 4MB 512
[    0.126851] Last level dTLB entries: 4KB 2048, 2MB 2048, 4MB 1024, 1GB 0
[    0.127609] Spectre V1 : Mitigation: usercopy/swapgs barriers and __user pointer sanitization
[    0.128678] Spectre V2 : Spectre mitigation: LFENCE not serializing, switching to generic retpoline
[    0.129793] Spectre V2 : Mitigation: Full generic retpoline
[    0.130460] Spectre V2 : Spectre v2 / SpectreRSB mitigation: Filling RSB on context switch
[    0.133073] Freeing SMP alternatives memory: 36K
[    0.137447] ftrace: allocating 32380 entries in 127 pages
[    0.180986] smpboot: APIC(0) Converting physical 0 to logical package 0
[    0.181749] smpboot: Max logical packages: 1
[    0.182515] x2apic enabled
[    0.183087] Switched APIC routing to physical x2apic.
[    0.184478] ..TIMER: vector=0x30 apic1=0 pin1=2 apic2=-1 pin2=-1
[    0.293231] APIC calibration not consistent with PM-Timer: 112ms instead of 100ms
[    0.294292] APIC delta adjusted to PM-Timer: 6366481 (7141016)
[    0.295136] smpboot: CPU0: AMD Ryzen 5 4500U with Radeon Graphics (family: 0x17, model: 0x60, stepping: 0x1)
[    0.296572] Performance Events: Broken PMU hardware detected, using software events only.
[    0.297653] Failed to access perfctr msr (MSR c0010007 is 0)
[    0.302709] KVM setup paravirtual spinlock
[    0.303849] x86: Booting SMP configuration:
[    0.304414] .... node  #0, CPUs:      #1
[    0.305455] kvm-clock: cpu 1, msr 0:7e7e3041, secondary cpu clock
[    0.313973] mce: CPU supports 0 MCE banks
[    0.316966] x86: Booted up 1 node, 2 CPUs
[    0.317673] smpboot: Total of 2 processors activated (9482.16 BogoMIPS)
[    0.318837] devtmpfs: initialized
[    0.323444] evm: security.selinux
[    0.324701] evm: security.SMACK64
[    0.325854] evm: security.SMACK64EXEC
[    0.327098] evm: security.SMACK64TRANSMUTE
[    0.328566] evm: security.SMACK64MMAP
[    0.329681] evm: security.ima
[    0.330731] evm: security.capability
[    0.332452] clocksource: jiffies: mask: 0xffffffff max_cycles: 0xffffffff, max_idle_ns: 7645041785100000 ns
[    0.334021] futex hash table entries: 512 (order: 3, 32768 bytes)
[    0.334876] pinctrl core: initialized pinctrl subsystem
[    0.336201] RTC time: 13:22:01, date: 11/17/23
[    0.337659] NET: Registered protocol family 16
[    0.345023] cpuidle: using governor ladder
[    0.352562] cpuidle: using governor menu
[    0.353628] PCCT header not found.
[    0.355143] ACPI: bus type PCI registered
[    0.356109] acpiphp: ACPI Hot Plug PCI Controller Driver version: 0.5
[    0.357575] PCI: Using configuration type 1 for base access
[    0.358751] PCI: Using configuration type 1 for extended access
[    0.367558] ACPI: Added _OSI(Module Device)
[    0.368797] ACPI: Added _OSI(Processor Device)
[    0.369893] ACPI: Added _OSI(3.0 _SCP Extensions)
[    0.370958] ACPI: Added _OSI(Processor Aggregator Device)
[    0.372823] ACPI: Executed 1 blocks of module-level executable AML code
[    0.377789] ACPI: Interpreter enabled
[    0.379078] ACPI: (supports S0 S5)
[    0.380349] ACPI: Using IOAPIC for interrupt routing
[    0.381824] PCI: Using host bridge windows from ACPI; if necessary, use "pci=nocrs" and report a bug
[    0.389773] ACPI: PCI Root Bridge [PCI0] (domain 0000 [bus 00-ff])
[    0.391488] acpi PNP0A03:00: _OSC: OS supports [ExtendedConfig ASPM ClockPM Segments MSI]
[    0.394208] acpi PNP0A03:00: _OSC: platform does not support [PCIeCapability]
[    0.396093] acpi PNP0A03:00: _OSC: not requesting control; platform does not support [PCIeCapability]
[    0.398399] acpi PNP0A03:00: _OSC: OS requested [PCIeHotplug PME AER PCIeCapability]
[    0.400266] acpi PNP0A03:00: _OSC: platform willing to grant [PCIeHotplug PME AER]
[    0.402057] acpi PNP0A03:00: _OSC failed (AE_SUPPORT); disabling ASPM
[    0.403747] PCI host bridge to bus 0000:00
[    0.420867] pci_bus 0000:00: root bus resource [io  0x0000-0x0cf7 window]
[    0.422584] pci_bus 0000:00: root bus resource [io  0x0d00-0xffff window]
[    0.423954] pci_bus 0000:00: root bus resource [mem 0x000a0000-0x000bffff window]
[    0.424947] pci_bus 0000:00: root bus resource [mem 0x7e800000-0xfdffffff window]
[    0.425774] pci_bus 0000:00: root bus resource [bus 00-ff]
[    0.427155] pci 0000:00:01.1: legacy IDE quirk: reg 0x10: [io  0x01f0-0x01f7]
[    0.427816] pci 0000:00:01.1: legacy IDE quirk: reg 0x14: [io  0x03f6]
[    0.428475] pci 0000:00:01.1: legacy IDE quirk: reg 0x18: [io  0x0170-0x0177]
[    0.429139] pci 0000:00:01.1: legacy IDE quirk: reg 0x1c: [io  0x0376]
[    0.455341] pci 0000:00:07.0: quirk: [io  0x4000-0x403f] claimed by PIIX4 ACPI
[    0.456280] pci 0000:00:07.0: quirk: [io  0x4100-0x410f] claimed by PIIX4 SMB
[    0.473650] ACPI: PCI Interrupt Link [LNKA] (IRQs 5 9 10 *11)
[    0.475102] ACPI: PCI Interrupt Link [LNKB] (IRQs 5 9 *10 11)
[    0.475929] ACPI: PCI Interrupt Link [LNKC] (IRQs 5 *9 10 11)
[    0.476783] ACPI: PCI Interrupt Link [LNKD] (IRQs 5 9 10 *11)
[    0.477625] ACPI: Enabled 2 GPEs in block 00 to 07
[    0.478397] vgaarb: setting as boot device: PCI:0000:00:02.0
[    0.478982] vgaarb: device added: PCI:0000:00:02.0,decodes=io+mem,owns=io+mem,locks=none
[    0.479892] vgaarb: loaded
[    0.480287] vgaarb: bridge control possible 0000:00:02.0
[    0.480999] SCSI subsystem initialized
[    0.481564] ACPI: bus type USB registered
[    0.482059] usbcore: registered new interface driver usbfs
[    0.482636] usbcore: registered new interface driver hub
[    0.483163] usbcore: registered new device driver usb
[    0.483902] PCI: Using ACPI for IRQ routing
[    0.484572] NetLabel: Initializing
[    0.484968] NetLabel:  domain hash size = 128
[    0.485442] NetLabel:  protocols = UNLABELED CIPSOv4
[    0.485944] NetLabel:  unlabeled traffic allowed by default
[    0.486608] amd_nb: Cannot enumerate AMD northbridges
[    0.487200] clocksource: Switched to clocksource kvm-clock
[    0.493520] AppArmor: AppArmor Filesystem Enabled
[    0.494131] pnp: PnP ACPI init
[    0.494960] pnp: PnP ACPI: found 3 devices
[    0.502154] clocksource: acpi_pm: mask: 0xffffff max_cycles: 0xffffff, max_idle_ns: 2085701024 ns
[    0.503065] NET: Registered protocol family 2
[    0.503655] TCP established hash table entries: 16384 (order: 5, 131072 bytes)
[    0.504521] TCP bind hash table entries: 16384 (order: 6, 262144 bytes)
[    0.505187] TCP: Hash tables configured (established 16384 bind 16384)
[    0.505825] UDP hash table entries: 1024 (order: 3, 32768 bytes)
[    0.506400] UDP-Lite hash table entries: 1024 (order: 3, 32768 bytes)
[    0.507053] NET: Registered protocol family 1
[    0.507526] pci 0000:00:00.0: Limiting direct PCI/PCI transfers
[    0.508146] pci 0000:00:01.0: Activating ISA DMA hang workarounds
[    0.508844] Unpacking initramfs...
[    0.685008] Freeing initrd memory: 14888K
[    0.685638] clocksource: tsc: mask: 0xffffffffffffffff max_cycles: 0x222b836da30, max_idle_ns: 440795247518 ns
[    0.686726] platform rtc_cmos: registered platform RTC device (no PNP device found)
[    0.687605] Scanning for low memory corruption every 60 seconds
[    0.688750] audit: initializing netlink subsys (disabled)
[    0.689343] audit: type=2000 audit(1700227326.465:1): initialized
[    0.690163] Initialise system trusted keyring
[    0.690825] HugeTLB registered 2 MB page size, pre-allocated 0 pages
[    0.692256] zbud: loaded
[    0.692900] VFS: Disk quotas dquot_6.6.0
[    0.693382] VFS: Dquot-cache hash table entries: 512 (order 0, 4096 bytes)
[    0.694189] squashfs: version 4.0 (2009/01/31) Phillip Lougher
[    0.694964] fuse init (API version 7.23)
[    0.695578] Key type big_key registered
[    0.696052] Allocating IMA MOK and blacklist keyrings.
[    0.697203] Key type asymmetric registered
[    0.697699] Asymmetric key parser 'x509' registered
[    0.698232] Block layer SCSI generic (bsg) driver version 0.4 loaded (major 249)
[    0.699099] io scheduler noop registered
[    0.699617] io scheduler deadline registered (default)
[    0.700209] io scheduler cfq registered
[    0.700709] pci_hotplug: PCI Hot Plug PCI Core version: 0.5
[    0.701298] pciehp: PCI Express Hot Plug Controller Driver version: 0.4
[    0.702031] ACPI: AC Adapter [AC] (on-line)
[    0.702540] input: Power Button as /devices/LNXSYSTM:00/LNXPWRBN:00/input/input0
[    0.703376] ACPI: Power Button [PWRF]
[    0.703831] input: Sleep Button as /devices/LNXSYSTM:00/LNXSLPBN:00/input/input1
[    0.704671] ACPI: Sleep Button [SLPF]
[    0.705214] GHES: HEST is not enabled!
[    0.705545] ACPI: Battery Slot [BAT0] (battery present)
[    0.706615] Serial: 8250/16550 driver, 32 ports, IRQ sharing enabled
[    0.727496] 00:02: ttyS0 at I/O 0x3f8 (irq = 4, base_baud = 115200) is a 16550A
[    0.729813] Linux agpgart interface v0.103
[    0.731356] loop: module loaded
[    0.732172] scsi host0: ata_piix
[    0.732681] scsi host1: ata_piix
[    0.733113] ata1: PATA max UDMA/33 cmd 0x1f0 ctl 0x3f6 bmdma 0xd000 irq 14
[    0.733789] ata2: PATA max UDMA/33 cmd 0x170 ctl 0x376 bmdma 0xd008 irq 15
[    0.734517] libphy: Fixed MDIO Bus: probed
[    0.735016] tun: Universal TUN/TAP device driver, 1.6
[    0.735559] tun: (C) 1999-2004 Max Krasnyansky <maxk@qualcomm.com>
[    0.736261] PPP generic driver version 2.4.2
[    0.736803] ehci_hcd: USB 2.0 'Enhanced' Host Controller (EHCI) Driver
[    0.737447] ehci-pci: EHCI PCI platform driver
[    0.737951] ehci-platform: EHCI generic platform driver
[    0.738517] ohci_hcd: USB 1.1 'Open' Host Controller (OHCI) Driver
[    0.739135] ohci-pci: OHCI PCI platform driver
[    0.739660] ohci-platform: OHCI generic platform driver
[    0.740238] uhci_hcd: USB Universal Host Controller Interface driver
[    0.740927] i8042: PNP: PS/2 Controller [PNP0303:PS2K,PNP0f03:PS2M] at 0x60,0x64 irq 1,12
[    0.742162] serio: i8042 KBD port at 0x60,0x64 irq 1
[    0.742692] serio: i8042 AUX port at 0x60,0x64 irq 12
[    0.743321] mousedev: PS/2 mouse device common for all mice
[    0.744117] input: AT Translated Set 2 keyboard as /devices/platform/i8042/serio0/input/input2
[    0.745319] rtc_cmos rtc_cmos: rtc core: registered rtc_cmos as rtc0
[    0.746010] rtc_cmos rtc_cmos: alarms up to one day, 114 bytes nvram
[    0.746670] i2c /dev entries driver
[    0.747147] device-mapper: uevent: version 1.0.3
[    0.747727] device-mapper: ioctl: 4.34.0-ioctl (2015-10-28) initialised: dm-devel@redhat.com
[    0.748686] ledtrig-cpu: registered to indicate activity on CPUs
[    0.749569] NET: Registered protocol family 10
[    0.751779] NET: Registered protocol family 17
[    0.752328] Key type dns_resolver registered
[    0.753044] registered taskstats version 1
[    0.753544] Loading compiled-in X.509 certificates
[    0.754476] Loaded X.509 cert 'Build time autogenerated kernel key: cf00e047681d67edb2720680708b7d9498083038'
[    0.755534] zswap: loaded using pool lzo/zbud
[    0.757213] Key type trusted registered
[    0.759494] Key type encrypted registered
[    0.759974] AppArmor: AppArmor sha1 policy hashing enabled
[    0.760488] ima: No TPM chip found, activating TPM-bypass!
[    0.761057] ima: Allocated hash algorithm: sha1
[    0.761587] evm: HMAC attrs: 0x1
[    0.762162]   Magic number: 15:509:382
[    0.762623]   hash matches /build/linux-3Zqs18/linux-4.4.0/drivers/base/power/main.c:1065
[    0.763602] rtc_cmos rtc_cmos: setting system clock to 2023-11-17 13:22:01 UTC (1700227321)
[    0.764619] BIOS EDD facility v0.16 2004-Jun-25, 0 devices found
[    0.765250] EDD information not available.
[    0.913386] Freeing unused kernel memory: 1492K
[    0.914085] Write protecting the kernel read-only data: 14336k
[    0.915132] Freeing unused kernel memory: 1584K
[    0.915769] Freeing unused kernel memory: 52K
Loading, please wait...
starting version 229
[    0.924833] random: systemd-udevd: uninitialized urandom read (16 bytes read, 2 bits of entropy available)
[    0.925296] random: udevadm: uninitialized urandom read (16 bytes read, 2 bits of entropy available)
[    0.925314] random: udevadm: uninitialized urandom read (16 bytes read, 2 bits of entropy available)
[    0.931461] random: udevadm: uninitialized urandom read (16 bytes read, 2 bits of entropy available)
[    0.931503] random: udevadm: uninitialized urandom read (16 bytes read, 2 bits of entropy available)
[    0.931601] random: udevadm: uninitialized urandom read (16 bytes read, 2 bits of entropy available)
[    0.931641] random: udevadm: uninitialized urandom read (16 bytes read, 2 bits of entropy available)
[    0.931677] random: udevadm: uninitialized urandom read (16 bytes read, 2 bits of entropy available)
[    0.931719] random: udevadm: uninitialized urandom read (16 bytes read, 2 bits of entropy available)
[    0.931757] random: udevadm: uninitialized urandom read (16 bytes read, 2 bits of entropy available)
[    0.965266] e1000: Intel(R) PRO/1000 Network Driver - version 7.3.21-k8-NAPI
[    0.966282] e1000: Copyright (c) 1999-2006 Intel Corporation.
[    0.971028] Fusion MPT base driver 3.04.20
[    0.971768] Copyright (c) 1999-2008 LSI Corporation
[    0.974705] Fusion MPT SPI Host driver 3.04.20
[    0.989337] AVX2 version of gcm_enc/dec engaged.
[    0.989869] AES CTR mode by8 optimization enabled
[    1.172945] input: ImExPS/2 Generic Explorer Mouse as /devices/platform/i8042/serio1/input/input4
[    1.282028] e1000 0000:00:03.0 eth0: (PCI:33MHz:32-bit) 02:be:82:6b:cc:1d
[    1.283136] e1000 0000:00:03.0 eth0: Intel(R) PRO/1000 Network Connection
[    1.284305] mptbase: ioc0: Initiating bringup
[    1.347727] ioc0: LSI53C1030 A0: Capabilities={Initiator}
[    1.510485] scsi host2: ioc0: LSI53C1030 A0, FwRev=00000000h, Ports=1, MaxQ=256, IRQ=20
[    2.084289] scsi 2:0:0:0: Direct-Access     VBOX     HARDDISK         1.0  PQ: 0 ANSI: 5
[    2.086555] scsi target2:0:0: Beginning Domain Validation
[    2.089267] scsi target2:0:0: Domain Validation skipping write tests
[    2.090857] scsi target2:0:0: Ending Domain Validation
[    2.092039] scsi target2:0:0: asynchronous
[    2.093363] scsi 2:0:1:0: Direct-Access     VBOX     HARDDISK         1.0  PQ: 0 ANSI: 5
[    2.095137] scsi target2:0:1: Beginning Domain Validation
[    2.097914] scsi target2:0:1: Domain Validation skipping write tests
[    2.099433] scsi target2:0:1: Ending Domain Validation
[    2.100603] scsi target2:0:1: asynchronous
[    2.116766] sd 2:0:0:0: Attached scsi generic sg0 type 0
[    2.117527] sd 2:0:0:0: [sda] 83886080 512-byte logical blocks: (42.9 GB/40.0 GiB)
[    2.118624] sd 2:0:1:0: [sdb] 20480 512-byte logical blocks: (10.5 MB/10.0 MiB)
[    2.119458] sd 2:0:1:0: Attached scsi generic sg1 type 0
[    2.120214] sd 2:0:0:0: [sda] Write Protect is off
[    2.120723] sd 2:0:1:0: [sdb] Write Protect is off
[    2.121368] sd 2:0:0:0: [sda] Incomplete mode parameter data
[    2.121930] sd 2:0:0:0: [sda] Assuming drive cache: write through
[    2.122651] sd 2:0:1:0: [sdb] Incomplete mode parameter data
[    2.123210] sd 2:0:1:0: [sdb] Assuming drive cache: write through
[    2.125462]  sda: sda1
[    2.126953] sd 2:0:0:0: [sda] Attached SCSI disk
[    2.127738] sd 2:0:1:0: [sdb] Attached SCSI disk
[    2.409823] e1000 0000:00:08.0 eth1: (PCI:33MHz:32-bit) 08:00:27:0f:59:f4
[    2.410479] e1000 0000:00:08.0 eth1: Intel(R) PRO/1000 Network Connection
[    2.412251] e1000 0000:00:03.0 enp0s3: renamed from eth0
[    2.427729] e1000 0000:00:08.0 enp0s8: renamed from eth1
Begin: Loading essential drivers ... [    3.754961] md: linear personality registered for level -1
[    3.757558] md: multipath personality registered for level -4
[    3.759515] md: raid0 personality registered for level 0
[    3.762110] md: raid1 personality registered for level 1
[    3.831316] raid6: sse2x1   gen()  8325 MB/s
[    3.899315] raid6: sse2x1   xor()  8420 MB/s
[    3.967315] raid6: sse2x2   gen() 17184 MB/s
[    4.035322] raid6: sse2x2   xor() 11419 MB/s
[    4.103312] raid6: sse2x4   gen() 18227 MB/s
[    4.171313] raid6: sse2x4   xor() 10229 MB/s
[    4.239314] raid6: avx2x1   gen() 20076 MB/s
[    4.307312] raid6: avx2x2   gen() 34787 MB/s
[    4.375311] raid6: avx2x4   gen() 34482 MB/s
[    4.375836] raid6: using algorithm avx2x2 gen() 34787 MB/s
[    4.376394] raid6: using avx2x2 recovery algorithm
[    4.377701] xor: automatically using best checksumming function:
[    4.415332]    avx       : 15518.000 MB/sec
[    4.417682] async_tx: api initialized (async)
[    4.433089] md: raid6 personality registered for level 6
[    4.433702] md: raid5 personality registered for level 5
[    4.434218] md: raid4 personality registered for level 4
[    4.438722] md: raid10 personality registered for level 10
done.
Begin: Running /scripts/init-premount ... done.
Begin: Mounting root file system ... Begin: Running /scripts/local-top ... done.
Begin: Running /scripts/local-premount ... [    4.467171] Btrfs loaded
Scanning for Btrfs filesystems
done.
Warning: fsck not present, so skipping root file system
[    4.496225] EXT4-fs (sda1): mounted filesystem with ordered data mode. Opts: (null)
done.
Begin: Running /scripts/local-bottom ... done.
Begin: Running /scripts/init-bottom ... done.
[    4.580702] systemd[1]: systemd 229 running in system mode. (+PAM +AUDIT +SELINUX +IMA +APPARMOR +SMACK +SYSVINIT +UTMP +LIBCRYPTSETUP +GCRYPT +GNUTLS +ACL +XZ -LZ4 +SECCOMP +BLKID +ELFUTILS +KMOD -IDN)
[    4.585079] systemd[1]: Detected virtualization oracle.
[    4.585677] systemd[1]: Detected architecture x86-64.

Welcome to [1mUbuntu 16.04.7 LTS[0m!

[    4.595975] systemd[1]: Set hostname to <ubuntu>.
[    4.598587] systemd[1]: Initializing machine ID from random generator.
[    4.599205] systemd[1]: Installed transient /etc/machine-id file.
[    4.672788] systemd[1]: Reached target Swap.
[[0;32m  OK  [0m] Reached target Swap.
[    4.673647] systemd[1]: Started Trigger resolvconf update for networkd DNS.
[[0;32m  OK  [0m] Started Trigger resolvconf update for networkd DNS.
[    4.674594] systemd[1]: Listening on Journal Socket (/dev/log).
[[0;32m  OK  [0m] Listening on Journal Socket (/dev/log).
[    4.675487] systemd[1]: Listening on LVM2 poll daemon socket.
[[0;32m  OK  [0m] Listening on LVM2 poll daemon socket.
[    4.676504] systemd[1]: Set up automount Arbitrary Executable File Formats File System Automount Point.
[[0;32m  OK  [0m] Set up automount Arbitrary Executab...ats File System Automount Point.
[    4.677774] systemd[1]: Listening on fsck to fsckd communication Socket.
[[0;32m  OK  [0m] Listening on fsck to fsckd communication Socket.
[    4.678704] systemd[1]: Listening on udev Control Socket.
[[0;32m  OK  [0m] Listening on udev Control Socket.
[    4.679923] systemd[1]: Created slice System Slice.
[[0;32m  OK  [0m] Created slice System Slice.
[    4.681002] systemd[1]: Created slice system-serial\x2dgetty.slice.
[[0;32m  OK  [0m] Created slice system-serial\x2dgetty.slice.
[    4.682075] systemd[1]: Listening on Syslog Socket.
[[0;32m  OK  [0m] Listening on Syslog Socket.
[    4.682996] systemd[1]: Listening on Journal Audit Socket.
[[0;32m  OK  [0m] Listening on Journal Audit Socket.
[    4.683999] systemd[1]: Reached target Encrypted Volumes.
[[0;32m  OK  [0m] Reached target Encrypted Volumes.
[    4.685084] systemd[1]: Created slice User and Session Slice.
[[0;32m  OK  [0m] Created slice User and Session Slice.
[    4.686080] systemd[1]: Reached target Slices.
[[0;32m  OK  [0m] Reached target Slices.
[    4.686937] systemd[1]: Listening on Journal Socket.
[[0;32m  OK  [0m] Listening on Journal Socket.
[    4.700321] systemd[1]: Starting Journal Service...
         Starting Journal Service...
[    4.705974] systemd[1]: Mounting Debug File System...
         Mounting Debug File System...
[    4.709593] systemd[1]: Starting Create list of required static device nodes for the current kernel...
         Starting Create list of required st... nodes for the current kernel...
[    4.712643] systemd[1]: Starting Set console keymap...
         Starting Set console keymap...
[    4.714681] systemd[1]: Starting Uncomplicated firewall...
         Starting Uncomplicated firewall...
[    4.717695] systemd[1]: Starting Load Kernel Modules...
         Starting Load Kernel Modules...
[    4.720072] systemd[1]: Starting Nameserver information manager...
         Starting Nameserver information manager...
[    4.727436] Loading iSCSI transport class v2.0-870.
[    4.728727] systemd[1]: Starting File System Check on Root Device...
         Starting File System Check on Root Device...
[    4.730079] systemd[1]: Reached target User and Group Name Lookups.
[[0;32m  OK  [0m] Reached target User and Group Name Lookups.
[    4.731511] systemd[1]: Listening on LVM2 metadata daemon socket.
[[0;32m  OK  [0m] Listening on LVM2 metadata daemon socket.
[    4.733461] systemd[1]: Reached target System Time Synchronized.
[[0;32m  OK  [0m] Reached target System Time Synchronized.
[    4.735426] systemd[1]: Listening on udev Kernel Socket.
[[0;32m  OK  [0m] Listening on udev Kernel Socket.
[    4.737093] systemd[1]: Listening on Device-mapper event daemon FIFOs.
[[0;32m  OK  [0m] Listening on Device-mapper event daemon FIFOs.
[    4.739984] systemd[1]: Starting Monitoring of LVM2 mirrors, snapshots etc. using dmeventd or progress polling...
         Starting Monitoring of LVM2 mirrors... dmeventd or progress polling...
[    4.747518] systemd[1]: Listening on /dev/initctl Compatibility Named Pipe.
[[0;32m  OK  [0m] Listening on /dev/initctl Compatibility Named Pipe.
[    4.749373] systemd[1]: Mounting Huge Pages File System...
         Mounting Huge Pages File System...
[    4.750531] systemd[1]: Started Forward Password Requests to Wall Directory Watch.
[    4.752340] iscsi: registered transport (tcp)
[[0;32m  OK  [0m] Started Forward Password Requests to Wall Directory Watch.
[    4.754381] systemd[1]: Mounting POSIX Message Queue File System...
         Mounting POSIX Message Queue File System...
[    4.757321] systemd[1]: Mounted Huge Pages File System.
[[0;32m  OK  [0m] Mounted Huge Pages File System.
[    4.763462] systemd[1]: Mounted Debug File System.
[[0;32m  OK  [0m] Mounted Debug File System.
[    4.771851] systemd[1]: Mounted POSIX Message Queue File System.
[[0;32m  OK  [0m] Mounted POSIX Message Queue File System.
[    4.773159] systemd[1]: Started Journal Service.
[[0;32m  OK  [0m] Started Journal Service.
[    4.774838] iscsi: registered transport (iser)
[[0;32m  OK  [0m] Started Create list of required sta...ce nodes for the current kernel.
[[0;32m  OK  [0m] Started Set console keymap.
[[0;32m  OK  [0m] Started Uncomplicated firewall.
[[0;32m  OK  [0m] Started Load Kernel Modules.
[[0;32m  OK  [0m] Started File System Check on Root Device.
[[0;32m  OK  [0m] Started Nameserver information manager.
[[0;32m  OK  [0m] Started LVM2 metadata daemon.
[[0;32m  OK  [0m] Started File System Check Daemon to report status.
         Starting Remount Root and Kernel File Systems...
         Mounting FUSE Control File System...
         Starting Apply Kernel Variables...
         Starting Create Static Device Nodes in /dev...
[[0;32m  OK  [0m] Mounted FUSE Control File System.
[    4.791734] EXT4-fs (sda1): re-mounted. Opts: (null)
[[0;32m  OK  [0m] Started Remount Root and Kernel File Systems.
[[0;32m  OK  [0m] Started Apply Kernel Variables.
[[0;32m  OK  [0m] Started Create Static Device Nodes in /dev.
         Starting udev Kernel Device Manager...
         Starting Load/Save Random Seed...
         Starting Flush Journal to Persistent Storage...
         Starting udev Coldplug all Devices...
[[0;32m  OK  [0m] Started udev Kernel Device Manager.
[[0;32m  OK  [0m] Started Load/Save Random Seed.
[[0;32m  OK  [0m] Started Flush Journal to Persistent Storage.
[[0;32m  OK  [0m] Started udev Coldplug all Devices.
[[0;32m  OK  [0m] Started Dispatch Password Requests to Console Directory Watch.
[[0;32m  OK  [0m] Found device /dev/ttyS0.
[[0;32m  OK  [0m] Listening on Load/Save RF Kill Switch Status /dev/rfkill Watch.
[[0;32m  OK  [0m] Started Monitoring of LVM2 mirrors,...ng dmeventd or progress polling.
[[0;32m  OK  [0m] Reached target Local File Systems (Pre).
[[0;32m  OK  [0m] Reached target Local File Systems.
         Starting Commit a transient machine-id on disk...
         Starting Tell Plymouth To Write Out Runtime Data...
         Starting Set console font and keymap...
         Starting LSB: AppArmor initialization...
         Starting Initial cloud-init job (pre-networking)...
         Starting Create Volatile Files and Directories...
[[0;32m  OK  [0m] Started Commit a transient machine-id on disk.
[[0;32m  OK  [0m] Started Tell Plymouth To Write Out Runtime Data.
[[0;32m  OK  [0m] Started Create Volatile Files and Directories.
         Starting Update UTMP about System Boot/Shutdown...
[[0;32m  OK  [0m] Started Update UTMP about System Boot/Shutdown.
[[0;32m  OK  [0m] Started Set console font and keymap.
[[0;32m  OK  [0m] Created slice system-getty.slice.
[[0;32m  OK  [0m] Started LSB: AppArmor initialization.
         Starting Load AppArmor profiles managed internally by snapd...
[[0;32m  OK  [0m] Started Load AppArmor profiles managed internally by snapd.
[    5.826754] cloud-init[627]: Cloud-init v. 21.1-19-gbad84ad4-0ubuntu1~16.04.2 running 'init-local' at Fri, 17 Nov 2023 13:22:06 +0000. Up 5.60 seconds.
[[0;32m  OK  [0m] Started Initial cloud-init job (pre-networking).
[[0;32m  OK  [0m] Reached target Network (Pre).
         Starting Raise network interfaces...
[[0;32m  OK  [0m] Started Raise network interfaces.
[[0;32m  OK  [0m] Reached target Network.
         Starting Initial cloud-init job (metadata service crawler)...
[    6.920232] cloud-init[960]: Cloud-init v. 21.1-19-gbad84ad4-0ubuntu1~16.04.2 running 'init' at Fri, 17 Nov 2023 13:22:07 +0000. Up 6.21 seconds.
[    6.921638] cloud-init[960]: ci-info: ++++++++++++++++++++++++++++++++++++++Net device info+++++++++++++++++++++++++++++++++++++++
[    6.923041] cloud-init[960]: ci-info: +--------+-------+----------------------------+---------------+--------+-------------------+
[    6.924710] cloud-init[960]: ci-info: | Device |   Up  |          Address           |      Mask     | Scope  |     Hw-Address    |
[    6.926109] cloud-init[960]: ci-info: +--------+-------+----------------------------+---------------+--------+-------------------+
[    6.927728] cloud-init[960]: ci-info: | enp0s3 |  True |         10.0.2.15          | 255.255.255.0 | global | 02:be:82:6b:cc:1d |
[    6.929346] cloud-init[960]: ci-info: | enp0s3 |  True | fe80::be:82ff:fe6b:cc1d/64 |       .       |  link  | 02:be:82:6b:cc:1d |
[    6.930758] cloud-init[960]: ci-info: | enp0s8 | False |             .              |       .       |   .    | 08:00:27:0f:59:f4 |
[    6.932414] cloud-init[960]: ci-info: |   lo   |  True |         127.0.0.1          |   255.0.0.0   |  host  |         .         |
[    6.934000] cloud-init[960]: ci-info: |   lo   |  True |          ::1/128           |       .       |  host  |         .         |
[    6.935590] cloud-init[960]: ci-info: +--------+-------+----------------------------+---------------+--------+-------------------+
[    6.937256] cloud-init[960]: ci-info: +++++++++++++++++++++++++++Route IPv4 info++++++++++++++++++++++++++++
[    6.938665] cloud-init[960]: ci-info: +-------+-------------+----------+---------------+-----------+-------+
[    6.940113] cloud-init[960]: ci-info: | Route | Destination | Gateway  |    Genmask    | Interface | Flags |
[    6.941585] cloud-init[960]: ci-info: +-------+-------------+----------+---------------+-----------+-------+
[    6.942978] cloud-init[960]: ci-info: |   0   |   0.0.0.0   | 10.0.2.2 |    0.0.0.0    |   enp0s3  |   UG  |
[    6.944458] cloud-init[960]: ci-info: |   1   |   10.0.2.0  | 0.0.0.0  | 255.255.255.0 |   enp0s3  |   U   |
[    6.945957] cloud-init[960]: ci-info: +-------+-------------+----------+---------------+-----------+-------+
[    6.947406] cloud-init[960]: ci-info: +++++++++++++++++++Route IPv6 info+++++++++++++++++++
[    6.948882] cloud-init[960]: ci-info: +-------+-------------+---------+-----------+-------+
[    6.950256] cloud-init[960]: ci-info: | Route | Destination | Gateway | Interface | Flags |
[    6.951608] cloud-init[960]: ci-info: +-------+-------------+---------+-----------+-------+
[    6.952990] cloud-init[960]: ci-info: |   0   |  fe80::/64  |    ::   |   enp0s3  |   U   |
[    6.954302] cloud-init[960]: ci-info: |   3   |   ff00::/8  |    ::   |   enp0s3  |   U   |
[    6.955641] cloud-init[960]: ci-info: +-------+-------------+---------+-----------+-------+
[    6.956956] cloud-init[960]: Generating public/private rsa key pair.
[[0;32m  OK  [0m] Started Initial cloud-init job (metadata service crawler).
[[0;32m  OK  [0m] Reached target Cloud-config availability.
[[0;32m  OK  [0m] Reached target Network is Online.
[    6.957848] cloud-init[960]: Your identification has been saved in /etc/ssh/ssh_host_rsa_key.
[    6.960287] cloud-init[960]: Your public key has been saved in /etc/ssh/ssh_host_rsa_key.pub.
[    6.961424] cloud-init[960]: The key fingerprint is:
[    6.962374] cloud-init[960]: SHA256:PKFsS0ygxvh1O5CpbbHMxFwvxqIU1fTSTN5pmnf3p80 root@ubuntu-xenial
[    6.963818] cloud-init[960]: The key's randomart image is:
[    6.964976] cloud-init[960]: +---[RSA 2048]----+
[    6.965981] cloud-init[960]: |  ..ooo .        |
[    6.967005] cloud-init[960]: | o = *.B . .     |
[    6.968040] cloud-init[960]: |. = @ B B +      |
[    6.969116] cloud-init[960]: | + O @ * =       |
[    6.970149] cloud-init[960]: |  + * O S . . .  |
[    6.971214] cloud-init[960]: |   . o o o . . . |
[    6.972266]          Starting iSCSI initiator daemon (iscsid)...
[[0;32m  OK  [0m] Reached target System Initialization.
[[0;32m  OK  [0m] Started Message of the Day.
[[0;32m  OK  [0m] Listening on ACPID Listen Socket.
[[0;32m  OK  [0m] Listening on UUID daemon activation socket.
[[0;32m  OK  [0m] Listening on D-Bus System Message Bus Socket.
         Starting Socket activation for snappy daemon.
[[0;32m  OK  [0m] Started Daily Cleanup of Temporary Directories.
[[0;32m  OK  [0m] Started Daily apt download activities.
cloud-init[960]: |      .         o|
[[0;32m  OK  [0m] Started Daily apt upgrade and clean activities.
[[0;32m  OK  [0m] Started ACPI Events Check.
[[0;32m  OK  [0m] Reached target Paths.
[[0;32m  OK  [0m[    6.980155] cloud-init[960]: |               +.|
[    6.980325] cloud-init[960]: |              . E|
[    6.980416] cloud-init[960]: +----[SHA256]-----+
[    6.980497] cloud-init[960]: Generating public/private dsa key pair.
[    6.980599] cloud-init[960]: Your identification has been saved in /etc/ssh/ssh_host_dsa_key.
[    6.980706] cloud-init[960]: Your public key has been saved in /etc/ssh/ssh_host_dsa_key.pub.
[    6.980896] cloud-init[960]: The key fingerprint is:
[    6.981176] cloud-init[960]: SHA256:nGDf9OGSuJlsv63U1RyJ3kaZfCfKAOBOqSEranx/pBs root@ubuntu-xenial
[    6.981419] cloud-init[960]: The key's randomart image is:
[    6.981662] cloud-init[960]: +---[DSA 1024]----+
[    6.981916] cloud-init[960]: |      ...        |
[    6.982134] cloud-init[960]: |     . . .    o +|
[    6.982245] cloud-init[960]: |  . . *   o ...Bo|
[    6.982335] cloud-init[960]: |   o * + = *.oo++|
[    6.982452] cloud-init[960]: |. . . . S + =..oo|
[    6.982564] cloud-init[960]: |o.     o + o ..  |
[    6.982663] cloud-init[960]: |.o . Eo * . .    |
[    6.982779] cloud-init[960]: |. . ...o o .     |
[    6.982899] cloud-init[960]: |     oo   +o.    |
[    6.983010] cloud-init[960]: +----[SHA256]-----+
[    6.983120] cloud-init[960]: Generating public/private ecdsa key pair.
[    6.983234] cloud-init[960]: Your identification has been saved in /etc/ssh/ssh_host_ecdsa_key.
[    6.983423] cloud-init[960]: Your public key has been saved in /etc/ssh/ssh_host_ecdsa_key.pub.
[    6.983522] cloud-init[960]: The key fingerprint is:
[    6.983632] cloud-init[960]: SHA256:e8srT6yWbyT43SUH0xVnHMkYcqn5SlcENJV4gBLpdG4 root@ubuntu-xenial
[    6.983737] cloud-init[960]: The key's randomart image is:
[    6.983837] cloud-init[960]: +---[ECDSA 256]---+
[    6.983941] cloud-init[960]: |         .o.oBX=B|
[    6.984042] cloud-init[960]: |         + oo+.B+|
[    6.984151] cloud-init[960]: |        o + o.o. |
[    6.984236] cloud-init[960]: |         . Eo .. |
[    6.984335] cloud-init[960]: |       .S . .o.  |
[    6.984432] cloud-init[960]: |      . .o...oo  |
[    6.984566] cloud-init[960]: |       ..==.o+   |
[    6.984664] cloud-init[960]: |        ==oo.    |
[    6.984789] cloud-init[960]: |       ..=*.     |
[    6.984913] cloud-init[960]: +----[SHA256]-----+
[    6.985039] cloud-init[960]: Generating public/private ed25519 key pair.
[    6.985150] cloud-init[960]: Your identification has been saved in /etc/ssh/ssh_host_ed25519_key.
[    6.985257] cloud-init[960]: Your public key has been saved in /etc/ssh/ssh_host_ed25519_key.pub.
[    6.985377] cloud-init[960]: The key fingerprint is:
[    6.985484] cloud-init[960]: SHA256:pDPZJrQQw4qTs/typtHdyD2C7B0m/jWxyYzPSTa44Zg root@ubuntu-xenial
[    6.985609] cloud-init[960]: The key's randomart image is:
[    6.985710] cloud-init[960]: +--[ED25519 256]--+
[    6.985830] cloud-init[960]: |   .o            |
[    6.985925] cloud-init[960]: |    .o           |
[    6.986051] cloud-init[960]: | o .. . .        |
[    6.986154] cloud-init[960]: |= .  o *         |
[    6.986263] cloud-init[960]: | +    O S        |
[    6.986366] cloud-init[960]: |.o + O O         |
[    6.986475] cloud-init[960]: |..= @ #          |
[    6.986565] cloud-init[960]: |o+oB @ =         |
[    6.986695] cloud-init[960]: |.*E.= +          |
[    6.986789] cloud-init[960]: +----[SHA256]-----+
] Started Ubuntu Advantage update messaging.
[[0;32m  OK  [0m] Reached target Timers.
         Starting LXD - unix socket.
[[0;32m  OK  [0m] Listening on Socket activation for snappy daemon.
[[0;32m  OK  [0m] Listening on LXD - unix socket.
[[0;32m  OK  [0m] Reached target Sockets.
[[0;32m  OK  [0m] Reached target Basic System.
         Starting Login Service...
         Starting Accounts Service...
         Starting Pollinate to seed the pseudo random number generator...
         Starting System Logging Service...
         Starting LXD - container startup/shutdown...
         Starting Virtualbox guest utils...
[[0;32m  OK  [0m] Started ACPI event daemon.
[[0;32m  OK  [0m] Started D-Bus System Message Bus.
         Starting LSB: MD monitoring daemon...
         Starting /etc/rc.local Compatibility...
         Starting LSB: Record successful boot for GRUB...
[[0;32m  OK  [0m] Started Regular background program processing daemon.
[[0;32m  OK  [0m] Started Deferred execution scheduler.
         Starting Snap Daemon...
[[0;32m  OK  [0m] Started FUSE filesystem for LXC.
[[0;32m  OK  [0m] Started System Logging Service.
[[0;32m  OK  [0m] Started iSCSI initiator daemon (iscsid).
[[0;32m  OK  [0m] Started /etc/rc.local Compatibility.
[[0;32m  OK  [0m] Started Login Service.
[[0;32m  OK  [0m] Started Unattended Upgrades Shutdown.
         Starting Authenticate and Authorize Users to Run Privileged Tasks...
         Starting Login to default iSCSI targets...
[[0;32m  OK  [0m] Started LSB: MD monitoring daemon.
[[0;32m  OK  [0m] Started LSB: Record successful boot for GRUB.
[[0;32m  OK  [0m] Started LXD - container startup/shutdown.
[[0;32m  OK  [0m] Started Authenticate and Authorize Users to Run Privileged Tasks.
[[0;32m  OK  [0m] Started Login to default iSCSI targets.
[[0;32m  OK  [0m] Started Virtualbox guest utils.
[[0;32m  OK  [0m] Started Accounts Service.
[[0;32m  OK  [0m] Reached target Remote File Systems (Pre).
[[0;32m  OK  [0m] Reached target Remote File Systems.
         Starting LSB: automatic crash report generation...
         Starting LSB: Set the CPU Frequency Scaling governor to "ondemand"...
         Starting LSB: daemon to balance interrupts for SMP systems...
         Starting Permit User Sessions...
[[0;32m  OK  [0m] Started Permit User Sessions.
         Starting Hold until boot process finishes up...
         Starting Terminate Plymouth Boot Screen...
[[0;32m  OK  [0m] Started Hold until boot process finishes up.
[[0;32m  OK  [0m] Started Serial Getty on ttyS0.
[[0;32m  OK  [0m] Started Getty on tty1.
[[0;32m  OK  [0m] Reached target Login Prompts.
         Starting Set console scheme...
[[0;32m  OK  [0m] Started LSB: Set the CPU Frequency Scaling governor to "ondemand".
[[0;32m  OK  [0m] Started LSB: daemon to balance interrupts for SMP systems.
[[0;32m  OK  [0m] Started Terminate Plymouth Boot Screen.
[[0;32m  OK  [0m] Started Set console scheme.
[[0;32m  OK  [0m] Started LSB: automatic crash report generation.
[[0;32m  OK  [0m] Started Snap Daemon.
         Starting Wait until snapd is fully seeded...
[[0;32m  OK  [0m] Started Pollinate to seed the pseudo random number generator.
         Starting OpenBSD Secure Shell server...
[[0;32m  OK  [0m] Started OpenBSD Secure Shell server.
[[0;32m  OK  [0m] Started Wait until snapd is fully seeded.
[[0;32m  OK  [0m] Reached target Multi-User System.
[[0;32m  OK  [0m] Reached target Graphical Interface.
         Starting Update UTMP about System Runlevel Changes...
         Starting Apply the settings specified in cloud-config...
[[0;32m  OK  [0m] Started Update UTMP about System Runlevel Changes.
[    9.200088] cloud-init[1299]: Generating locales (this might take a while)...
[    9.705504] cloud-init[1299]:   en_US.UTF-8... done
[    9.706186] cloud-init[1299]: Generation complete.
[    9.897535] cloud-init[1299]: Cloud-init v. 21.1-19-gbad84ad4-0ubuntu1~16.04.2 running 'modules:config' at Fri, 17 Nov 2023 13:22:09 +0000. Up 9.07 seconds.
[[0;32m  OK  [0m] Started Apply the settings specified in cloud-config.
         Starting Execute cloud user/final scripts...
ci-info: no authorized SSH keys fingerprints found for user ubuntu.
<14>Nov 17 13:22:11 ec2: 
<14>Nov 17 13:22:11 ec2: #############################################################
<14>Nov 17 13:22:11 ec2: -----BEGIN SSH HOST KEY FINGERPRINTS-----
<14>Nov 17 13:22:11 ec2: 1024 SHA256:nGDf9OGSuJlsv63U1RyJ3kaZfCfKAOBOqSEranx/pBs root@ubuntu-xenial (DSA)
<14>Nov 17 13:22:11 ec2: 256 SHA256:e8srT6yWbyT43SUH0xVnHMkYcqn5SlcENJV4gBLpdG4 root@ubuntu-xenial (ECDSA)
<14>Nov 17 13:22:11 ec2: 256 SHA256:pDPZJrQQw4qTs/typtHdyD2C7B0m/jWxyYzPSTa44Zg root@ubuntu-xenial (ED25519)
<14>Nov 17 13:22:11 ec2: 2048 SHA256:PKFsS0ygxvh1O5CpbbHMxFwvxqIU1fTSTN5pmnf3p80 root@ubuntu-xenial (RSA)
<14>Nov 17 13:22:11 ec2: -----END SSH HOST KEY FINGERPRINTS-----
<14>Nov 17 13:22:11 ec2: #############################################################
-----BEGIN SSH HOST KEY KEYS-----
ecdsa-sha2-nistp256 AAAAE2VjZHNhLXNoYTItbmlzdHAyNTYAAAAIbmlzdHAyNTYAAABBBBlfpDSszIWCIeHqiFW2nOLpo5eV+CxZ4ZcVSoY2M9gelpaDbQo+VUq6JdOBSLbB0/rKmd+5rXYDXbKJxkG+XX4= root@ubuntu-xenial
ssh-ed25519 AAAAC3NzaC1lZDI1NTE5AAAAIJ/gd4BsjmiqJEZtYU0uDYxqRUV/9XmZvFNRL/aeegjc root@ubuntu-xenial
ssh-rsa AAAAB3NzaC1yc2EAAAADAQABAAABAQC/IJUZeBUDQubI5lVXDviREVidExVoukCA4UKRWAiqEHTJ1UunjehUvybwZnFCTByNON+0a4mYHWSMp51xuj9DV+KN5VsnTtOj52qSwEEprMQzDqEmsZIgRicxXKFuu4L7D8yegVHMEVDZuvqAj8w0EZ1VKDjIOFtyhd/HtUBSaSm+nBqToJDY6qfMU4xtVKwV57evt0tna7pmN4ena++sh+BClr7SI98cqcXrt1/+aUok47W+Bzra7gvhMEzZMZiViVbjghB0tu2dPTJAvjmKts8ySfaH6bk4vTLfU6fVeoYxH7Njd3FjZU4YiH3my1rqbecPiOszowMLu7nlcDp3 root@ubuntu-xenial
-----END SSH HOST KEY KEYS-----
[   10.282213] cloud-init[1341]: Cloud-init v. 21.1-19-gbad84ad4-0ubuntu1~16.04.2 running 'modules:final' at Fri, 17 Nov 2023 13:22:11 +0000. Up 10.17 seconds.
[   10.283032] cloud-init[1341]: ci-info: no authorized SSH keys fingerprints found for user ubuntu.
[   10.288491] cloud-init[1341]: Cloud-init v. 21.1-19-gbad84ad4-0ubuntu1~16.04.2 finished at Fri, 17 Nov 2023 13:22:11 +0000. Datasource DataSourceNoCloud [seed=/dev/sdb][dsmode=net].  Up 10.27 seconds
[[0;32m  OK  [0m] Started Execute cloud user/final scripts.
[[0;32m  OK  [0m] Reached target Cloud-init target.

Ubuntu 16.04.7 LTS ubuntu-xenial ttyS0

ubuntu-xenial login: 