[    0.000000] Initializing cgroup subsys cpuset
[    0.000000] Initializing cgroup subsys cpu
[    0.000000] Initializing cgroup subsys cpuacct
[    0.000000] Linux version 4.4.0-210-generic (buildd@lgw01-amd64-009) (gcc version 5.4.0 20160609 (Ubuntu 5.4.0-6ubuntu1~16.04.12) ) #242-Ubuntu SMP Fri Apr 16 09:57:56 UTC 2021 (Ubuntu 4.4.0-210.242-generic 4.4.262)
[    0.000000] Command line: BOOT_IMAGE=/boot/vmlinuz-4.4.0-210-generic root=LABEL=cloudimg-rootfs ro console=tty1 console=ttyS0
[    0.000000] KERNEL supported cpus:
[    0.000000]   Intel GenuineIntel
[    0.000000]   AMD AuthenticAMD
[    0.000000]   Centaur CentaurHauls
[    0.000000] [Firmware Bug]: TSC doesn't count with P0 frequency!
[    0.000000] x86/fpu: xstate_offset[2]:  576, xstate_sizes[2]:  256
[    0.000000] x86/fpu: Supporting XSAVE feature 0x01: 'x87 floating point registers'
[    0.000000] x86/fpu: Supporting XSAVE feature 0x02: 'SSE registers'
[    0.000000] x86/fpu: Supporting XSAVE feature 0x04: 'AVX registers'
[    0.000000] x86/fpu: Enabled xstate features 0x7, context size is 832 bytes, using 'standard' format.
[    0.000000] e820: BIOS-provided physical RAM map:
[    0.000000] BIOS-e820: [mem 0x0000000000000000-0x000000000009fbff] usable
[    0.000000] BIOS-e820: [mem 0x000000000009fc00-0x000000000009ffff] reserved
[    0.000000] BIOS-e820: [mem 0x00000000000f0000-0x00000000000fffff] reserved
[    0.000000] BIOS-e820: [mem 0x0000000000100000-0x000000003ffeffff] usable
[    0.000000] BIOS-e820: [mem 0x000000003fff0000-0x000000003fffffff] ACPI data
[    0.000000] BIOS-e820: [mem 0x00000000fec00000-0x00000000fec00fff] reserved
[    0.000000] BIOS-e820: [mem 0x00000000fee00000-0x00000000fee00fff] reserved
[    0.000000] BIOS-e820: [mem 0x00000000fffc0000-0x00000000ffffffff] reserved
[    0.000000] NX (Execute Disable) protection: active
[    0.000000] SMBIOS 2.5 present.
[    0.000000] Hypervisor detected: KVM
[    0.000000] Kernel/User page tables isolation: disabled
[    0.000000] e820: last_pfn = 0x3fff0 max_arch_pfn = 0x400000000
[    0.000000] MTRR: Disabled
[    0.000000] x86/PAT: MTRRs disabled, skipping PAT initialization too.
[    0.000000] CPU MTRRs all blank - virtualized system.
[    0.000000] x86/PAT: Configuration [0-7]: WB  WT  UC- UC  WB  WT  UC- UC  
[    0.000000] found SMP MP-table at [mem 0x0009fff0-0x0009ffff] mapped at [ffff88000009fff0]
[    0.000000] Scanning 1 areas for low memory corruption
[    0.000000] RAMDISK: [mem 0x362dc000-0x37165fff]
[    0.000000] ACPI: Early table checksum verification disabled
[    0.000000] ACPI: RSDP 0x00000000000E0000 000024 (v02 VBOX  )
[    0.000000] ACPI: XSDT 0x000000003FFF0030 00003C (v01 VBOX   VBOXXSDT 00000001 ASL  00000061)
[    0.000000] ACPI: FACP 0x000000003FFF00F0 0000F4 (v04 VBOX   VBOXFACP 00000001 ASL  00000061)
[    0.000000] ACPI: DSDT 0x000000003FFF0470 002325 (v02 VBOX   VBOXBIOS 00000002 INTL 20200925)
[    0.000000] ACPI: FACS 0x000000003FFF0200 000040
[    0.000000] ACPI: FACS 0x000000003FFF0200 000040
[    0.000000] ACPI: APIC 0x000000003FFF0240 00005C (v02 VBOX   VBOXAPIC 00000001 ASL  00000061)
[    0.000000] ACPI: SSDT 0x000000003FFF02A0 0001CC (v01 VBOX   VBOXCPUT 00000002 INTL 20200925)
[    0.000000] No NUMA configuration found
[    0.000000] Faking a node at [mem 0x0000000000000000-0x000000003ffeffff]
[    0.000000] NODE_DATA(0) allocated [mem 0x3ffeb000-0x3ffeffff]
[    0.000000] kvm-clock: Using msrs 4b564d01 and 4b564d00
[    0.000000] kvm-clock: cpu 0, msr 0:3ffe3001, primary cpu clock
[    0.000000] kvm-clock: using sched offset of 2925987494 cycles
[    0.000000] clocksource: kvm-clock: mask: 0xffffffffffffffff max_cycles: 0x1cd42e4dffb, max_idle_ns: 881590591483 ns
[    0.000000] Zone ranges:
[    0.000000]   DMA      [mem 0x0000000000001000-0x0000000000ffffff]
[    0.000000]   DMA32    [mem 0x0000000001000000-0x000000003ffeffff]
[    0.000000]   Normal   empty
[    0.000000]   Device   empty
[    0.000000] Movable zone start for each node
[    0.000000] Early memory node ranges
[    0.000000]   node   0: [mem 0x0000000000001000-0x000000000009efff]
[    0.000000]   node   0: [mem 0x0000000000100000-0x000000003ffeffff]
[    0.000000] Initmem setup node 0 [mem 0x0000000000001000-0x000000003ffeffff]
[    0.000000] ACPI: PM-Timer IO Port: 0x4008
[    0.000000] IOAPIC[0]: apic_id 2, version 32, address 0xfec00000, GSI 0-23
[    0.000000] ACPI: INT_SRC_OVR (bus 0 bus_irq 0 global_irq 2 dfl dfl)
[    0.000000] ACPI: INT_SRC_OVR (bus 0 bus_irq 9 global_irq 9 low level)
[    0.000000] Using ACPI (MADT) for SMP configuration information
[    0.000000] smpboot: Allowing 2 CPUs, 0 hotplug CPUs
[    0.000000] PM: Registered nosave memory: [mem 0x00000000-0x00000fff]
[    0.000000] PM: Registered nosave memory: [mem 0x0009f000-0x0009ffff]
[    0.000000] PM: Registered nosave memory: [mem 0x000a0000-0x000effff]
[    0.000000] PM: Registered nosave memory: [mem 0x000f0000-0x000fffff]
[    0.000000] e820: [mem 0x40000000-0xfebfffff] available for PCI devices
[    0.000000] Booting paravirtualized kernel on KVM
[    0.000000] clocksource: refined-jiffies: mask: 0xffffffff max_cycles: 0xffffffff, max_idle_ns: 7645519600211568 ns
[    0.000000] setup_percpu: NR_CPUS:512 nr_cpumask_bits:512 nr_cpu_ids:2 nr_node_ids:1
[    0.000000] PERCPU: Embedded 33 pages/cpu @ffff88003fc00000 s95192 r8192 d31784 u1048576
[    0.000000] Built 1 zonelists in Node order, mobility grouping on.  Total pages: 257912
[    0.000000] Policy zone: DMA32
[    0.000000] Kernel command line: BOOT_IMAGE=/boot/vmlinuz-4.4.0-210-generic root=LABEL=cloudimg-rootfs ro console=tty1 console=ttyS0
[    0.000000] PID hash table entries: 4096 (order: 3, 32768 bytes)
[    0.000000] Memory: 997792K/1048120K available (8644K kernel code, 1332K rwdata, 4044K rodata, 1492K init, 1164K bss, 50328K reserved, 0K cma-reserved)
[    0.000000] SLUB: HWalign=64, Order=0-3, MinObjects=0, CPUs=2, Nodes=1
[    0.000000] Hierarchical RCU implementation.
[    0.000000] 	Build-time adjustment of leaf fanout to 64.
[    0.000000] 	RCU restricting CPUs from NR_CPUS=512 to nr_cpu_ids=2.
[    0.000000] RCU: Adjusting geometry for rcu_fanout_leaf=64, nr_cpu_ids=2
[    0.000000] NR_IRQS:33024 nr_irqs:440 16
[    0.000000] Console: colour VGA+ 80x25
[    0.000000] console [tty1] enabled
[    0.000000] console [ttyS0] enabled
[    0.000000] tsc: Detected 2370.546 MHz processor
[    0.086217] Calibrating delay loop (skipped) preset value.. 4741.09 BogoMIPS (lpj=9482184)
[    0.087113] pid_max: default: 32768 minimum: 301
[    0.087593] ACPI: Core revision 20150930
[    0.088710] ACPI: 2 ACPI AML tables successfully acquired and loaded
[    0.089398] Security Framework initialized
[    0.089833] Yama: becoming mindful.
[    0.090256] AppArmor: AppArmor initialized
[    0.090798] Dentry cache hash table entries: 131072 (order: 8, 1048576 bytes)
[    0.091577] Inode-cache hash table entries: 65536 (order: 7, 524288 bytes)
[    0.092994] Mount-cache hash table entries: 2048 (order: 2, 16384 bytes)
[    0.093620] Mountpoint-cache hash table entries: 2048 (order: 2, 16384 bytes)
[    0.094434] Initializing cgroup subsys io
[    0.094885] Initializing cgroup subsys memory
[    0.095376] Initializing cgroup subsys devices
[    0.095840] Initializing cgroup subsys freezer
[    0.096313] Initializing cgroup subsys net_cls
[    0.096782] Initializing cgroup subsys perf_event
[    0.097294] Initializing cgroup subsys net_prio
[    0.097768] Initializing cgroup subsys hugetlb
[    0.098237] Initializing cgroup subsys pids
[    0.106016] mce: CPU supports 0 MCE banks
[    0.106506] Last level iTLB entries: 4KB 1024, 2MB 1024, 4MB 512
[    0.107075] Last level dTLB entries: 4KB 2048, 2MB 2048, 4MB 1024, 1GB 0
[    0.108039] Spectre V1 : Mitigation: usercopy/swapgs barriers and __user pointer sanitization
[    0.109317] Spectre V2 : Spectre mitigation: LFENCE not serializing, switching to generic retpoline
[    0.110664] Spectre V2 : Mitigation: Full generic retpoline
[    0.111506] Spectre V2 : Spectre v2 / SpectreRSB mitigation: Filling RSB on context switch
[    0.114355] Freeing SMP alternatives memory: 36K
[    0.118802] ftrace: allocating 32380 entries in 127 pages
[    0.162896] smpboot: APIC(0) Converting physical 0 to logical package 0
[    0.164027] smpboot: Max logical packages: 1
[    0.164951] x2apic enabled
[    0.165779] Switched APIC routing to physical x2apic.
[    0.167350] ..TIMER: vector=0x30 apic1=0 pin1=2 apic2=-1 pin2=-1
[    0.276298] APIC calibration not consistent with PM-Timer: 102ms instead of 100ms
[    0.277539] APIC delta adjusted to PM-Timer: 6375234 (6565626)
[    0.278550] smpboot: CPU0: AMD Ryzen 5 4500U with Radeon Graphics (family: 0x17, model: 0x60, stepping: 0x1)
[    0.280175] Performance Events: Broken PMU hardware detected, using software events only.
[    0.281480] Failed to access perfctr msr (MSR c0010007 is 0)
[    0.286777] KVM setup paravirtual spinlock
[    0.288031] x86: Booting SMP configuration:
[    0.288733] .... node  #0, CPUs:      #1
[    0.289517] kvm-clock: cpu 1, msr 0:3ffe3041, secondary cpu clock
[    0.297978] mce: CPU supports 0 MCE banks
[    0.300524] x86: Booted up 1 node, 2 CPUs
[    0.301329] smpboot: Total of 2 processors activated (9482.18 BogoMIPS)
[    0.302687] devtmpfs: initialized
[    0.304853] evm: security.selinux
[    0.305453] evm: security.SMACK64
[    0.306053] evm: security.SMACK64EXEC
[    0.306710] evm: security.SMACK64TRANSMUTE
[    0.307434] evm: security.SMACK64MMAP
[    0.308026] evm: security.ima
[    0.308584] evm: security.capability
[    0.310413] clocksource: jiffies: mask: 0xffffffff max_cycles: 0xffffffff, max_idle_ns: 7645041785100000 ns
[    0.311929] futex hash table entries: 512 (order: 3, 32768 bytes)
[    0.312972] pinctrl core: initialized pinctrl subsystem
[    0.313885] RTC time:  7:23:55, date: 11/17/23
[    0.314971] NET: Registered protocol family 16
[    0.326244] cpuidle: using governor ladder
[    0.337496] cpuidle: using governor menu
[    0.338536] PCCT header not found.
[    0.339340] ACPI: bus type PCI registered
[    0.340023] acpiphp: ACPI Hot Plug PCI Controller Driver version: 0.5
[    0.341038] PCI: Using configuration type 1 for base access
[    0.341880] PCI: Using configuration type 1 for extended access
[    0.352707] ACPI: Added _OSI(Module Device)
[    0.353432] ACPI: Added _OSI(Processor Device)
[    0.354189] ACPI: Added _OSI(3.0 _SCP Extensions)
[    0.354973] ACPI: Added _OSI(Processor Aggregator Device)
[    0.356224] ACPI: Executed 1 blocks of module-level executable AML code
[    0.358680] ACPI: Interpreter enabled
[    0.359361] ACPI: (supports S0 S5)
[    0.359963] ACPI: Using IOAPIC for interrupt routing
[    0.360903] PCI: Using host bridge windows from ACPI; if necessary, use "pci=nocrs" and report a bug
[    0.364495] ACPI: PCI Root Bridge [PCI0] (domain 0000 [bus 00-ff])
[    0.365579] acpi PNP0A03:00: _OSC: OS supports [ExtendedConfig ASPM ClockPM Segments MSI]
[    0.367364] acpi PNP0A03:00: _OSC: platform does not support [PCIeCapability]
[    0.368670] acpi PNP0A03:00: _OSC: not requesting control; platform does not support [PCIeCapability]
[    0.370144] acpi PNP0A03:00: _OSC: OS requested [PCIeHotplug PME AER PCIeCapability]
[    0.371455] acpi PNP0A03:00: _OSC: platform willing to grant [PCIeHotplug PME AER]
[    0.372752] acpi PNP0A03:00: _OSC failed (AE_SUPPORT); disabling ASPM
[    0.373890] PCI host bridge to bus 0000:00
[    0.380600] pci_bus 0000:00: root bus resource [io  0x0000-0x0cf7 window]
[    0.381607] pci_bus 0000:00: root bus resource [io  0x0d00-0xffff window]
[    0.382527] pci_bus 0000:00: root bus resource [mem 0x000a0000-0x000bffff window]
[    0.383657] pci_bus 0000:00: root bus resource [mem 0x40000000-0xfdffffff window]
[    0.384749] pci_bus 0000:00: root bus resource [bus 00-ff]
[    0.386337] pci 0000:00:01.1: legacy IDE quirk: reg 0x10: [io  0x01f0-0x01f7]
[    0.387276] pci 0000:00:01.1: legacy IDE quirk: reg 0x14: [io  0x03f6]
[    0.388124] pci 0000:00:01.1: legacy IDE quirk: reg 0x18: [io  0x0170-0x0177]
[    0.389081] pci 0000:00:01.1: legacy IDE quirk: reg 0x1c: [io  0x0376]
[    0.401537] pci 0000:00:07.0: quirk: [io  0x4000-0x403f] claimed by PIIX4 ACPI
[    0.402790] pci 0000:00:07.0: quirk: [io  0x4100-0x410f] claimed by PIIX4 SMB
[    0.411473] ACPI: PCI Interrupt Link [LNKA] (IRQs 5 9 10 *11)
[    0.412661] ACPI: PCI Interrupt Link [LNKB] (IRQs 5 9 *10 11)
[    0.413735] ACPI: PCI Interrupt Link [LNKC] (IRQs 5 *9 10 11)
[    0.414847] ACPI: PCI Interrupt Link [LNKD] (IRQs 5 9 10 *11)
[    0.415962] ACPI: Enabled 2 GPEs in block 00 to 07
[    0.416943] vgaarb: setting as boot device: PCI:0000:00:02.0
[    0.417831] vgaarb: device added: PCI:0000:00:02.0,decodes=io+mem,owns=io+mem,locks=none
[    0.419160] vgaarb: loaded
[    0.419614] vgaarb: bridge control possible 0000:00:02.0
[    0.420572] SCSI subsystem initialized
[    0.421360] ACPI: bus type USB registered
[    0.422111] usbcore: registered new interface driver usbfs
[    0.423039] usbcore: registered new interface driver hub
[    0.423805] usbcore: registered new device driver usb
[    0.424756] PCI: Using ACPI for IRQ routing
[    0.425569] NetLabel: Initializing
[    0.426165] NetLabel:  domain hash size = 128
[    0.426835] NetLabel:  protocols = UNLABELED CIPSOv4
[    0.427706] NetLabel:  unlabeled traffic allowed by default
[    0.428611] amd_nb: Cannot enumerate AMD northbridges
[    0.429377] clocksource: Switched to clocksource kvm-clock
[    0.436302] AppArmor: AppArmor Filesystem Enabled
[    0.437120] pnp: PnP ACPI init
[    0.438059] pnp: PnP ACPI: found 3 devices
[    0.446097] clocksource: acpi_pm: mask: 0xffffff max_cycles: 0xffffff, max_idle_ns: 2085701024 ns
[    0.447362] NET: Registered protocol family 2
[    0.448089] TCP established hash table entries: 8192 (order: 4, 65536 bytes)
[    0.448971] TCP bind hash table entries: 8192 (order: 5, 131072 bytes)
[    0.449822] TCP: Hash tables configured (established 8192 bind 8192)
[    0.450643] UDP hash table entries: 512 (order: 2, 16384 bytes)
[    0.451412] UDP-Lite hash table entries: 512 (order: 2, 16384 bytes)
[    0.452253] NET: Registered protocol family 1
[    0.452871] pci 0000:00:00.0: Limiting direct PCI/PCI transfers
[    0.453666] pci 0000:00:01.0: Activating ISA DMA hang workarounds
[    0.455260] Unpacking initramfs...
[    0.635095] Freeing initrd memory: 14888K
[    0.635838] clocksource: tsc: mask: 0xffffffffffffffff max_cycles: 0x222b87224d9, max_idle_ns: 440795207169 ns
[    0.637168] platform rtc_cmos: registered platform RTC device (no PNP device found)
[    0.638234] Scanning for low memory corruption every 60 seconds
[    0.639516] audit: initializing netlink subsys (disabled)
[    0.640242] audit: type=2000 audit(1700205839.548:1): initialized
[    0.641213] Initialise system trusted keyring
[    0.641896] HugeTLB registered 2 MB page size, pre-allocated 0 pages
[    0.643431] zbud: loaded
[    0.644085] VFS: Disk quotas dquot_6.6.0
[    0.644630] VFS: Dquot-cache hash table entries: 512 (order 0, 4096 bytes)
[    0.645675] squashfs: version 4.0 (2009/01/31) Phillip Lougher
[    0.647421] fuse init (API version 7.23)
[    0.648155] Key type big_key registered
[    0.648726] Allocating IMA MOK and blacklist keyrings.
[    0.650271] Key type asymmetric registered
[    0.650859] Asymmetric key parser 'x509' registered
[    0.651544] Block layer SCSI generic (bsg) driver version 0.4 loaded (major 249)
[    0.652714] io scheduler noop registered
[    0.653279] io scheduler deadline registered (default)
[    0.653990] io scheduler cfq registered
[    0.654612] pci_hotplug: PCI Hot Plug PCI Core version: 0.5
[    0.655357] pciehp: PCI Express Hot Plug Controller Driver version: 0.4
[    0.656279] ACPI: AC Adapter [AC] (on-line)
[    0.656887] input: Power Button as /devices/LNXSYSTM:00/LNXPWRBN:00/input/input0
[    0.657954] ACPI: Power Button [PWRF]
[    0.658572] input: Sleep Button as /devices/LNXSYSTM:00/LNXSLPBN:00/input/input1
[    0.659579] ACPI: Sleep Button [SLPF]
[    0.660217] GHES: HEST is not enabled!
[    0.660519] ACPI: Battery Slot [BAT0] (battery present)
[    0.661553] Serial: 8250/16550 driver, 32 ports, IRQ sharing enabled
[    0.682579] 00:02: ttyS0 at I/O 0x3f8 (irq = 4, base_baud = 115200) is a 16550A
[    0.685049] Linux agpgart interface v0.103
[    0.686985] loop: module loaded
[    0.687922] scsi host0: ata_piix
[    0.688494] scsi host1: ata_piix
[    0.689033] ata1: PATA max UDMA/33 cmd 0x1f0 ctl 0x3f6 bmdma 0xd000 irq 14
[    0.689939] ata2: PATA max UDMA/33 cmd 0x170 ctl 0x376 bmdma 0xd008 irq 15
[    0.690930] libphy: Fixed MDIO Bus: probed
[    0.691547] tun: Universal TUN/TAP device driver, 1.6
[    0.692247] tun: (C) 1999-2004 Max Krasnyansky <maxk@qualcomm.com>
[    0.693237] PPP generic driver version 2.4.2
[    0.693904] ehci_hcd: USB 2.0 'Enhanced' Host Controller (EHCI) Driver
[    0.694759] ehci-pci: EHCI PCI platform driver
[    0.695386] ehci-platform: EHCI generic platform driver
[    0.696126] ohci_hcd: USB 1.1 'Open' Host Controller (OHCI) Driver
[    0.696919] ohci-pci: OHCI PCI platform driver
[    0.697582] ohci-platform: OHCI generic platform driver
[    0.698300] uhci_hcd: USB Universal Host Controller Interface driver
[    0.699168] i8042: PNP: PS/2 Controller [PNP0303:PS2K,PNP0f03:PS2M] at 0x60,0x64 irq 1,12
[    0.700680] serio: i8042 KBD port at 0x60,0x64 irq 1
[    0.701351] serio: i8042 AUX port at 0x60,0x64 irq 12
[    0.702159] mousedev: PS/2 mouse device common for all mice
[    0.703221] input: AT Translated Set 2 keyboard as /devices/platform/i8042/serio0/input/input2
[    0.704686] rtc_cmos rtc_cmos: rtc core: registered rtc_cmos as rtc0
[    0.705578] rtc_cmos rtc_cmos: alarms up to one day, 114 bytes nvram
[    0.706413] i2c /dev entries driver
[    0.706983] device-mapper: uevent: version 1.0.3
[    0.707716] device-mapper: ioctl: 4.34.0-ioctl (2015-10-28) initialised: dm-devel@redhat.com
[    0.709156] ledtrig-cpu: registered to indicate activity on CPUs
[    0.710288] NET: Registered protocol family 10
[    0.711095] NET: Registered protocol family 17
[    0.711731] Key type dns_resolver registered
[    0.712628] registered taskstats version 1
[    0.713213] Loading compiled-in X.509 certificates
[    0.714290] Loaded X.509 cert 'Build time autogenerated kernel key: cf00e047681d67edb2720680708b7d9498083038'
[    0.715592] zswap: loaded using pool lzo/zbud
[    0.717523] Key type trusted registered
[    0.720348] Key type encrypted registered
[    0.720960] AppArmor: AppArmor sha1 policy hashing enabled
[    0.721632] ima: No TPM chip found, activating TPM-bypass!
[    0.722185] ima: Allocated hash algorithm: sha1
[    0.722823] evm: HMAC attrs: 0x1
[    0.723648]   Magic number: 15:870:369
[    0.724376] rtc_cmos rtc_cmos: setting system clock to 2023-11-17 07:23:55 UTC (1700205835)
[    0.725583] BIOS EDD facility v0.16 2004-Jun-25, 0 devices found
[    0.726307] EDD information not available.
[    0.870518] Freeing unused kernel memory: 1492K
[    0.871370] Write protecting the kernel read-only data: 14336k
[    0.872598] Freeing unused kernel memory: 1584K
[    0.873375] Freeing unused kernel memory: 52K
Loading, please wait...
starting version 229
[    0.882320] random: systemd-udevd: uninitialized urandom read (16 bytes read, 2 bits of entropy available)
[    0.882856] random: udevadm: uninitialized urandom read (16 bytes read, 2 bits of entropy available)
[    0.882876] random: udevadm: uninitialized urandom read (16 bytes read, 2 bits of entropy available)
[    0.886012] random: systemd-udevd: uninitialized urandom read (16 bytes read, 2 bits of entropy available)
[    0.887201] random: systemd-udevd: uninitialized urandom read (16 bytes read, 2 bits of entropy available)
[    0.888330] random: systemd-udevd: uninitialized urandom read (16 bytes read, 2 bits of entropy available)
[    0.889312] random: udevadm: uninitialized urandom read (16 bytes read, 2 bits of entropy available)
[    0.889354] random: udevadm: uninitialized urandom read (16 bytes read, 2 bits of entropy available)
[    0.889453] random: udevadm: uninitialized urandom read (16 bytes read, 2 bits of entropy available)
[    0.889574] random: udevadm: uninitialized urandom read (16 bytes read, 2 bits of entropy available)
[    0.923910] e1000: Intel(R) PRO/1000 Network Driver - version 7.3.21-k8-NAPI
[    0.924897] e1000: Copyright (c) 1999-2006 Intel Corporation.
[    0.929626] Fusion MPT base driver 3.04.20
[    0.930238] Copyright (c) 1999-2008 LSI Corporation
[    0.933874] Fusion MPT SPI Host driver 3.04.20
[    0.945167] AVX2 version of gcm_enc/dec engaged.
[    0.945841] AES CTR mode by8 optimization enabled
[    1.161072] input: ImExPS/2 Generic Explorer Mouse as /devices/platform/i8042/serio1/input/input4
[    1.243983] e1000 0000:00:03.0 eth0: (PCI:33MHz:32-bit) 02:be:82:6b:cc:1d
[    1.244723] e1000 0000:00:03.0 eth0: Intel(R) PRO/1000 Network Connection
[    1.744047] e1000 0000:00:08.0 eth1: (PCI:33MHz:32-bit) 08:00:27:fe:9c:ce
[    1.745142] e1000 0000:00:08.0 eth1: Intel(R) PRO/1000 Network Connection
[    1.747302] e1000 0000:00:03.0 enp0s3: renamed from eth0
[    1.748271] mptbase: ioc0: Initiating bringup
[    1.757592] e1000 0000:00:08.0 enp0s8: renamed from eth1
[    1.812898] ioc0: LSI53C1030 A0: Capabilities={Initiator}
[    1.978764] scsi host2: ioc0: LSI53C1030 A0, FwRev=00000000h, Ports=1, MaxQ=256, IRQ=20
[    2.966897] scsi 2:0:0:0: Direct-Access     VBOX     HARDDISK         1.0  PQ: 0 ANSI: 5
[    2.969287] scsi target2:0:0: Beginning Domain Validation
[    2.972264] scsi target2:0:0: Domain Validation skipping write tests
[    2.973336] scsi target2:0:0: Ending Domain Validation
[    2.974283] scsi target2:0:0: asynchronous
[    2.976197] scsi 2:0:1:0: Direct-Access     VBOX     HARDDISK         1.0  PQ: 0 ANSI: 5
[    2.978464] scsi target2:0:1: Beginning Domain Validation
[    2.980686] scsi target2:0:1: Domain Validation skipping write tests
[    2.982282] scsi target2:0:1: Ending Domain Validation
[    2.983697] scsi target2:0:1: asynchronous
[    2.996803] sd 2:0:0:0: Attached scsi generic sg0 type 0
[    2.997923] sd 2:0:0:0: [sda] 83886080 512-byte logical blocks: (42.9 GB/40.0 GiB)
[    2.999549] sd 2:0:0:0: [sda] Write Protect is off
[    3.000494] sd 2:0:0:0: [sda] Incomplete mode parameter data
[    3.001400] sd 2:0:0:0: [sda] Assuming drive cache: write through
[    3.002350] sd 2:0:1:0: [sdb] 20480 512-byte logical blocks: (10.5 MB/10.0 MiB)
[    3.003580] sd 2:0:1:0: Attached scsi generic sg1 type 0
[    3.004637] sd 2:0:1:0: [sdb] Write Protect is off
[    3.005273]  sda: sda1
[    3.006052] sd 2:0:1:0: [sdb] Incomplete mode parameter data
[    3.006925] sd 2:0:1:0: [sdb] Assuming drive cache: write through
[    3.007858] sd 2:0:0:0: [sda] Attached SCSI disk
[    3.008965] sd 2:0:1:0: [sdb] Attached SCSI disk
Begin: Loading essential drivers ... [    4.248684] md: linear personality registered for level -1
[    4.250870] md: multipath personality registered for level -4
[    4.253504] md: raid0 personality registered for level 0
[    4.256489] md: raid1 personality registered for level 1
[    4.325528] raid6: sse2x1   gen()  7520 MB/s
[    4.393503] raid6: sse2x1   xor()  7652 MB/s
[    4.462366] raid6: sse2x2   gen() 16602 MB/s
[    4.529507] raid6: sse2x2   xor() 11015 MB/s
[    4.597644] raid6: sse2x4   gen() 17781 MB/s
[    4.665615] raid6: sse2x4   xor()  9589 MB/s
[    4.733595] raid6: avx2x1   gen() 19277 MB/s
[    4.802365] raid6: avx2x2   gen() 32671 MB/s
[    4.869529] raid6: avx2x4   gen() 32306 MB/s
[    4.870307] raid6: using algorithm avx2x2 gen() 32671 MB/s
[    4.870907] raid6: using avx2x2 recovery algorithm
[    4.872405] xor: automatically using best checksumming function:
[    4.909467]    avx       : 14413.000 MB/sec
[    4.911039] async_tx: api initialized (async)
[    4.917183] md: raid6 personality registered for level 6
[    4.918223] md: raid5 personality registered for level 5
[    4.919171] md: raid4 personality registered for level 4
[    4.924054] md: raid10 personality registered for level 10
done.
Begin: Running /scripts/init-premount ... done.
Begin: Mounting root file system ... Begin: Running /scripts/local-top ... done.
Begin: Running /scripts/local-premount ... [    4.945803] Btrfs loaded
Scanning for Btrfs filesystems
done.
Warning: fsck not present, so skipping root file system
[    4.962555] EXT4-fs (sda1): mounted filesystem with ordered data mode. Opts: (null)
done.
Begin: Running /scripts/local-bottom ... done.
Begin: Running /scripts/init-bottom ... done.
[    5.034111] systemd[1]: systemd 229 running in system mode. (+PAM +AUDIT +SELINUX +IMA +APPARMOR +SMACK +SYSVINIT +UTMP +LIBCRYPTSETUP +GCRYPT +GNUTLS +ACL +XZ -LZ4 +SECCOMP +BLKID +ELFUTILS +KMOD -IDN)
[    5.037155] systemd[1]: Detected virtualization oracle.
[    5.038036] systemd[1]: Detected architecture x86-64.

Welcome to [1mUbuntu 16.04.7 LTS[0m!

[    5.041415] systemd[1]: Set hostname to <ubuntu>.
[    5.044076] systemd[1]: Initializing machine ID from random generator.
[    5.045183] systemd[1]: Installed transient /etc/machine-id file.
[    5.143716] systemd[1]: Listening on fsck to fsckd communication Socket.
[[0;32m  OK  [0m] Listening on fsck to fsckd communication Socket.
[    5.145454] systemd[1]: Set up automount Arbitrary Executable File Formats File System Automount Point.
[[0;32m  OK  [0m] Set up automount Arbitrary Executab...ats File System Automount Point.
[    5.147930] systemd[1]: Created slice User and Session Slice.
[[0;32m  OK  [0m] Created slice User and Session Slice.
[    5.149208] systemd[1]: Listening on Device-mapper event daemon FIFOs.
[[0;32m  OK  [0m] Listening on Device-mapper event daemon FIFOs.
[    5.150727] systemd[1]: Listening on Journal Audit Socket.
[[0;32m  OK  [0m] Listening on Journal Audit Socket.
[    5.151982] systemd[1]: Started Trigger resolvconf update for networkd DNS.
[[0;32m  OK  [0m] Started Trigger resolvconf update for networkd DNS.
[    5.153543] systemd[1]: Listening on Journal Socket (/dev/log).
[[0;32m  OK  [0m] Listening on Journal Socket (/dev/log).
[    5.154901] systemd[1]: Listening on LVM2 metadata daemon socket.
[[0;32m  OK  [0m] Listening on LVM2 metadata daemon socket.
[    5.156485] systemd[1]: Listening on /dev/initctl Compatibility Named Pipe.
[[0;32m  OK  [0m] Listening on /dev/initctl Compatibility Named Pipe.
[    5.158434] systemd[1]: Listening on Syslog Socket.
[[0;32m  OK  [0m] Listening on Syslog Socket.
[    5.160308] systemd[1]: Listening on LVM2 poll daemon socket.
[[0;32m  OK  [0m] Listening on LVM2 poll daemon socket.
[    5.161799] systemd[1]: Started Forward Password Requests to Wall Directory Watch.
[[0;32m  OK  [0m] Started Forward Password Requests to Wall Directory Watch.
[    5.163766] systemd[1]: Listening on udev Control Socket.
[[0;32m  OK  [0m] Listening on udev Control Socket.
[    5.165096] systemd[1]: Listening on Journal Socket.
[[0;32m  OK  [0m] Listening on Journal Socket.
[    5.166366] systemd[1]: Listening on udev Kernel Socket.
[[0;32m  OK  [0m] Listening on udev Kernel Socket.
[    5.167567] systemd[1]: Reached target Encrypted Volumes.
[[0;32m  OK  [0m] Reached target Encrypted Volumes.
[    5.168814] systemd[1]: Reached target User and Group Name Lookups.
[[0;32m  OK  [0m] Reached target User and Group Name Lookups.
[    5.170209] systemd[1]: Reached target Swap.
[[0;32m  OK  [0m] Reached target Swap.
[    5.171362] systemd[1]: Reached target System Time Synchronized.
[[0;32m  OK  [0m] Reached target System Time Synchronized.
[    5.173005] systemd[1]: Created slice System Slice.
[[0;32m  OK  [0m] Created slice System Slice.
[    5.189700] systemd[1]: Starting Uncomplicated firewall...
         Starting Uncomplicated firewall...
[    5.191615] systemd[1]: Created slice system-serial\x2dgetty.slice.
[[0;32m  OK  [0m] Created slice system-serial\x2dgetty.slice.
[    5.194111] systemd[1]: Starting Create list of required static device nodes for the current kernel...
         Starting Create list of required st... nodes for the current kernel...
[    5.196675] systemd[1]: Mounting POSIX Message Queue File System...
         Mounting POSIX Message Queue File System...
[    5.207368] systemd[1]: Starting Load Kernel Modules...
         Starting Load Kernel Modules...
[    5.209799] systemd[1]: Starting Set console keymap...
         Starting Set console keymap...
[    5.211609] systemd[1]: Starting Nameserver information manager...
         Starting Nameserver information manager...
[    5.213310] systemd[1]: Reached target Slices.
[[0;32m  OK  [0m] Reached target Slices.
[    5.216273] systemd[1]: Starting File System Check on Root Device...
         Starting File System Check on Root Device...
[    5.218237] systemd[1]: Starting Journal Service...
         [    5.219387] Loading iSCSI transport class v2.0-870.
Starting Journal Service...
[    5.226323] systemd[1]: Mounting Huge Pages File System...
[    5.227450] iscsi: registered transport (tcp)
         Mounting Huge Pages File System...
[    5.228656] systemd[1]: Starting Monitoring of LVM2 mirrors, snapshots etc. using dmeventd or progress polling...
         Starting Monitoring of LVM2 mirrors... dmeventd or progress polling...
[    5.233285] systemd[1]: Mounting Debug File System...
         Mounting Debug File System...
[    5.242968] systemd[1]: Mounted Huge Pages File System.
[[0;32m  OK  [0m] Mounted Huge Pages File System.
[    5.249563] systemd[1]: Mounted POSIX Message Queue File System.
[[0;32m  OK  [0m] Mounted POSIX Message Queue File System.
[    5.250592] systemd[1]: Mounted Debug File System.
[[0;32m  OK  [0m] Mounted Debug File System.
[    5.251878] systemd[1]: Started Uncomplicated firewall.
[[0;32m  OK  [0m] Started Uncomplicated firewall.
[    5.258170] systemd[1]: Started Create list of required static device nodes for the current kernel.
[[0;32m  OK  [0m] Started Create list of required sta...ce nodes for the current kernel.
[    5.262159] systemd[1]: Started File System Check Daemon to report status.
[[0;32m  OK  [0m] Started File System Check Daemon to report status.
[    5.270766] systemd[1]: Starting Create Static Device Nodes in /dev...
         Starting Create Static Device Nodes in /dev...
[    5.272755] systemd[1]: Started Journal Service.
[[0;32m  OK  [0m] Started Journal Service.
[[0;32m  OK  [0m] Started Set console keymap.
[[0;32m  OK  [0m] Started File System Check on Root Device.
[[0;32m  OK  [0m] Started Nameserver information manager.
[    5.284109] iscsi: registered transport (iser)
[[0;32m  OK  [0m] Started Load Kernel Modules.
[[0;32m  OK  [0m] Started Create Static Device Nodes in /dev.
[[0;32m  OK  [0m] Started LVM2 metadata daemon.
         Starting udev Kernel Device Manager...
         Starting Apply Kernel Variables...
         Mounting FUSE Control File System...
         Starting Remount Root and Kernel File Systems...
[[0;32m  OK  [0m] Mounted FUSE Control File System.
[[0;32m  OK  [0m] Started Apply Kernel Variables.
[[0;32m  OK  [0m] Started Remount Root and Kernel File Systems.
         Starting Flush Journal to Persistent Storage...
         Starting Load/Save Random Seed...
         Starting udev Coldplug all Devices...
[[0;32m  OK  [0m] Started Load/Save Random Seed.
[[0;32m  OK  [0m] Started udev Kernel Device Manager.
[[0;32m  OK  [0m] Started Flush Journal to Persistent Storage.
[[0;32m  OK  [0m] Started udev Coldplug all Devices.
[[0;32m  OK  [0m] Started Dispatch Password Requests to Console Directory Watch.
[[0;32m  OK  [0m] Found device /dev/ttyS0.
[[0;32m  OK  [0m] Listening on Load/Save RF Kill Switch Status /dev/rfkill Watch.
[[0;32m  OK  [0m] Started Monitoring of LVM2 mirrors,...ng dmeventd or progress polling.
[[0;32m  OK  [0m] Reached target Local File Systems (Pre).
[[0;32m  OK  [0m] Reached target Local File Systems.
         Starting Initial cloud-init job (pre-networking)...
         Starting Commit a transient machine-id on disk...
         Starting LSB: AppArmor initialization...
         Starting Tell Plymouth To Write Out Runtime Data...
         Starting Create Volatile Files and Directories...
         Starting Set console font and keymap...
[[0;32m  OK  [0m] Started Create Volatile Files and Directories.
[[0;32m  OK  [0m] Started Tell Plymouth To Write Out Runtime Data.
         Starting Update UTMP about System Boot/Shutdown...
[[0;32m  OK  [0m] Started Commit a transient machine-id on disk.
[[0;32m  OK  [0m] Started Update UTMP about System Boot/Shutdown.
[[0;32m  OK  [0m] Started Set console font and keymap.
[[0;32m  OK  [0m] Created slice system-getty.slice.
[[0;32m  OK  [0m] Started LSB: AppArmor initialization.
         Starting Load AppArmor profiles managed internally by snapd...
[[0;32m  OK  [0m] Started Load AppArmor profiles managed internally by snapd.
[    6.401533] cloud-init[625]: Cloud-init v. 21.1-19-gbad84ad4-0ubuntu1~16.04.2 running 'init-local' at Fri, 17 Nov 2023 07:24:01 +0000. Up 6.15 seconds.
[[0;32m  OK  [0m] Started Initial cloud-init job (pre-networking).
[[0;32m  OK  [0m] Reached target Network (Pre).
         Starting Raise network interfaces...
[[0;32m  OK  [0m] Started Raise network interfaces.
[[0;32m  OK  [0m] Reached target Network.
         Starting Initial cloud-init job (metadata service crawler)...
[    7.504089] cloud-init[968]: Cloud-init v. 21.1-19-gbad84ad4-0ubuntu1~16.04.2 running 'init' at Fri, 17 Nov 2023 07:24:01 +0000. Up 6.84 seconds.
[    7.505314] cloud-init[968]: ci-info: ++++++++++++++++++++++++++++++++++++++Net device info+++++++++++++++++++++++++++++++++++++++
[    7.506931] cloud-init[968]: ci-info: +--------+-------+----------------------------+---------------+--------+-------------------+
[    7.507766] cloud-init[968]: ci-info: | Device |   Up  |          Address           |      Mask     | Scope  |     Hw-Address    |
[    7.508540] cloud-init[968]: ci-info: +--------+-------+----------------------------+---------------+--------+-------------------+
[    7.516612] cloud-init[968]: ci-info: | enp0s3 |  True |         10.0.2.15          | 255.255.255.0 | global | 02:be:82:6b:cc:1d |
[    7.517543] cloud-init[968]: ci-info: | enp0s3 |  True | fe80::be:82ff:fe6b:cc1d/64 |       .       |  link  | 02:be:82:6b:cc:1d |
[    7.518645] cloud-init[968]: ci-info: | enp0s8 | False |             .              |       .       |   .    | 08:00:27:fe:9c:ce |
[    7.520375] cloud-init[968]: ci-info: |   lo   |  True |         127.0.0.1          |   255.0.0.0   |  host  |         .         |
[    7.521129] cloud-init[968]: ci-info: |   lo   |  True |          ::1/128           |       .       |  host  |         .         |
[    7.521853] cloud-init[968]: ci-info: +--------+-------+----------------------------+---------------+--------+-------------------+
[    7.523089] cloud-init[968]: ci-info: +++++++++++++++++++++++++++Route IPv4 info++++++++++++++++++++++++++++
[    7.523840] cloud-init[968]: ci-info: +-------+-------------+----------+---------------+-----------+-------+
[    7.524457] cloud-init[968]: ci-info: | Route | Destination | Gateway  |    Genmask    | Interface | Flags |
[    7.525062] cloud-init[968]: ci-info: +-------+-------------+----------+---------------+-----------+-------+
[    7.525671] cloud-init[968]: ci-info: |   0   |   0.0.0.0   | 10.0.2.2 |    0.0.0.0    |   enp0s3  |   UG  |
[    7.526456] cloud-init[968]: ci-info: |   1   |   10.0.2.0  | 0.0.0.0  | 255.255.255.0 |   enp0s3  |   U   |
[    7.527279] cloud-init[968]: ci-info: +-------+-------------+----------+---------------+-----------+-------+
[    7.528044] cloud-init[968]: ci-info: +++++++++++++++++++Route IPv6 info+++++++++++++++++++
[    7.529122] cloud-init[968]: ci-info: +-------+-------------+---------+-----------+-------+
[    7.529766] cloud-init[968]: ci-info: | Route | Destination | Gateway | Interface | Flags |
[    7.530386] cloud-init[968]: ci-info: +-------+-------------+---------+-----------+-------+
[    7.530953] cloud-init[968]: ci-info: |   0   |  fe80::/64  |    ::   |   enp0s3  |   U   |
[    7.531512] cloud-init[968]: ci-info: |   3   |   ff00::/8  |    ::   |   enp0s3  |   U   |
[    7.532085] cloud-init[968]: ci-info: +-------+-------------+---------+-----------+-------+
[    7.532739] cloud-init[968]: Generating public/private rsa key pair.
[    7.533180] cloud-init[968]: Your identification has been saved in /etc/ssh/ssh_host_rsa_key.
[    7.533817] cloud-init[968]: Your public key has been saved in /etc/ssh/ssh_host_rsa_key.pub.
[    7.534375] cloud-init[968]: The key fingerprint is:
[    7.534900] cloud-init[968]: SHA256:5dAZ4vY3sfkFF8OToyUoH5Ow3CasMy/mvAbDiVPEkH4 root@ubuntu-xenial
[    7.535518] cloud-init[968]: The key's randomart image is:
[    7.536095] cloud-init[968]: +---[RSA 2048]----+
[    7.536560] cloud-init[968]: |   .+   ..o o .o.|
[    7.537043] cloud-init[968]: |   . o .o+oB . *o|
[    7.537545] cloud-init[968]: |  . .   +=*o+ = +|
[    7.538041] cloud-init[968]: |   . E ..=o. = o |
[    7.538505] cloud-init[968]: |    = .+S o =   .|
[    7.539010] cloud-init[968]: |   o =  +  . o . |
[    7.539498] cloud-init[968]: |    . oo .    .  |
[    7.540285] cloud-init[968]: |      +..        |
[    7.540927] cloud-init[968]: |      .+.        |
[    7.542316] cloud-init[968]: +----[SHA256]-----+
[    7.543775] cloud-init[968]: Generating public/private dsa key pair.
[    7.544364] cloud-init[968]: Your identification has been saved in /etc/ssh/ssh_host_dsa_key.
[    7.544954] cloud-init[968]: Your public key has been saved in /etc/ssh/ssh_host_dsa_key.pub.
[    7.545667] cloud-init[968]: The key fingerprint is:
[    7.546126] cloud-init[968]: SHA256:Iyc9upENGPJqu+f/Z8kCp1sc64JsjHZA+fi1GDSteRE root@ubuntu-xenial
[    7.546731] cloud-init[968]: The key's randomart image is:
[    7.547209] cloud-init[968]: +---[DSA 1024]----+
[    7.547627] cloud-init[968]: |                 |
[    7.548090] cloud-init[968]: |      E          |
[    7.548488] cloud-init[968]: |  .... .         |
[    7.548893] cloud-init[968]: |  ooooo.         |
[    7.549320] cloud-init[968]: | . +o++.S        |
[    7.549717] cloud-init[968]: |  o.= +X.=       |
[    7.550143] cloud-init[968]: |  o* *+==. .     |
[    7.550558] cloud-init[968]: | .o.X +=. =      |
[    7.550969] cloud-init[968]: | .o*..++o+       |
[    7.551359] cloud-init[968]: +----[SHA256]-----+
[    7.551765] cloud-init[968]: Generating public/private ecdsa key pair.
[    7.552578] cloud-init[968]: Your identification has been saved in /etc/ssh/ssh_host_ecdsa_key.
[    7.553258] cloud-init[968]: Your public key has been saved in /etc/ssh/ssh_host_ecdsa_key.pub.
[    7.553865] cloud-init[968]: The key fingerprint is:
[    7.554274] cloud-init[968]: SHA256:jvlcIRHs1Y7mErcC45Qp7JMDufEYTyiDGrKhX0GDg+g root@ubuntu-xenial
[    7.555442] cloud-init[968]: The key's randomart image is:
[    7.555853] cloud-init[968]: +---[ECDSA 256]---+
[    7.556290] cloud-init[968]: |.. .   ..  .     |
[    7.558339] cloud-init[968]: |o o o   ... .    |
[    7.558863] cloud-init[968]: |o  * . +.. o     |
[    7.559273] cloud-init[968]: |BE* = * o.+ .    |
[    7.559677] cloud-init[968]: |+* @ * oS=..     |
[    7.560092] cloud-init[968]: |+ o O .+o.o.     |
[    7.560556] cloud-init[968]: | . . oo .o.      |
[    7.560982] cloud-init[968]: |  .    o .       |
[    7.561388] cloud-init[968]: |        o        |
[    7.561788] cloud-init[968]: +----[SHA256]-----+
[    7.562185] cloud-init[968]: Generating public/private ed25519 key pair.
[    7.562687] cloud-init[968]: Your identification has been saved in /etc/ssh/ssh_host_ed25519_key.
[    7.563300] cloud-init[968]: Your public key has been saved in /etc/ssh/ssh_host_ed25519_key.pub.
[    7.564101] cloud-init[968]: The key fingerprint is:
[    7.564564] cloud-init[968]: SHA256:rmQkPjKJ8h/iccO+YkB4j9nh6E22/nh3oGU50CNwtI8 root@ubuntu-xenial
[    7.565198] cloud-init[968]: The key's randomart image is:
[    7.565622] cloud-init[968]: +--[ED25519 256]--+
[    7.565998] cloud-init[968]: |     ..          |
[    7.566386] cloud-init[968]: |    . ..         |
[    7.566806] cloud-init[968]: |.    o..         |
[    7.567239] cloud-init[968]: |... . ooo        |
[    7.567631] cloud-init[968]: |.. B..EoSo       |
[    7.568041] cloud-init[968]: |..++*o .*        |
[    7.568487] cloud-init[968]: |oo*+B.o+.o       |
[    7.568874] cloud-init[968]: |.o+BoBo.. .      |
[    7.569303] cloud-init[968]: | .o+*+o. .       |
[    7.569691] cloud-init[968]: +----[SHA256]-----+
[[0;32m  OK  [0m] Started Initial cloud-init job (metadata service crawler).
[[0;32m  OK  [0m] Reached target Cloud-config availability.
[[0;32m  OK  [0m] Reached target Network is Online.
         Starting iSCSI initiator daemon (iscsid)...
[[0;32m  OK  [0m] Reached target System Initialization.
         Starting Socket activation for snappy daemon.
[[0;32m  OK  [0m] Started Daily Cleanup of Temporary Directories.
[[0;32m  OK  [0m] Started Message of the Day.
[[0;32m  OK  [0m] Started Daily apt download activities.
[[0;32m  OK  [0m] Started Daily apt upgrade and clean activities.
[[0;32m  OK  [0m] Started Ubuntu Advantage update messaging.
[[0;32m  OK  [0m] Listening on UUID daemon activation socket.
[[0;32m  OK  [0m] Listening on ACPID Listen Socket.
[[0;32m  OK  [0m] Started ACPI Events Check.
[[0;32m  OK  [0m] Reached target Paths.
[[0;32m  OK  [0m] Listening on D-Bus System Message Bus Socket.
         Starting LXD - unix socket.
[[0;32m  OK  [0m] Reached target Timers.
[[0;32m  OK  [0m] Listening on Socket activation for snappy daemon.
[[0;32m  OK  [0m] Listening on LXD - unix socket.
[[0;32m  OK  [0m] Reached target Sockets.
[[0;32m  OK  [0m] Reached target Basic System.
         Starting Login Service...
[[0;32m  OK  [0m] Started D-Bus System Message Bus.
[[0;32m  OK  [0m] Started FUSE filesystem for LXC.
         Starting Accounts Service...
         Starting Pollinate to seed the pseudo random number generator...
[[0;32m  OK  [0m] Started Deferred execution scheduler.
         Starting LXD - container startup/shutdown...
         Starting /etc/rc.local Compatibility...
         Starting LSB: Record successful boot for GRUB...
[[0;32m  OK  [0m] Started ACPI event daemon.
         Starting Virtualbox guest utils...
         Starting LSB: MD monitoring daemon...
         Starting Snap Daemon...
[[0;32m  OK  [0m] Started Regular background program processing daemon.
         Starting System Logging Service...
[[0;32m  OK  [0m] Started iSCSI initiator daemon (iscsid).
[[0;32m  OK  [0m] Started /etc/rc.local Compatibility.
         Starting Login to default iSCSI targets...
[[0;32m  OK  [0m] Started Login Service.
[[0;32m  OK  [0m] Started Unattended Upgrades Shutdown.
[[0;32m  OK  [0m] Started System Logging Service.
[[0;32m  OK  [0m] Started Login to default iSCSI targets.
[[0;32m  OK  [0m] Reached target Remote File Systems (Pre).
[[0;32m  OK  [0m] Reached target Remote File Systems.
         Starting LSB: Set the CPU Frequency Scaling governor to "ondemand"...
         Starting LSB: automatic crash report generation...
         Starting LSB: daemon to balance interrupts for SMP systems...
         Starting Permit User Sessions...
[[0;32m  OK  [0m] Started Permit User Sessions.
         Starting Terminate Plymouth Boot Screen...
         Starting Hold until boot process finishes up...
[[0;32m  OK  [0m] Started Hold until boot process finishes up.
[[0;32m  OK  [0m] Started LSB: Record successful boot for GRUB.
[[0;32m  OK  [0m] Started LSB: MD monitoring daemon.
[[0;32m  OK  [0m] Started Terminate Plymouth Boot Screen.
         Starting Authenticate and Authorize Users to Run Privileged Tasks...
[[0;32m  OK  [0m] Started Serial Getty on ttyS0.
[[0;32m  OK  [0m] Started Getty on tty1.
[[0;32m  OK  [0m] Reached target Login Prompts.
         Starting Set console scheme...
[[0;32m  OK  [0m] Started LSB: Set the CPU Frequency Scaling governor to "ondemand".
[[0;32m  OK  [0m] Started Set console scheme.
[[0;32m  OK  [0m] Started LSB: automatic crash report generation.
[[0;32m  OK  [0m] Started LSB: daemon to balance interrupts for SMP systems.
[[0;32m  OK  [0m] Started Authenticate and Authorize Users to Run Privileged Tasks.
[[0;32m  OK  [0m] Started Accounts Service.
[[0;32m  OK  [0m] Started Virtualbox guest utils.
[[0;32m  OK  [0m] Started LXD - container startup/shutdown.
[[0;32m  OK  [0m] Started Snap Daemon.
         Starting Wait until snapd is fully seeded...
[[0;32m  OK  [0m] Started Pollinate to seed the pseudo random number generator.
         Starting OpenBSD Secure Shell server...
[[0;32m  OK  [0m] Started OpenBSD Secure Shell server.
[[0;32m  OK  [0m] Started Wait until snapd is fully seeded.
         Starting Apply the settings specified in cloud-config...
[[0;32m  OK  [0m] Reached target Multi-User System.
[[0;32m  OK  [0m] Reached target Graphical Interface.
         Starting Update UTMP about System Runlevel Changes...
[[0;32m  OK  [0m] Started Update UTMP about System Runlevel Changes.
[    9.814039] cloud-init[1313]: Generating locales (this might take a while)...
[   10.415257] cloud-init[1313]:   en_US.UTF-8... done
[   10.416821] cloud-init[1313]: Generation complete.
[   10.625232] cloud-init[1313]: Cloud-init v. 21.1-19-gbad84ad4-0ubuntu1~16.04.2 running 'modules:config' at Fri, 17 Nov 2023 07:24:04 +0000. Up 9.73 seconds.
[[0;32m  OK  [0m] Started Apply the settings specified in cloud-config.
         Starting Execute cloud user/final scripts...
ci-info: no authorized SSH keys fingerprints found for user ubuntu.
<14>Nov 17 07:24:05 ec2: 
<14>Nov 17 07:24:05 ec2: #############################################################
<14>Nov 17 07:24:05 ec2: -----BEGIN SSH HOST KEY FINGERPRINTS-----
<14>Nov 17 07:24:05 ec2: 1024 SHA256:Iyc9upENGPJqu+f/Z8kCp1sc64JsjHZA+fi1GDSteRE root@ubuntu-xenial (DSA)
<14>Nov 17 07:24:05 ec2: 256 SHA256:jvlcIRHs1Y7mErcC45Qp7JMDufEYTyiDGrKhX0GDg+g root@ubuntu-xenial (ECDSA)
<14>Nov 17 07:24:05 ec2: 256 SHA256:rmQkPjKJ8h/iccO+YkB4j9nh6E22/nh3oGU50CNwtI8 root@ubuntu-xenial (ED25519)
<14>Nov 17 07:24:05 ec2: 2048 SHA256:5dAZ4vY3sfkFF8OToyUoH5Ow3CasMy/mvAbDiVPEkH4 root@ubuntu-xenial (RSA)
<14>Nov 17 07:24:05 ec2: -----END SSH HOST KEY FINGERPRINTS-----
<14>Nov 17 07:24:05 ec2: #############################################################
-----BEGIN SSH HOST KEY KEYS-----
ecdsa-sha2-nistp256 AAAAE2VjZHNhLXNoYTItbmlzdHAyNTYAAAAIbmlzdHAyNTYAAABBBB5+wPO4Hspru2fKpc/tLp9RuGgIcwrodHGobKpCSrVir2UbBqfu+yKDJuYMVMvlbb0n9bC9YX1X2j3Y6+zSWFM= root@ubuntu-xenial
ssh-ed25519 AAAAC3NzaC1lZDI1NTE5AAAAIIKNHe5JZ5vAD9ZFcNPVcaPnQuPLJwT+oN8FpwFAEfj3 root@ubuntu-xenial
ssh-rsa AAAAB3NzaC1yc2EAAAADAQABAAABAQCggqcGqD0iw4NWYbOwJAyCk276jeSyNUfaI5825ub7K7h8dnRZhixEupCSAv7Yr+9ffw3yeyxJF/z1P93C7yxaD+XdXnqyWShW6vHA1ASnKcO5tp2i5Fk2sKhhUTQwfHoLOFCl/ZV/4ewwH+Alx8DaInM1ZKSGnUqH8+pST6sEJsroReMaO1UEnP2orAwdKqwQjB4IFyp6Pxmn4DxHT98mJ6u3CrFGBKoPc2rxACSxnPj0ez2FhjlszEHhGs6MZKqK+gYjVAk4vXB2M2muvutVD9PhFnI6XnCZgLofof4WELbTbhooBpDziqsXmWr1Fqm1DYS3AZJ7YOsis41WVQ+n root@ubuntu-xenial
-----END SSH HOST KEY KEYS-----
[   10.990119] cloud-init[1356]: Cloud-init v. 21.1-19-gbad84ad4-0ubuntu1~16.04.2 running 'modules:final' at Fri, 17 Nov 2023 07:24:05 +0000. Up 10.89 seconds.
[   10.991085] cloud-init[1356]: ci-info: no authorized SSH keys fingerprints found for user ubuntu.
[   10.996454] cloud-init[1356]: Cloud-init v. 21.1-19-gbad84ad4-0ubuntu1~16.04.2 finished at Fri, 17 Nov 2023 07:24:05 +0000. Datasource DataSourceNoCloud [seed=/dev/sdb][dsmode=net].  Up 10.98 seconds
[[0;32m  OK  [0m] Started Execute cloud user/final scripts.
[[0;32m  OK  [0m] Reached target Cloud-init target.

Ubuntu 16.04.7 LTS ubuntu-xenial ttyS0

ubuntu-xenial login: 